Archive member included to satisfy reference by file (symbol)

/Applications/ArmGNUToolchain/13.2.Rel1/arm-none-eabi/bin/../lib/gcc/arm-none-eabi/13.2.1/thumb/v6-m/nofp/libgcc.a(_dvmd_tls.o)
                              CMakeFiles/Motor_controller.dir/Users/alazartegegnework/me433/Pico/pico-sdk/src/rp2_common/pico_divider/divider.S.obj (__aeabi_idiv0)
/Applications/ArmGNUToolchain/13.2.Rel1/arm-none-eabi/bin/../lib/gcc/arm-none-eabi/13.2.1/../../../../arm-none-eabi/lib/thumb/v6-m/nofp/libc.a(libc_a-atoi.o)
                              CMakeFiles/Motor_controller.dir/Motor_controller.c.obj (atoi)
/Applications/ArmGNUToolchain/13.2.Rel1/arm-none-eabi/bin/../lib/gcc/arm-none-eabi/13.2.1/../../../../arm-none-eabi/lib/thumb/v6-m/nofp/libc.a(libc_a-calloc.o)
                              CMakeFiles/Motor_controller.dir/Users/alazartegegnework/me433/Pico/pico-sdk/src/rp2_common/pico_malloc/pico_malloc.c.obj (calloc)
/Applications/ArmGNUToolchain/13.2.Rel1/arm-none-eabi/bin/../lib/gcc/arm-none-eabi/13.2.1/../../../../arm-none-eabi/lib/thumb/v6-m/nofp/libc.a(libc_a-callocr.o)
                              /Applications/ArmGNUToolchain/13.2.Rel1/arm-none-eabi/bin/../lib/gcc/arm-none-eabi/13.2.1/../../../../arm-none-eabi/lib/thumb/v6-m/nofp/libc.a(libc_a-calloc.o) (_calloc_r)
/Applications/ArmGNUToolchain/13.2.Rel1/arm-none-eabi/bin/../lib/gcc/arm-none-eabi/13.2.1/../../../../arm-none-eabi/lib/thumb/v6-m/nofp/libc.a(libc_a-malloc.o)
                              CMakeFiles/Motor_controller.dir/Users/alazartegegnework/me433/Pico/pico-sdk/src/rp2_common/pico_malloc/pico_malloc.c.obj (malloc)
/Applications/ArmGNUToolchain/13.2.Rel1/arm-none-eabi/bin/../lib/gcc/arm-none-eabi/13.2.1/../../../../arm-none-eabi/lib/thumb/v6-m/nofp/libc.a(libc_a-mallocr.o)
                              /Applications/ArmGNUToolchain/13.2.Rel1/arm-none-eabi/bin/../lib/gcc/arm-none-eabi/13.2.1/../../../../arm-none-eabi/lib/thumb/v6-m/nofp/libc.a(libc_a-callocr.o) (_malloc_r)
/Applications/ArmGNUToolchain/13.2.Rel1/arm-none-eabi/bin/../lib/gcc/arm-none-eabi/13.2.1/../../../../arm-none-eabi/lib/thumb/v6-m/nofp/libc.a(libc_a-mlock.o)
                              /Applications/ArmGNUToolchain/13.2.Rel1/arm-none-eabi/bin/../lib/gcc/arm-none-eabi/13.2.1/../../../../arm-none-eabi/lib/thumb/v6-m/nofp/libc.a(libc_a-mallocr.o) (__malloc_lock)
/Applications/ArmGNUToolchain/13.2.Rel1/arm-none-eabi/bin/../lib/gcc/arm-none-eabi/13.2.1/../../../../arm-none-eabi/lib/thumb/v6-m/nofp/libc.a(libc_a-realloc.o)
                              CMakeFiles/Motor_controller.dir/Users/alazartegegnework/me433/Pico/pico-sdk/src/rp2_common/pico_malloc/pico_malloc.c.obj (realloc)
/Applications/ArmGNUToolchain/13.2.Rel1/arm-none-eabi/bin/../lib/gcc/arm-none-eabi/13.2.1/../../../../arm-none-eabi/lib/thumb/v6-m/nofp/libc.a(libc_a-scanf.o)
                              CMakeFiles/Motor_controller.dir/Motor_controller.c.obj (scanf)
/Applications/ArmGNUToolchain/13.2.Rel1/arm-none-eabi/bin/../lib/gcc/arm-none-eabi/13.2.1/../../../../arm-none-eabi/lib/thumb/v6-m/nofp/libc.a(libc_a-reallocr.o)
                              /Applications/ArmGNUToolchain/13.2.Rel1/arm-none-eabi/bin/../lib/gcc/arm-none-eabi/13.2.1/../../../../arm-none-eabi/lib/thumb/v6-m/nofp/libc.a(libc_a-realloc.o) (_realloc_r)
/Applications/ArmGNUToolchain/13.2.Rel1/arm-none-eabi/bin/../lib/gcc/arm-none-eabi/13.2.1/../../../../arm-none-eabi/lib/thumb/v6-m/nofp/libc.a(libc_a-strtol.o)
                              /Applications/ArmGNUToolchain/13.2.Rel1/arm-none-eabi/bin/../lib/gcc/arm-none-eabi/13.2.1/../../../../arm-none-eabi/lib/thumb/v6-m/nofp/libc.a(libc_a-atoi.o) (_strtol_r)
/Applications/ArmGNUToolchain/13.2.Rel1/arm-none-eabi/bin/../lib/gcc/arm-none-eabi/13.2.1/../../../../arm-none-eabi/lib/thumb/v6-m/nofp/libc.a(libc_a-memmove.o)
                              /Applications/ArmGNUToolchain/13.2.Rel1/arm-none-eabi/bin/../lib/gcc/arm-none-eabi/13.2.1/../../../../arm-none-eabi/lib/thumb/v6-m/nofp/libc.a(libc_a-reallocr.o) (memmove)
/Applications/ArmGNUToolchain/13.2.Rel1/arm-none-eabi/bin/../lib/gcc/arm-none-eabi/13.2.1/../../../../arm-none-eabi/lib/thumb/v6-m/nofp/libc.a(libc_a-impure.o)
                              /Applications/ArmGNUToolchain/13.2.Rel1/arm-none-eabi/bin/../lib/gcc/arm-none-eabi/13.2.1/../../../../arm-none-eabi/lib/thumb/v6-m/nofp/libc.a(libc_a-calloc.o) (_impure_ptr)
/Applications/ArmGNUToolchain/13.2.Rel1/arm-none-eabi/bin/../lib/gcc/arm-none-eabi/13.2.1/../../../../arm-none-eabi/lib/thumb/v6-m/nofp/libc.a(libc_a-sbrkr.o)
                              /Applications/ArmGNUToolchain/13.2.Rel1/arm-none-eabi/bin/../lib/gcc/arm-none-eabi/13.2.1/../../../../arm-none-eabi/lib/thumb/v6-m/nofp/libc.a(libc_a-mallocr.o) (_sbrk_r)
/Applications/ArmGNUToolchain/13.2.Rel1/arm-none-eabi/bin/../lib/gcc/arm-none-eabi/13.2.1/../../../../arm-none-eabi/lib/thumb/v6-m/nofp/libc.a(libc_a-errno.o)
[...]
Memory Configuration

Name             Origin             Length             Attributes
FLASH            0x10000000         0x00200000         xr
RAM              0x20000000         0x00040000         xrw
SCRATCH_X        0x20040000         0x00001000         xrw
SCRATCH_Y        0x20041000         0x00001000         xrw
*default*        0x00000000         0xffffffff

Linker script and memory map

LOAD /Applications/ArmGNUToolchain/13.2.Rel1/arm-none-eabi/bin/../lib/gcc/arm-none-eabi/13.2.1/thumb/v6-m/nofp/crti.o
LOAD /Applications/ArmGNUToolchain/13.2.Rel1/arm-none-eabi/bin/../lib/gcc/arm-none-eabi/13.2.1/thumb/v6-m/nofp/crtbegin.o
LOAD /Applications/ArmGNUToolchain/13.2.Rel1/arm-none-eabi/bin/../lib/gcc/arm-none-eabi/13.2.1/../../../../arm-none-eabi/lib/thumb/v6-m/nofp/crt0.o

.flash_begin    0x10000000        0x0
                0x10000000                        __flash_binary_start = .

.boot2          0x10000000      0x100
                0x10000000                        __boot2_start__ = .
 *(.boot2)
 .boot2         0x10000000      0x100 /var/folders/dh/47h3w2hd0k9_3hlr7cvkycsm0000gn/T//ccKVYQNI.o
                0x10000100                        __boot2_end__ = .
                0x00000001                        ASSERT (((__boot2_end__ - __boot2_start__) == 0x100), ERROR: Pico second stage bootloader must be 256 bytes in size)

.text           0x10000100     0xcf08
                0x10000100                        __logical_binary_start = .
 *(.vectors)
 .vectors       0x10000100       0xd4 CMakeFiles/Motor_controller.dir/Users/alazartegegnework/me433/Pico/pico-sdk/src/rp2_common/pico_standard_link/crt0.S.obj
                0x10000100                __VECTOR_TABLE
                0x10000100                __vectors
                0x100001c0                __default_isrs_start
                0x100001c0                isr_invalid
                0x100001c2                isr_nmi
                0x100001c4                isr_hardfault
                0x100001c6                isr_svcall
                0x100001c8                isr_pendsv
                0x100001ca                isr_systick
                0x100001cc                isr_irq28
                0x100001cc                isr_irq19
                0x100001cc                isr_irq0
                0x100001cc                isr_irq6
                0x100001cc                isr_irq22
                0x100001cc                isr_irq17
                0x100001cc                isr_irq14
                0x100001cc                isr_irq2
                0x100001cc                isr_irq10
                0x100001cc                isr_irq8
                0x100001cc                isr_irq24
                0x100001cc                isr_irq1
                0x100001cc                isr_irq7
                0x100001cc                isr_irq21
                0x100001cc                isr_irq20
                0x100001cc                isr_irq15
                0x100001cc                isr_irq25
                0x100001cc                isr_irq4
                0x100001cc                isr_irq16
                0x100001cc                isr_irq29
                0x100001cc                isr_irq26
                0x100001cc                __default_isrs_end
                0x100001cc                isr_irq3
                0x100001cc                isr_irq9
                0x100001cc                __unhandled_user_irq
                0x100001cc                isr_irq13
                0x100001cc                isr_irq27
                0x100001cc                isr_irq31
                0x100001cc                isr_irq5
                0x100001cc                isr_irq11
                0x100001cc                isr_irq23
                0x100001cc                isr_irq18
                0x100001cc                isr_irq30
                0x100001cc                isr_irq12
                0x100001d2                unhandled_user_irq_num_in_r0
 *(.binary_info_header)
 .binary_info_header
                0x100001d4       0x14 CMakeFiles/Motor_controller.dir/Users/alazartegegnework/me433/Pico/pico-sdk/src/rp2_common/pico_standard_link/crt0.S.obj
                0x100001e8                        __binary_info_header_end = .
 *(.reset)
 .reset         0x100001e8       0xa0 CMakeFiles/Motor_controller.dir/Users/alazartegegnework/me433/Pico/pico-sdk/src/rp2_common/pico_standard_link/crt0.S.obj
                0x100001e8                _entry_point
 .reset         0x10000288       0x30 CMakeFiles/Motor_controller.dir/Users/alazartegegnework/me433/Pico/pico-sdk/src/rp2_common/pico_standard_link/binary_info.c.obj
 *(.init)
 .init          0x100002b8        0x4 /Applications/ArmGNUToolchain/13.2.Rel1/arm-none-eabi/bin/../lib/gcc/arm-none-eabi/13.2.1/thumb/v6-m/nofp/crti.o
                0x100002b8                _init
 *(EXCLUDE_FILE(*libm.a: *libc.a:*lib_a-mem*.o *libgcc.a:) .text*)
 .text.register_tm_clones
                0x100002bc       0x28 /Applications/ArmGNUToolchain/13.2.Rel1/arm-none-eabi/bin/../lib/gcc/arm-none-eabi/13.2.1/thumb/v6-m/nofp/crtbegin.o
 .text.frame_dummy
                0x100002e4       0x24 /Applications/ArmGNUToolchain/13.2.Rel1/arm-none-eabi/bin/../lib/gcc/arm-none-eabi/13.2.1/thumb/v6-m/nofp/crtbegin.o
 .text.my_pwm_init
                0x10000308       0x4c CMakeFiles/Motor_controller.dir/Motor_controller.c.obj
                0x10000308                my_pwm_init
 .text.set_motors_speed
                0x10000354       0xa4 CMakeFiles/Motor_controller.dir/Motor_controller.c.obj
                0x10000354                set_motors_speed
 .text.startup.main
                0x100003f8       0x78 CMakeFiles/Motor_controller.dir/Motor_controller.c.obj
                0x100003f8                main
 .text.gpio_set_function
                0x10000470       0x30 CMakeFiles/Motor_controller.dir/Users/alazartegegnework/me433/Pico/pico-sdk/src/rp2_common/hardware_gpio/gpio.c.obj
                0x10000470                gpio_set_function
 .text.gpio_init
                0x100004a0       0x3c CMakeFiles/Motor_controller.dir/Users/alazartegegnework/me433/Pico/pico-sdk/src/rp2_common/hardware_gpio/gpio.c.obj
                0x100004a0                gpio_init
 .text.running_on_fpga
                0x100004dc       0x10 CMakeFiles/Motor_controller.dir/Users/alazartegegnework/me433/Pico/pico-sdk/src/rp2_common/pico_platform/platform.c.obj
                0x100004dc                running_on_fpga
 .text.hw_claim_or_assert
                0x100004ec       0x44 CMakeFiles/Motor_controller.dir/Users/alazartegegnework/me433/Pico/pico-sdk/src/rp2_common/hardware_claim/claim.c.obj
                0x100004ec                hw_claim_or_assert
 .text.hw_claim_unused_from_range
                0x10000530       0x9c CMakeFiles/Motor_controller.dir/Users/alazartegegnework/me433/Pico/pico-sdk/src/rp2_common/hardware_claim/claim.c.obj
                0x10000530                hw_claim_unused_from_range
 .text.spin_locks_reset
                0x100005cc       0x1c CMakeFiles/Motor_controller.dir/Users/alazartegegnework/me433/Pico/pico-sdk/src/rp2_common/hardware_sync/sync.c.obj
                0x100005cc                spin_locks_reset
 .text.next_striped_spin_lock_num
                0x100005e8       0x18 CMakeFiles/Motor_controller.dir/Users/alazartegegnework/me433/Pico/pico-sdk/src/rp2_common/hardware_sync/sync.c.obj
                0x100005e8                next_striped_spin_lock_num
 .text.spin_lock_claim_unused
                0x10000600       0x24 CMakeFiles/Motor_controller.dir/Users/alazartegegnework/me433/Pico/pico-sdk/src/rp2_common/hardware_sync/sync.c.obj
                0x10000600                spin_lock_claim_unused
 .text.irq_set_enabled
                0x10000624       0x24 CMakeFiles/Motor_controller.dir/Users/alazartegegnework/me433/Pico/pico-sdk/src/rp2_common/hardware_irq/irq.c.obj
                0x10000624                irq_set_enabled
 .text.irq_set_pending
                0x10000648       0x10 CMakeFiles/Motor_controller.dir/Users/alazartegegnework/me433/Pico/pico-sdk/src/rp2_common/hardware_irq/irq.c.obj
                0x10000648                irq_set_pending
 .text.irq_has_shared_handler
                0x10000658       0x2c CMakeFiles/Motor_controller.dir/Users/alazartegegnework/me433/Pico/pico-sdk/src/rp2_common/hardware_irq/irq.c.obj
                0x10000658                irq_has_shared_handler
 .text.irq_get_vtable_handler
                0x10000684       0x10 CMakeFiles/Motor_controller.dir/Users/alazartegegnework/me433/Pico/pico-sdk/src/rp2_common/hardware_irq/irq.c.obj
                0x10000684                irq_get_vtable_handler
 .text.irq_set_exclusive_handler
                0x10000694       0x54 CMakeFiles/Motor_controller.dir/Users/alazartegegnework/me433/Pico/pico-sdk/src/rp2_common/hardware_irq/irq.c.obj
                0x10000694                irq_set_exclusive_handler
 .text.irq_add_shared_handler
                0x100006e8      0x1f4 CMakeFiles/Motor_controller.dir/Users/alazartegegnework/me433/Pico/pico-sdk/src/rp2_common/hardware_irq/irq.c.obj
                0x100006e8                irq_add_shared_handler
 .text.irq_remove_handler
                0x100008dc      0x1c4 CMakeFiles/Motor_controller.dir/Users/alazartegegnework/me433/Pico/pico-sdk/src/rp2_common/hardware_irq/irq.c.obj
                0x100008dc                irq_remove_handler
 .text.irq_add_tail_to_free_list
                0x10000aa0       0xb4 CMakeFiles/Motor_controller.dir/Users/alazartegegnework/me433/Pico/pico-sdk/src/rp2_common/hardware_irq/irq.c.obj
                0x10000aa0                irq_add_tail_to_free_list
 .text.irq_init_priorities
                0x10000b54       0x24 CMakeFiles/Motor_controller.dir/Users/alazartegegnework/me433/Pico/pico-sdk/src/rp2_common/hardware_irq/irq.c.obj
                0x10000b54                irq_init_priorities
 .text.user_irq_claim_unused
                0x10000b78       0x2c CMakeFiles/Motor_controller.dir/Users/alazartegegnework/me433/Pico/pico-sdk/src/rp2_common/hardware_irq/irq.c.obj
                0x10000b78                user_irq_claim_unused
 .text.lock_init
                0x10000ba4       0x10 CMakeFiles/Motor_controller.dir/Users/alazartegegnework/me433/Pico/pico-sdk/src/common/pico_sync/lock_core.c.obj
                0x10000ba4                lock_init
 .text.mutex_init
                0x10000bb4       0x1c CMakeFiles/Motor_controller.dir/Users/alazartegegnework/me433/Pico/pico-sdk/src/common/pico_sync/mutex.c.obj
                0x10000bb4                mutex_init
 .text.recursive_mutex_init
                0x10000bd0       0x1c CMakeFiles/Motor_controller.dir/Users/alazartegegnework/me433/Pico/pico-sdk/src/common/pico_sync/mutex.c.obj
                0x10000bd0                recursive_mutex_init
 .text.critical_section_init
                0x10000bec       0x1c CMakeFiles/Motor_controller.dir/Users/alazartegegnework/me433/Pico/pico-sdk/src/common/pico_sync/critical_section.c.obj
                0x10000bec                critical_section_init
 .text.critical_section_init_with_lock_num
                0x10000c08       0x14 CMakeFiles/Motor_controller.dir/Users/alazartegegnework/me433/Pico/pico-sdk/src/common/pico_sync/critical_section.c.obj
                0x10000c08                critical_section_init_with_lock_num
 .text.timer_pool_entry_comparator
                0x10000c1c       0x34 CMakeFiles/Motor_controller.dir/Users/alazartegegnework/me433/Pico/pico-sdk/src/common/pico_time/time.c.obj
                0x10000c1c                timer_pool_entry_comparator
 .text.sleep_until_callback
                0x10000c50       0x30 CMakeFiles/Motor_controller.dir/Users/alazartegegnework/me433/Pico/pico-sdk/src/common/pico_time/time.c.obj
 .text.add_alarm_under_lock.isra.0
                0x10000c80      0x100 CMakeFiles/Motor_controller.dir/Users/alazartegegnework/me433/Pico/pico-sdk/src/common/pico_time/time.c.obj
 .text.alarm_pool_alarm_callback
                0x10000d80      0x1c0 CMakeFiles/Motor_controller.dir/Users/alazartegegnework/me433/Pico/pico-sdk/src/common/pico_time/time.c.obj
 .text.alarm_pool_init_default
                0x10000f40       0x6c CMakeFiles/Motor_controller.dir/Users/alazartegegnework/me433/Pico/pico-sdk/src/common/pico_time/time.c.obj
                0x10000f40                alarm_pool_init_default
 .text.alarm_pool_get_default
                0x10000fac        0x8 CMakeFiles/Motor_controller.dir/Users/alazartegegnework/me433/Pico/pico-sdk/src/common/pico_time/time.c.obj
                0x10000fac                alarm_pool_get_default
 .text.alarm_pool_add_alarm_at
                0x10000fb4      0x17c CMakeFiles/Motor_controller.dir/Users/alazartegegnework/me433/Pico/pico-sdk/src/common/pico_time/time.c.obj
                0x10000fb4                alarm_pool_add_alarm_at
 .text.alarm_pool_core_num
                0x10001130        0x4 CMakeFiles/Motor_controller.dir/Users/alazartegegnework/me433/Pico/pico-sdk/src/common/pico_time/time.c.obj
                0x10001130                alarm_pool_core_num
 .text.sleep_until
                0x10001134       0xc4 CMakeFiles/Motor_controller.dir/Users/alazartegegnework/me433/Pico/pico-sdk/src/common/pico_time/time.c.obj
                0x10001134                sleep_until
 .text.sleep_ms
                0x100011f8       0x38 CMakeFiles/Motor_controller.dir/Users/alazartegegnework/me433/Pico/pico-sdk/src/common/pico_time/time.c.obj
                0x100011f8                sleep_ms
 .text.best_effort_wfe_or_timeout
                0x10001230       0xcc CMakeFiles/Motor_controller.dir/Users/alazartegegnework/me433/Pico/pico-sdk/src/common/pico_time/time.c.obj
                0x10001230                best_effort_wfe_or_timeout
 .text.hardware_alarm_irq_handler
                0x100012fc       0xbc CMakeFiles/Motor_controller.dir/Users/alazartegegnework/me433/Pico/pico-sdk/src/rp2_common/hardware_timer/timer.c.obj
 .text.hardware_alarm_claim
                0x100013b8       0x18 CMakeFiles/Motor_controller.dir/Users/alazartegegnework/me433/Pico/pico-sdk/src/rp2_common/hardware_timer/timer.c.obj
                0x100013b8                hardware_alarm_claim
 .text.time_us_64
                0x100013d0       0x14 CMakeFiles/Motor_controller.dir/Users/alazartegegnework/me433/Pico/pico-sdk/src/rp2_common/hardware_timer/timer.c.obj
                0x100013d0                time_us_64
 .text.busy_wait_us
                0x100013e4       0x68 CMakeFiles/Motor_controller.dir/Users/alazartegegnework/me433/Pico/pico-sdk/src/rp2_common/hardware_timer/timer.c.obj
                0x100013e4                busy_wait_us
 .text.busy_wait_until
                0x1000144c       0x20 CMakeFiles/Motor_controller.dir/Users/alazartegegnework/me433/Pico/pico-sdk/src/rp2_common/hardware_timer/timer.c.obj
                0x1000144c                busy_wait_until
 .text.hardware_alarm_set_callback
                0x1000146c       0x8c CMakeFiles/Motor_controller.dir/Users/alazartegegnework/me433/Pico/pico-sdk/src/rp2_common/hardware_timer/timer.c.obj
                0x1000146c                hardware_alarm_set_callback
 .text.hardware_alarm_set_target
                0x100014f8       0xd0 CMakeFiles/Motor_controller.dir/Users/alazartegegnework/me433/Pico/pico-sdk/src/rp2_common/hardware_timer/timer.c.obj
                0x100014f8                hardware_alarm_set_target
 .text.hardware_alarm_cancel
                0x100015c8       0x3c CMakeFiles/Motor_controller.dir/Users/alazartegegnework/me433/Pico/pico-sdk/src/rp2_common/hardware_timer/timer.c.obj
                0x100015c8                hardware_alarm_cancel
 .text.ph_merge_nodes
                0x10001604       0x58 CMakeFiles/Motor_controller.dir/Users/alazartegegnework/me433/Pico/pico-sdk/src/common/pico_util/pheap.c.obj
 .text.ph_post_alloc_init
                0x1000165c       0x3c CMakeFiles/Motor_controller.dir/Users/alazartegegnework/me433/Pico/pico-sdk/src/common/pico_util/pheap.c.obj
                0x1000165c                ph_post_alloc_init
 .text.ph_merge_two_pass
                0x10001698       0x8c CMakeFiles/Motor_controller.dir/Users/alazartegegnework/me433/Pico/pico-sdk/src/common/pico_util/pheap.c.obj
                0x10001698                ph_merge_two_pass
 .text.ph_remove_any_head
                0x10001724      0x100 CMakeFiles/Motor_controller.dir/Users/alazartegegnework/me433/Pico/pico-sdk/src/common/pico_util/pheap.c.obj
 .text.ph_remove_head
                0x10001824      0x104 CMakeFiles/Motor_controller.dir/Users/alazartegegnework/me433/Pico/pico-sdk/src/common/pico_util/pheap.c.obj
                0x10001824                ph_remove_head
 .text.ph_remove_and_free_node
                0x10001928       0x78 CMakeFiles/Motor_controller.dir/Users/alazartegegnework/me433/Pico/pico-sdk/src/common/pico_util/pheap.c.obj
                0x10001928                ph_remove_and_free_node
 .text.clocks_init
                0x100019a0      0x2c8 CMakeFiles/Motor_controller.dir/Users/alazartegegnework/me433/Pico/pico-sdk/src/rp2_common/hardware_clocks/clocks.c.obj
                0x100019a0                clocks_init
 .text.pll_init
                0x10001c68       0xa4 CMakeFiles/Motor_controller.dir/Users/alazartegegnework/me433/Pico/pico-sdk/src/rp2_common/hardware_pll/pll.c.obj
                0x10001c68                pll_init
 .text.watchdog_start_tick
                0x10001d0c       0x10 CMakeFiles/Motor_controller.dir/Users/alazartegegnework/me433/Pico/pico-sdk/src/rp2_common/hardware_watchdog/watchdog.c.obj
                0x10001d0c                watchdog_start_tick
 .text.watchdog_reboot
                0x10001d1c       0x9c CMakeFiles/Motor_controller.dir/Users/alazartegegnework/me433/Pico/pico-sdk/src/rp2_common/hardware_watchdog/watchdog.c.obj
                0x10001d1c                watchdog_reboot
 .text.xosc_init
                0x10001db8       0x28 CMakeFiles/Motor_controller.dir/Users/alazartegegnework/me433/Pico/pico-sdk/src/rp2_common/hardware_xosc/xosc.c.obj
                0x10001db8                xosc_init
 .text.runtime_init
                0x10001de0       0xf0 CMakeFiles/Motor_controller.dir/Users/alazartegegnework/me433/Pico/pico-sdk/src/rp2_common/pico_runtime/runtime.c.obj
                0x10001de0                runtime_init
 .text._exit    0x10001ed0        0x4 CMakeFiles/Motor_controller.dir/Users/alazartegegnework/me433/Pico/pico-sdk/src/rp2_common/pico_runtime/runtime.c.obj
                0x10001ed0                _exit
 .text._sbrk    0x10001ed4       0x34 CMakeFiles/Motor_controller.dir/Users/alazartegegnework/me433/Pico/pico-sdk/src/rp2_common/pico_runtime/runtime.c.obj
                0x10001ed4                _sbrk
 .text.exit     0x10001f08        0x8 CMakeFiles/Motor_controller.dir/Users/alazartegegnework/me433/Pico/pico-sdk/src/rp2_common/pico_runtime/runtime.c.obj
                0x10001f08                exit
 .text.__assert_func
                0x10001f10       0x38 CMakeFiles/Motor_controller.dir/Users/alazartegegnework/me433/Pico/pico-sdk/src/rp2_common/pico_runtime/runtime.c.obj
                0x10001f10                __assert_func
 .text.panic    0x10001f48       0x30 CMakeFiles/Motor_controller.dir/Users/alazartegegnework/me433/Pico/pico-sdk/src/rp2_common/pico_runtime/runtime.c.obj
                0x10001f48                panic
 .text.hard_assertion_failure
                0x10001f78        0xc CMakeFiles/Motor_controller.dir/Users/alazartegegnework/me433/Pico/pico-sdk/src/rp2_common/pico_runtime/runtime.c.obj
                0x10001f78                hard_assertion_failure
 .text._out_buffer
                0x10001f84        0x8 CMakeFiles/Motor_controller.dir/Users/alazartegegnework/me433/Pico/pico-sdk/src/rp2_common/pico_printf/printf.c.obj
 .text._out_null
                0x10001f8c        0x4 CMakeFiles/Motor_controller.dir/Users/alazartegegnework/me433/Pico/pico-sdk/src/rp2_common/pico_printf/printf.c.obj
 .text._out_rev
                0x10001f90       0xac CMakeFiles/Motor_controller.dir/Users/alazartegegnework/me433/Pico/pico-sdk/src/rp2_common/pico_printf/printf.c.obj
 .text._ntoa_format
                0x1000203c      0x250 CMakeFiles/Motor_controller.dir/Users/alazartegegnework/me433/Pico/pico-sdk/src/rp2_common/pico_printf/printf.c.obj
 .text._out_char
                0x1000228c       0x10 CMakeFiles/Motor_controller.dir/Users/alazartegegnework/me433/Pico/pico-sdk/src/rp2_common/pico_printf/printf.c.obj
 .text._out_fct
                0x1000229c       0x10 CMakeFiles/Motor_controller.dir/Users/alazartegegnework/me433/Pico/pico-sdk/src/rp2_common/pico_printf/printf.c.obj
 .text._etoa    0x100022ac      0x464 CMakeFiles/Motor_controller.dir/Users/alazartegegnework/me433/Pico/pico-sdk/src/rp2_common/pico_printf/printf.c.obj
 .text._ftoa    0x10002710      0x3c0 CMakeFiles/Motor_controller.dir/Users/alazartegegnework/me433/Pico/pico-sdk/src/rp2_common/pico_printf/printf.c.obj
 .text._vsnprintf
                0x10002ad0      0xbc8 CMakeFiles/Motor_controller.dir/Users/alazartegegnework/me433/Pico/pico-sdk/src/rp2_common/pico_printf/printf.c.obj
 .text.__wrap_sprintf
                0x10003698       0x2c CMakeFiles/Motor_controller.dir/Users/alazartegegnework/me433/Pico/pico-sdk/src/rp2_common/pico_printf/printf.c.obj
                0x10003698                __wrap_sprintf
 .text.vfctprintf
                0x100036c4       0x20 CMakeFiles/Motor_controller.dir/Users/alazartegegnework/me433/Pico/pico-sdk/src/rp2_common/pico_printf/printf.c.obj
                0x100036c4                vfctprintf
 .text.weak_raw_printf
                0x100036e4       0x40 CMakeFiles/Motor_controller.dir/Users/alazartegegnework/me433/Pico/pico-sdk/src/rp2_common/pico_printf/printf.c.obj
                0x100036e4                weak_raw_printf
 .text.weak_raw_vprintf
                0x10003724       0x30 CMakeFiles/Motor_controller.dir/Users/alazartegegnework/me433/Pico/pico-sdk/src/rp2_common/pico_printf/printf.c.obj
                0x10003724                weak_raw_vprintf
 .text          0x10003754       0x10 CMakeFiles/Motor_controller.dir/Users/alazartegegnework/me433/Pico/pico-sdk/src/rp2_common/pico_bit_ops/bit_ops_aeabi.S.obj
 .text.rom_func_lookup
                0x10003764       0x10 CMakeFiles/Motor_controller.dir/Users/alazartegegnework/me433/Pico/pico-sdk/src/rp2_common/pico_bootrom/bootrom.c.obj
                0x10003764                rom_func_lookup
 .text.rom_data_lookup
                0x10003774       0x10 CMakeFiles/Motor_controller.dir/Users/alazartegegnework/me433/Pico/pico-sdk/src/rp2_common/pico_bootrom/bootrom.c.obj
                0x10003774                rom_data_lookup
 .text.rom_funcs_lookup
                0x10003784       0x44 CMakeFiles/Motor_controller.dir/Users/alazartegegnework/me433/Pico/pico-sdk/src/rp2_common/pico_bootrom/bootrom.c.obj
                0x10003784                rom_funcs_lookup
 .text.__wrap___aeabi_idiv
                0x100037c8       0x50 CMakeFiles/Motor_controller.dir/Users/alazartegegnework/me433/Pico/pico-sdk/src/rp2_common/pico_divider/divider.S.obj
                0x100037c8                __wrap___aeabi_idivmod
                0x100037c8                divmod_s32s32
                0x100037c8                div_s32s32
                0x100037c8                __wrap___aeabi_idiv
                0x100037d0                divmod_s32s32_unsafe
                0x100037fc                divmod_s32s32_savestate
 .text.__wrap___aeabi_uidiv
                0x10003818       0x4c CMakeFiles/Motor_controller.dir/Users/alazartegegnework/me433/Pico/pico-sdk/src/rp2_common/pico_divider/divider.S.obj
                0x10003818                __wrap___aeabi_uidiv
                0x10003818                __wrap___aeabi_uidivmod
                0x10003818                div_u32u32
                0x10003818                divmod_u32u32
                0x10003820                divmod_u32u32_unsafe
                0x10003848                divmod_u32u32_savestate
 .text.__wrap___aeabi_ldiv
                0x10003864      0x424 CMakeFiles/Motor_controller.dir/Users/alazartegegnework/me433/Pico/pico-sdk/src/rp2_common/pico_divider/divider.S.obj
                0x10003864                __wrap___aeabi_ldivmod
                0x10003864                div_s64s64
                0x10003864                divmod_s64s64
                0x10003894                divmod_u64u64
                0x10003894                div_u64u64
                0x10003894                __wrap___aeabi_uldivmod
                0x100038a4                divmod_u64u64_savestate
                0x100038c4                divmod_s64s64_unsafe
                0x1000394c                divmod_u64u64_unsafe
 .text.__wrap___aeabi_darithmetic
                0x10003c88       0x80 CMakeFiles/Motor_controller.dir/Users/alazartegegnework/me433/Pico/pico-sdk/src/rp2_common/pico_double/double_aeabi.S.obj
                0x10003c88                __wrap___aeabi_drsub
                0x10003c8e                __wrap___aeabi_dsub
                0x10003ca0                __wrap___aeabi_dadd
                0x10003cb2                __wrap___aeabi_ddiv
                0x10003cee                __wrap___aeabi_dmul
 .text.__wrap___aeabi_cdcmple
                0x10003d08       0x6c CMakeFiles/Motor_controller.dir/Users/alazartegegnework/me433/Pico/pico-sdk/src/rp2_common/pico_double/double_aeabi.S.obj
                0x10003d08                __wrap___aeabi_cdrcmple
                0x10003d18                __wrap___aeabi_cdcmple
                0x10003d18                __wrap___aeabi_cdcmpeq
 .text.__wrap___aeabi_dcmpeq
                0x10003d74       0x10 CMakeFiles/Motor_controller.dir/Users/alazartegegnework/me433/Pico/pico-sdk/src/rp2_common/pico_double/double_aeabi.S.obj
                0x10003d74                __wrap___aeabi_dcmpeq
 .text.__wrap___aeabi_dcmplt
                0x10003d84        0xc CMakeFiles/Motor_controller.dir/Users/alazartegegnework/me433/Pico/pico-sdk/src/rp2_common/pico_double/double_aeabi.S.obj
                0x10003d84                __wrap___aeabi_dcmplt
 .text.__wrap___aeabi_dcmple
                0x10003d90       0x10 CMakeFiles/Motor_controller.dir/Users/alazartegegnework/me433/Pico/pico-sdk/src/rp2_common/pico_double/double_aeabi.S.obj
                0x10003d90                __wrap___aeabi_dcmple
 .text.__wrap___aeabi_dcmpge
                0x10003da0       0x10 CMakeFiles/Motor_controller.dir/Users/alazartegegnework/me433/Pico/pico-sdk/src/rp2_common/pico_double/double_aeabi.S.obj
                0x10003da0                __wrap___aeabi_dcmpge
 .text.__wrap___aeabi_dcmpgt
                0x10003db0        0xa CMakeFiles/Motor_controller.dir/Users/alazartegegnework/me433/Pico/pico-sdk/src/rp2_common/pico_double/double_aeabi.S.obj
                0x10003db0                __wrap___aeabi_dcmpgt
 .text.__wrap___aeabi_dcmpun
                0x10003dba       0x1c CMakeFiles/Motor_controller.dir/Users/alazartegegnework/me433/Pico/pico-sdk/src/rp2_common/pico_double/double_aeabi.S.obj
                0x10003dba                __wrap___aeabi_dcmpun
 *fill*         0x10003dd6        0x2 
 .text.__wrap___aeabi_i2d
                0x10003dd8       0x38 CMakeFiles/Motor_controller.dir/Users/alazartegegnework/me433/Pico/pico-sdk/src/rp2_common/pico_double/double_aeabi.S.obj
                0x10003dd8                __wrap___aeabi_ui2d
                0x10003de0                __wrap___aeabi_i2d
 .text.__wrap___aeabi_d2iz
                0x10003e10       0x48 CMakeFiles/Motor_controller.dir/Users/alazartegegnework/me433/Pico/pico-sdk/src/rp2_common/pico_double/double_aeabi.S.obj
                0x10003e10                __wrap___aeabi_d2iz
                0x10003e10                double2int_z
 .text.__wrap___aeabi_d2uiz
                0x10003e58       0x18 CMakeFiles/Motor_controller.dir/Users/alazartegegnework/me433/Pico/pico-sdk/src/rp2_common/pico_double/double_aeabi.S.obj
                0x10003e58                double2uint
                0x10003e58                __wrap___aeabi_d2uiz
 .text.__wrap___aeabi_l2d
                0x10003e70       0x18 CMakeFiles/Motor_controller.dir/Users/alazartegegnework/me433/Pico/pico-sdk/src/rp2_common/pico_double/double_aeabi.S.obj
                0x10003e70                __wrap___aeabi_l2d
 .text.__wrap___aeabi_d2lz
                0x10003e88       0x26 CMakeFiles/Motor_controller.dir/Users/alazartegegnework/me433/Pico/pico-sdk/src/rp2_common/pico_double/double_aeabi.S.obj
                0x10003e88                __wrap___aeabi_d2lz
                0x10003e88                double2int64_z
 *fill*         0x10003eae        0x2 
 .text.double2int64
                0x10003eb0       0x18 CMakeFiles/Motor_controller.dir/Users/alazartegegnework/me433/Pico/pico-sdk/src/rp2_common/pico_double/double_aeabi.S.obj
                0x10003eb0                double2int64
 .text.double2ufix64
                0x10003ec8       0x18 CMakeFiles/Motor_controller.dir/Users/alazartegegnework/me433/Pico/pico-sdk/src/rp2_common/pico_double/double_aeabi.S.obj
                0x10003ec8                double2ufix64
 .text.__wrap___aeabi_d2f
                0x10003ee0       0x18 CMakeFiles/Motor_controller.dir/Users/alazartegegnework/me433/Pico/pico-sdk/src/rp2_common/pico_double/double_aeabi.S.obj
                0x10003ee0                __wrap___aeabi_d2f
 .text.__aeabi_double_init
                0x10003ef8       0x98 CMakeFiles/Motor_controller.dir/Users/alazartegegnework/me433/Pico/pico-sdk/src/rp2_common/pico_double/double_init_rom.c.obj
                0x10003ef8                __aeabi_double_init
 .text.double_table_shim_on_use_helper
                0x10003f90       0x2c CMakeFiles/Motor_controller.dir/Users/alazartegegnework/me433/Pico/pico-sdk/src/rp2_common/pico_double/double_v1_rom_shim.S.obj
                0x10003f90                double_table_shim_on_use_helper
 .text.__wrap___aeabi_dsub
                0x10003fbc       0x10 CMakeFiles/Motor_controller.dir/Users/alazartegegnework/me433/Pico/pico-sdk/src/rp2_common/pico_double/double_v1_rom_shim.S.obj
                0x10003fbc                drsub_shim
                0x10003fc2                dsub_shim
 .text.dadd_shim
                0x10003fcc      0x15c CMakeFiles/Motor_controller.dir/Users/alazartegegnework/me433/Pico/pico-sdk/src/rp2_common/pico_double/double_v1_rom_shim.S.obj
                0x10003fcc                dadd_shim
 .text.dmul_shim
                0x10004128      0x15c CMakeFiles/Motor_controller.dir/Users/alazartegegnework/me433/Pico/pico-sdk/src/rp2_common/pico_double/double_v1_rom_shim.S.obj
                0x10004128                dmul_shim
 .text.ddiv_shim
                0x10004284      0x1b0 CMakeFiles/Motor_controller.dir/Users/alazartegegnework/me433/Pico/pico-sdk/src/rp2_common/pico_double/double_v1_rom_shim.S.obj
                0x10004284                ddiv_shim
 .text.double2uint_shim
                0x10004434        0xe CMakeFiles/Motor_controller.dir/Users/alazartegegnework/me433/Pico/pico-sdk/src/rp2_common/pico_double/double_v1_rom_shim.S.obj
                0x10004434                double2uint_shim
                0x10004436                double2ufix_shim
 .text.double2int64_shim
                0x10004442       0x1a CMakeFiles/Motor_controller.dir/Users/alazartegegnework/me433/Pico/pico-sdk/src/rp2_common/pico_double/double_v1_rom_shim.S.obj
                0x10004442                double2int64_shim
                0x10004444                double2fix64_shim
 .text.double2uint64_shim
                0x1000445c       0x70 CMakeFiles/Motor_controller.dir/Users/alazartegegnework/me433/Pico/pico-sdk/src/rp2_common/pico_double/double_v1_rom_shim.S.obj
                0x1000445c                double2uint64_shim
                0x1000445e                double2ufix64_shim
                0x1000447e                d2fix_a
 .text.double2float_shim
                0x100044cc       0x5c CMakeFiles/Motor_controller.dir/Users/alazartegegnework/me433/Pico/pico-sdk/src/rp2_common/pico_double/double_v1_rom_shim.S.obj
                0x100044cc                double2float_shim
 .text.x2double_shims
                0x10004528       0x90 CMakeFiles/Motor_controller.dir/Users/alazartegegnework/me433/Pico/pico-sdk/src/rp2_common/pico_double/double_v1_rom_shim.S.obj
                0x10004528                uint2double_shim
                0x1000452a                ufix2double_shim
                0x10004530                int2double_shim
                0x10004532                fix2double_shim
                0x10004538                uint642double_shim
                0x1000453a                ufix642double_shim
                0x10004540                int642double_shim
                0x10004542                fix642double_shim
 .text.dunpacks
                0x100045b8       0x3c CMakeFiles/Motor_controller.dir/Users/alazartegegnework/me433/Pico/pico-sdk/src/rp2_common/pico_double/double_v1_rom_shim.S.obj
                0x100045b8                dunpacks
 .text.__aeabi_lmul
                0x100045f4       0x32 CMakeFiles/Motor_controller.dir/Users/alazartegegnework/me433/Pico/pico-sdk/src/rp2_common/pico_int64_ops/pico_int64_ops_aeabi.S.obj
                0x100045f4                __wrap___aeabi_lmul
 *fill*         0x10004626        0x2 
 .text.__aeabi_float_init
                0x10004628       0x64 CMakeFiles/Motor_controller.dir/Users/alazartegegnework/me433/Pico/pico-sdk/src/rp2_common/pico_float/float_init_rom.c.obj
                0x10004628                __aeabi_float_init
 .text.float_table_shim_on_use_helper
                0x1000468c       0x2c CMakeFiles/Motor_controller.dir/Users/alazartegegnework/me433/Pico/pico-sdk/src/rp2_common/pico_float/float_v1_rom_shim.S.obj
                0x1000468c                float_table_shim_on_use_helper
 .text.__wrap_malloc
                0x100046b8       0x24 CMakeFiles/Motor_controller.dir/Users/alazartegegnework/me433/Pico/pico-sdk/src/rp2_common/pico_malloc/pico_malloc.c.obj
                0x100046b8                __wrap_malloc
 .text.__wrap_realloc
                0x100046dc       0x24 CMakeFiles/Motor_controller.dir/Users/alazartegegnework/me433/Pico/pico-sdk/src/rp2_common/pico_malloc/pico_malloc.c.obj
                0x100046dc                __wrap_realloc
 .text.__wrap_free
                0x10004700        0x8 CMakeFiles/Motor_controller.dir/Users/alazartegegnework/me433/Pico/pico-sdk/src/rp2_common/pico_malloc/pico_malloc.c.obj
                0x10004700                __wrap_free
 .text          0x10004708       0x10 CMakeFiles/Motor_controller.dir/Users/alazartegegnework/me433/Pico/pico-sdk/src/rp2_common/pico_mem_ops/mem_ops_aeabi.S.obj
                0x10004708                __aeabi_mem_init
 .text.memset   0x10004718        0xc CMakeFiles/Motor_controller.dir/Users/alazartegegnework/me433/Pico/pico-sdk/src/rp2_common/pico_mem_ops/mem_ops_aeabi.S.obj
                0x10004718                __wrap_memset
 .text.memcpy   0x10004724        0xc CMakeFiles/Motor_controller.dir/Users/alazartegegnework/me433/Pico/pico-sdk/src/rp2_common/pico_mem_ops/mem_ops_aeabi.S.obj
                0x10004724                __wrap___aeabi_memcpy
                0x10004724                __wrap_memcpy
 .text.stdio_out_chars_crlf
                0x10004730       0x94 CMakeFiles/Motor_controller.dir/Users/alazartegegnework/me433/Pico/pico-sdk/src/rp2_common/pico_stdio/stdio.c.obj
 .text.stdio_buffered_printer
                0x100047c4       0x64 CMakeFiles/Motor_controller.dir/Users/alazartegegnework/me433/Pico/pico-sdk/src/rp2_common/pico_stdio/stdio.c.obj
 .text.__wrap_putchar
                0x10004828       0x98 CMakeFiles/Motor_controller.dir/Users/alazartegegnework/me433/Pico/pico-sdk/src/rp2_common/pico_stdio/stdio.c.obj
                0x10004828                __wrap_putchar
 .text.__wrap_puts
                0x100048c0       0xe0 CMakeFiles/Motor_controller.dir/Users/alazartegegnework/me433/Pico/pico-sdk/src/rp2_common/pico_stdio/stdio.c.obj
                0x100048c0                __wrap_puts
 .text._read    0x100049a0       0x94 CMakeFiles/Motor_controller.dir/Users/alazartegegnework/me433/Pico/pico-sdk/src/rp2_common/pico_stdio/stdio.c.obj
                0x100049a0                _read
 .text._write   0x10004a34       0xb4 CMakeFiles/Motor_controller.dir/Users/alazartegegnework/me433/Pico/pico-sdk/src/rp2_common/pico_stdio/stdio.c.obj
                0x10004a34                _write
 .text._close   0x10004ae8        0x8 CMakeFiles/Motor_controller.dir/Users/alazartegegnework/me433/Pico/pico-sdk/src/rp2_common/pico_stdio/stdio.c.obj
                0x10004ae8                _close
 .text._lseek   0x10004af0        0x8 CMakeFiles/Motor_controller.dir/Users/alazartegegnework/me433/Pico/pico-sdk/src/rp2_common/pico_stdio/stdio.c.obj
                0x10004af0                _lseek
 .text._fstat   0x10004af8        0x8 CMakeFiles/Motor_controller.dir/Users/alazartegegnework/me433/Pico/pico-sdk/src/rp2_common/pico_stdio/stdio.c.obj
                0x10004af8                _fstat
 .text._isatty  0x10004b00        0xc CMakeFiles/Motor_controller.dir/Users/alazartegegnework/me433/Pico/pico-sdk/src/rp2_common/pico_stdio/stdio.c.obj
                0x10004b00                _isatty
 .text.stdio_set_driver_enabled
                0x10004b0c       0x30 CMakeFiles/Motor_controller.dir/Users/alazartegegnework/me433/Pico/pico-sdk/src/rp2_common/pico_stdio/stdio.c.obj
                0x10004b0c                stdio_set_driver_enabled
 .text.__wrap_vprintf
                0x10004b3c       0xd4 CMakeFiles/Motor_controller.dir/Users/alazartegegnework/me433/Pico/pico-sdk/src/rp2_common/pico_stdio/stdio.c.obj
                0x10004b3c                __wrap_vprintf
 .text.__wrap_printf
                0x10004c10       0x18 CMakeFiles/Motor_controller.dir/Users/alazartegegnework/me433/Pico/pico-sdk/src/rp2_common/pico_stdio/stdio.c.obj
                0x10004c10                __wrap_printf
 .text.stdio_init_all
                0x10004c28        0x8 CMakeFiles/Motor_controller.dir/Users/alazartegegnework/me433/Pico/pico-sdk/src/rp2_common/pico_stdio/stdio.c.obj
                0x10004c28                stdio_init_all
 .text.resetd_init
                0x10004c30        0x4 CMakeFiles/Motor_controller.dir/Users/alazartegegnework/me433/Pico/pico-sdk/src/rp2_common/pico_stdio_usb/reset_interface.c.obj
 .text.resetd_reset
                0x10004c34        0xc CMakeFiles/Motor_controller.dir/Users/alazartegegnework/me433/Pico/pico-sdk/src/rp2_common/pico_stdio_usb/reset_interface.c.obj
 .text.resetd_open
                0x10004c40       0x28 CMakeFiles/Motor_controller.dir/Users/alazartegegnework/me433/Pico/pico-sdk/src/rp2_common/pico_stdio_usb/reset_interface.c.obj
 .text.resetd_xfer_cb
                0x10004c68        0x4 CMakeFiles/Motor_controller.dir/Users/alazartegegnework/me433/Pico/pico-sdk/src/rp2_common/pico_stdio_usb/reset_interface.c.obj
 .text.resetd_control_xfer_cb
                0x10004c6c       0x60 CMakeFiles/Motor_controller.dir/Users/alazartegegnework/me433/Pico/pico-sdk/src/rp2_common/pico_stdio_usb/reset_interface.c.obj
 .text.usbd_app_driver_get_cb
                0x10004ccc        0xc CMakeFiles/Motor_controller.dir/Users/alazartegegnework/me433/Pico/pico-sdk/src/rp2_common/pico_stdio_usb/reset_interface.c.obj
                0x10004ccc                usbd_app_driver_get_cb
 .text.tud_cdc_line_coding_cb
                0x10004cd8       0x34 CMakeFiles/Motor_controller.dir/Users/alazartegegnework/me433/Pico/pico-sdk/src/rp2_common/pico_stdio_usb/reset_interface.c.obj
                0x10004cd8                tud_cdc_line_coding_cb
 .text.stdio_usb_set_chars_available_callback
                0x10004d0c       0x14 CMakeFiles/Motor_controller.dir/Users/alazartegegnework/me433/Pico/pico-sdk/src/rp2_common/pico_stdio_usb/stdio_usb.c.obj
                0x10004d0c                stdio_usb_set_chars_available_callback
 .text.usb_irq  0x10004d20       0x10 CMakeFiles/Motor_controller.dir/Users/alazartegegnework/me433/Pico/pico-sdk/src/rp2_common/pico_stdio_usb/stdio_usb.c.obj
 .text.timer_task
                0x10004d30       0x54 CMakeFiles/Motor_controller.dir/Users/alazartegegnework/me433/Pico/pico-sdk/src/rp2_common/pico_stdio_usb/stdio_usb.c.obj
 .text.stdio_usb_in_chars
                0x10004d84       0x90 CMakeFiles/Motor_controller.dir/Users/alazartegegnework/me433/Pico/pico-sdk/src/rp2_common/pico_stdio_usb/stdio_usb.c.obj
                0x10004d84                stdio_usb_in_chars
 .text.stdio_usb_out_chars
                0x10004e14      0x104 CMakeFiles/Motor_controller.dir/Users/alazartegegnework/me433/Pico/pico-sdk/src/rp2_common/pico_stdio_usb/stdio_usb.c.obj
 .text.low_priority_worker_irq
                0x10004f18       0xa8 CMakeFiles/Motor_controller.dir/Users/alazartegegnework/me433/Pico/pico-sdk/src/rp2_common/pico_stdio_usb/stdio_usb.c.obj
 .text.tud_cdc_rx_cb
                0x10004fc0       0x20 CMakeFiles/Motor_controller.dir/Users/alazartegegnework/me433/Pico/pico-sdk/src/rp2_common/pico_stdio_usb/stdio_usb.c.obj
                0x10004fc0                tud_cdc_rx_cb
 .text.stdio_usb_init
                0x10004fe0       0xe0 CMakeFiles/Motor_controller.dir/Users/alazartegegnework/me433/Pico/pico-sdk/src/rp2_common/pico_stdio_usb/stdio_usb.c.obj
                0x10004fe0                stdio_usb_init
 .text.stdio_usb_connected
                0x100050c0        0xc CMakeFiles/Motor_controller.dir/Users/alazartegegnework/me433/Pico/pico-sdk/src/rp2_common/pico_stdio_usb/stdio_usb.c.obj
                0x100050c0                stdio_usb_connected
 .text.tud_descriptor_device_cb
                0x100050cc        0x8 CMakeFiles/Motor_controller.dir/Users/alazartegegnework/me433/Pico/pico-sdk/src/rp2_common/pico_stdio_usb/stdio_usb_descriptors.c.obj
                0x100050cc                tud_descriptor_device_cb
 .text.tud_descriptor_configuration_cb
                0x100050d4        0x8 CMakeFiles/Motor_controller.dir/Users/alazartegegnework/me433/Pico/pico-sdk/src/rp2_common/pico_stdio_usb/stdio_usb_descriptors.c.obj
                0x100050d4                tud_descriptor_configuration_cb
 .text.tud_descriptor_string_cb
                0x100050dc       0x78 CMakeFiles/Motor_controller.dir/Users/alazartegegnework/me433/Pico/pico-sdk/src/rp2_common/pico_stdio_usb/stdio_usb_descriptors.c.obj
                0x100050dc                tud_descriptor_string_cb
 .text.startup._retrieve_unique_id_on_boot
                0x10005154       0x10 CMakeFiles/Motor_controller.dir/Users/alazartegegnework/me433/Pico/pico-sdk/src/rp2_common/pico_unique_id/unique_id.c.obj
 .text.pico_get_unique_board_id_string
                0x10005164      0x1a8 CMakeFiles/Motor_controller.dir/Users/alazartegegnework/me433/Pico/pico-sdk/src/rp2_common/pico_unique_id/unique_id.c.obj
                0x10005164                pico_get_unique_board_id_string
 .text.flash_get_unique_id
                0x1000530c       0x3c CMakeFiles/Motor_controller.dir/Users/alazartegegnework/me433/Pico/pico-sdk/src/rp2_common/hardware_flash/flash.c.obj
                0x1000530c                flash_get_unique_id
 .text.dcd_int_enable
                0x10005348        0xc CMakeFiles/Motor_controller.dir/Users/alazartegegnework/me433/Pico/pico-sdk/lib/tinyusb/src/portable/raspberrypi/rp2040/dcd_rp2040.c.obj
                0x10005348                dcd_int_enable
 .text.dcd_set_address
                0x10005354       0x14 CMakeFiles/Motor_controller.dir/Users/alazartegegnework/me433/Pico/pico-sdk/lib/tinyusb/src/portable/raspberrypi/rp2040/dcd_rp2040.c.obj
                0x10005354                dcd_set_address
 .text.dcd_connect
                0x10005368       0x10 CMakeFiles/Motor_controller.dir/Users/alazartegegnework/me433/Pico/pico-sdk/lib/tinyusb/src/portable/raspberrypi/rp2040/dcd_rp2040.c.obj
                0x10005368                dcd_connect
 .text.dcd_init
                0x10005378       0x98 CMakeFiles/Motor_controller.dir/Users/alazartegegnework/me433/Pico/pico-sdk/lib/tinyusb/src/portable/raspberrypi/rp2040/dcd_rp2040.c.obj
                0x10005378                dcd_init
 .text.dcd_edpt0_status_complete
                0x10005410       0x1c CMakeFiles/Motor_controller.dir/Users/alazartegegnework/me433/Pico/pico-sdk/lib/tinyusb/src/portable/raspberrypi/rp2040/dcd_rp2040.c.obj
                0x10005410                dcd_edpt0_status_complete
 .text.dcd_edpt_open
                0x1000542c      0x108 CMakeFiles/Motor_controller.dir/Users/alazartegegnework/me433/Pico/pico-sdk/lib/tinyusb/src/portable/raspberrypi/rp2040/dcd_rp2040.c.obj
                0x1000542c                dcd_edpt_open
 .text.dcd_edpt_close_all
                0x10005534        0x8 CMakeFiles/Motor_controller.dir/Users/alazartegegnework/me433/Pico/pico-sdk/lib/tinyusb/src/portable/raspberrypi/rp2040/dcd_rp2040.c.obj
                0x10005534                dcd_edpt_close_all
 .text.dcd_edpt_xfer
                0x1000553c       0x24 CMakeFiles/Motor_controller.dir/Users/alazartegegnework/me433/Pico/pico-sdk/lib/tinyusb/src/portable/raspberrypi/rp2040/dcd_rp2040.c.obj
                0x1000553c                dcd_edpt_xfer
 .text.dcd_edpt_stall
                0x10005560       0x34 CMakeFiles/Motor_controller.dir/Users/alazartegegnework/me433/Pico/pico-sdk/lib/tinyusb/src/portable/raspberrypi/rp2040/dcd_rp2040.c.obj
                0x10005560                dcd_edpt_stall
 .text.dcd_edpt_clear_stall
                0x10005594       0x30 CMakeFiles/Motor_controller.dir/Users/alazartegegnework/me433/Pico/pico-sdk/lib/tinyusb/src/portable/raspberrypi/rp2040/dcd_rp2040.c.obj
                0x10005594                dcd_edpt_clear_stall
 .text.rp2040_usb_init
                0x100055c4       0x4c CMakeFiles/Motor_controller.dir/Users/alazartegegnework/me433/Pico/pico-sdk/lib/tinyusb/src/portable/raspberrypi/rp2040/rp2040_usb.c.obj
                0x100055c4                rp2040_usb_init
 .text.hw_endpoint_xfer_start
                0x10005610       0x40 CMakeFiles/Motor_controller.dir/Users/alazartegegnework/me433/Pico/pico-sdk/lib/tinyusb/src/portable/raspberrypi/rp2040/rp2040_usb.c.obj
                0x10005610                hw_endpoint_xfer_start
 .text.tud_mounted
                0x10005650       0x10 CMakeFiles/Motor_controller.dir/Users/alazartegegnework/me433/Pico/pico-sdk/lib/tinyusb/src/device/usbd.c.obj
                0x10005650                tud_mounted
 .text.tud_suspended
                0x10005660       0x10 CMakeFiles/Motor_controller.dir/Users/alazartegegnework/me433/Pico/pico-sdk/lib/tinyusb/src/device/usbd.c.obj
                0x10005660                tud_suspended
 .text.tud_inited
                0x10005670       0x14 CMakeFiles/Motor_controller.dir/Users/alazartegegnework/me433/Pico/pico-sdk/lib/tinyusb/src/device/usbd.c.obj
                0x10005670                tud_inited
 .text.tud_init
                0x10005684       0xdc CMakeFiles/Motor_controller.dir/Users/alazartegegnework/me433/Pico/pico-sdk/lib/tinyusb/src/device/usbd.c.obj
                0x10005684                tud_init
 .text.tud_task_ext
                0x10005760      0x850 CMakeFiles/Motor_controller.dir/Users/alazartegegnework/me433/Pico/pico-sdk/lib/tinyusb/src/device/usbd.c.obj
                0x10005760                tud_task_ext
 .text.usbd_open_edpt_pair
                0x10005fb0       0x9c CMakeFiles/Motor_controller.dir/Users/alazartegegnework/me433/Pico/pico-sdk/lib/tinyusb/src/device/usbd.c.obj
                0x10005fb0                usbd_open_edpt_pair
 .text.usbd_defer_func
                0x1000604c       0x48 CMakeFiles/Motor_controller.dir/Users/alazartegegnework/me433/Pico/pico-sdk/lib/tinyusb/src/device/usbd.c.obj
                0x1000604c                usbd_defer_func
 .text.usbd_edpt_open
                0x10006094       0x34 CMakeFiles/Motor_controller.dir/Users/alazartegegnework/me433/Pico/pico-sdk/lib/tinyusb/src/device/usbd.c.obj
                0x10006094                usbd_edpt_open
 .text.usbd_edpt_claim
                0x100060c8       0x28 CMakeFiles/Motor_controller.dir/Users/alazartegegnework/me433/Pico/pico-sdk/lib/tinyusb/src/device/usbd.c.obj
                0x100060c8                usbd_edpt_claim
 .text.usbd_edpt_release
                0x100060f0       0x28 CMakeFiles/Motor_controller.dir/Users/alazartegegnework/me433/Pico/pico-sdk/lib/tinyusb/src/device/usbd.c.obj
                0x100060f0                usbd_edpt_release
 .text.usbd_edpt_xfer
                0x10006118       0x4c CMakeFiles/Motor_controller.dir/Users/alazartegegnework/me433/Pico/pico-sdk/lib/tinyusb/src/device/usbd.c.obj
                0x10006118                usbd_edpt_xfer
 .text.tud_control_status
                0x10006164       0x2c CMakeFiles/Motor_controller.dir/Users/alazartegegnework/me433/Pico/pico-sdk/lib/tinyusb/src/device/usbd_control.c.obj
                0x10006164                tud_control_status
 .text.tud_control_xfer
                0x10006190       0xac CMakeFiles/Motor_controller.dir/Users/alazartegegnework/me433/Pico/pico-sdk/lib/tinyusb/src/device/usbd_control.c.obj
                0x10006190                tud_control_xfer
 .text.usbd_control_reset
                0x1000623c       0x14 CMakeFiles/Motor_controller.dir/Users/alazartegegnework/me433/Pico/pico-sdk/lib/tinyusb/src/device/usbd_control.c.obj
                0x1000623c                usbd_control_reset
 .text.usbd_control_set_complete_callback
                0x10006250        0xc CMakeFiles/Motor_controller.dir/Users/alazartegegnework/me433/Pico/pico-sdk/lib/tinyusb/src/device/usbd_control.c.obj
                0x10006250                usbd_control_set_complete_callback
 .text.usbd_control_set_request
                0x1000625c       0x1c CMakeFiles/Motor_controller.dir/Users/alazartegegnework/me433/Pico/pico-sdk/lib/tinyusb/src/device/usbd_control.c.obj
                0x1000625c                usbd_control_set_request
 .text.usbd_control_xfer_cb
                0x10006278       0xf4 CMakeFiles/Motor_controller.dir/Users/alazartegegnework/me433/Pico/pico-sdk/lib/tinyusb/src/device/usbd_control.c.obj
                0x10006278                usbd_control_xfer_cb
 .text.tud_cdc_n_connected
                0x1000636c       0x30 CMakeFiles/Motor_controller.dir/Users/alazartegegnework/me433/Pico/pico-sdk/lib/tinyusb/src/class/cdc/cdc_device.c.obj
                0x1000636c                tud_cdc_n_connected
 .text.tud_cdc_n_available
                0x1000639c       0x18 CMakeFiles/Motor_controller.dir/Users/alazartegegnework/me433/Pico/pico-sdk/lib/tinyusb/src/class/cdc/cdc_device.c.obj
                0x1000639c                tud_cdc_n_available
 .text.tud_cdc_n_read
                0x100063b4       0x70 CMakeFiles/Motor_controller.dir/Users/alazartegegnework/me433/Pico/pico-sdk/lib/tinyusb/src/class/cdc/cdc_device.c.obj
                0x100063b4                tud_cdc_n_read
 .text.tud_cdc_n_write_flush
                0x10006424       0x78 CMakeFiles/Motor_controller.dir/Users/alazartegegnework/me433/Pico/pico-sdk/lib/tinyusb/src/class/cdc/cdc_device.c.obj
                0x10006424                tud_cdc_n_write_flush
 .text.tud_cdc_n_write
                0x1000649c       0x34 CMakeFiles/Motor_controller.dir/Users/alazartegegnework/me433/Pico/pico-sdk/lib/tinyusb/src/class/cdc/cdc_device.c.obj
                0x1000649c                tud_cdc_n_write
 .text.tud_cdc_n_write_available
                0x100064d0       0x18 CMakeFiles/Motor_controller.dir/Users/alazartegegnework/me433/Pico/pico-sdk/lib/tinyusb/src/class/cdc/cdc_device.c.obj
                0x100064d0                tud_cdc_n_write_available
 .text.cdcd_init
                0x100064e8       0x7c CMakeFiles/Motor_controller.dir/Users/alazartegegnework/me433/Pico/pico-sdk/lib/tinyusb/src/class/cdc/cdc_device.c.obj
                0x100064e8                cdcd_init
 .text.cdcd_reset
                0x10006564       0x2c CMakeFiles/Motor_controller.dir/Users/alazartegegnework/me433/Pico/pico-sdk/lib/tinyusb/src/class/cdc/cdc_device.c.obj
                0x10006564                cdcd_reset
 .text.cdcd_open
                0x10006590       0xe4 CMakeFiles/Motor_controller.dir/Users/alazartegegnework/me433/Pico/pico-sdk/lib/tinyusb/src/class/cdc/cdc_device.c.obj
                0x10006590                cdcd_open
 .text.cdcd_control_xfer_cb
                0x10006674       0xe4 CMakeFiles/Motor_controller.dir/Users/alazartegegnework/me433/Pico/pico-sdk/lib/tinyusb/src/class/cdc/cdc_device.c.obj
                0x10006674                cdcd_control_xfer_cb
 .text.cdcd_xfer_cb
                0x10006758      0x13c CMakeFiles/Motor_controller.dir/Users/alazartegegnework/me433/Pico/pico-sdk/lib/tinyusb/src/class/cdc/cdc_device.c.obj
                0x10006758                cdcd_xfer_cb
 .text.tusb_init
                0x10006894        0xc CMakeFiles/Motor_controller.dir/Users/alazartegegnework/me433/Pico/pico-sdk/lib/tinyusb/src/tusb.c.obj
                0x10006894                tusb_init
 .text.tusb_inited
                0x100068a0        0x8 CMakeFiles/Motor_controller.dir/Users/alazartegegnework/me433/Pico/pico-sdk/lib/tinyusb/src/tusb.c.obj
                0x100068a0                tusb_inited
 .text.tu_edpt_claim
                0x100068a8       0x50 CMakeFiles/Motor_controller.dir/Users/alazartegegnework/me433/Pico/pico-sdk/lib/tinyusb/src/tusb.c.obj
                0x100068a8                tu_edpt_claim
 .text.tu_edpt_release
                0x100068f8       0x38 CMakeFiles/Motor_controller.dir/Users/alazartegegnework/me433/Pico/pico-sdk/lib/tinyusb/src/tusb.c.obj
                0x100068f8                tu_edpt_release
 .text.tu_edpt_validate
                0x10006930       0x7c CMakeFiles/Motor_controller.dir/Users/alazartegegnework/me433/Pico/pico-sdk/lib/tinyusb/src/tusb.c.obj
                0x10006930                tu_edpt_validate
 .text.tu_edpt_bind_driver
                0x100069ac       0x34 CMakeFiles/Motor_controller.dir/Users/alazartegegnework/me433/Pico/pico-sdk/lib/tinyusb/src/tusb.c.obj
                0x100069ac                tu_edpt_bind_driver
 .text.tu_fifo_config
                0x100069e0       0x6c CMakeFiles/Motor_controller.dir/Users/alazartegegnework/me433/Pico/pico-sdk/lib/tinyusb/src/common/tusb_fifo.c.obj
                0x100069e0                tu_fifo_config
 .text.tu_fifo_count
                0x10006a4c       0x2c CMakeFiles/Motor_controller.dir/Users/alazartegegnework/me433/Pico/pico-sdk/lib/tinyusb/src/common/tusb_fifo.c.obj
                0x10006a4c                tu_fifo_count
 .text.tu_fifo_empty
                0x10006a78       0x10 CMakeFiles/Motor_controller.dir/Users/alazartegegnework/me433/Pico/pico-sdk/lib/tinyusb/src/common/tusb_fifo.c.obj
                0x10006a78                tu_fifo_empty
 .text.tu_fifo_remaining
                0x10006a88       0x2c CMakeFiles/Motor_controller.dir/Users/alazartegegnework/me433/Pico/pico-sdk/lib/tinyusb/src/common/tusb_fifo.c.obj
                0x10006a88                tu_fifo_remaining
 .text.tu_fifo_read
                0x10006ab4       0x9c CMakeFiles/Motor_controller.dir/Users/alazartegegnework/me433/Pico/pico-sdk/lib/tinyusb/src/common/tusb_fifo.c.obj
                0x10006ab4                tu_fifo_read
 .text.tu_fifo_read_n
                0x10006b50       0xe8 CMakeFiles/Motor_controller.dir/Users/alazartegegnework/me433/Pico/pico-sdk/lib/tinyusb/src/common/tusb_fifo.c.obj
                0x10006b50                tu_fifo_read_n
 .text.tu_fifo_write
                0x10006c38       0xa8 CMakeFiles/Motor_controller.dir/Users/alazartegegnework/me433/Pico/pico-sdk/lib/tinyusb/src/common/tusb_fifo.c.obj
                0x10006c38                tu_fifo_write
 .text.tu_fifo_write_n
                0x10006ce0      0x178 CMakeFiles/Motor_controller.dir/Users/alazartegegnework/me433/Pico/pico-sdk/lib/tinyusb/src/common/tusb_fifo.c.obj
                0x10006ce0                tu_fifo_write_n
 .text.tu_fifo_clear
                0x10006e58       0x40 CMakeFiles/Motor_controller.dir/Users/alazartegegnework/me433/Pico/pico-sdk/lib/tinyusb/src/common/tusb_fifo.c.obj
                0x10006e58                tu_fifo_clear
 .text.tu_fifo_set_overwritable
                0x10006e98       0x48 CMakeFiles/Motor_controller.dir/Users/alazartegegnework/me433/Pico/pico-sdk/lib/tinyusb/src/common/tusb_fifo.c.obj
                0x10006e98                tu_fifo_set_overwritable
 .text.atoi     0x10006ee0        0xc /Applications/ArmGNUToolchain/13.2.Rel1/arm-none-eabi/bin/../lib/gcc/arm-none-eabi/13.2.1/../../../../arm-none-eabi/lib/thumb/v6-m/nofp/libc.a(libc_a-atoi.o)
                0x10006ee0                atoi
 .text._calloc_r
                0x10006eec       0xa8 /Applications/ArmGNUToolchain/13.2.Rel1/arm-none-eabi/bin/../lib/gcc/arm-none-eabi/13.2.1/../../../../arm-none-eabi/lib/thumb/v6-m/nofp/libc.a(libc_a-callocr.o)
                0x10006eec                _calloc_r
 .text.malloc   0x10006f94       0x14 /Applications/ArmGNUToolchain/13.2.Rel1/arm-none-eabi/bin/../lib/gcc/arm-none-eabi/13.2.1/../../../../arm-none-eabi/lib/thumb/v6-m/nofp/libc.a(libc_a-malloc.o)
                0x10006f94                malloc
 .text.free     0x10006fa8       0x14 /Applications/ArmGNUToolchain/13.2.Rel1/arm-none-eabi/bin/../lib/gcc/arm-none-eabi/13.2.1/../../../../arm-none-eabi/lib/thumb/v6-m/nofp/libc.a(libc_a-malloc.o)
                0x10006fa8                free
 .text._malloc_r
                0x10006fbc      0x5c4 /Applications/ArmGNUToolchain/13.2.Rel1/arm-none-eabi/bin/../lib/gcc/arm-none-eabi/13.2.1/../../../../arm-none-eabi/lib/thumb/v6-m/nofp/libc.a(libc_a-mallocr.o)
                0x10006fbc                _malloc_r
 .text.__malloc_lock
                0x10007580       0x10 /Applications/ArmGNUToolchain/13.2.Rel1/arm-none-eabi/bin/../lib/gcc/arm-none-eabi/13.2.1/../../../../arm-none-eabi/lib/thumb/v6-m/nofp/libc.a(libc_a-mlock.o)
                0x10007580                __malloc_lock
 .text.__malloc_unlock
                0x10007590       0x10 /Applications/ArmGNUToolchain/13.2.Rel1/arm-none-eabi/bin/../lib/gcc/arm-none-eabi/13.2.1/../../../../arm-none-eabi/lib/thumb/v6-m/nofp/libc.a(libc_a-mlock.o)
                0x10007590                __malloc_unlock
 .text.realloc  0x100075a0       0x18 /Applications/ArmGNUToolchain/13.2.Rel1/arm-none-eabi/bin/../lib/gcc/arm-none-eabi/13.2.1/../../../../arm-none-eabi/lib/thumb/v6-m/nofp/libc.a(libc_a-realloc.o)
                0x100075a0                realloc
 .text.scanf    0x100075b8       0x24 /Applications/ArmGNUToolchain/13.2.Rel1/arm-none-eabi/bin/../lib/gcc/arm-none-eabi/13.2.1/../../../../arm-none-eabi/lib/thumb/v6-m/nofp/libc.a(libc_a-scanf.o)
                0x100075b8                scanf
 .text._realloc_r
                0x100075dc      0x350 /Applications/ArmGNUToolchain/13.2.Rel1/arm-none-eabi/bin/../lib/gcc/arm-none-eabi/13.2.1/../../../../arm-none-eabi/lib/thumb/v6-m/nofp/libc.a(libc_a-reallocr.o)
                0x100075dc                _realloc_r
 .text._strtol_l.isra.0
                0x1000792c      0x158 /Applications/ArmGNUToolchain/13.2.Rel1/arm-none-eabi/bin/../lib/gcc/arm-none-eabi/13.2.1/../../../../arm-none-eabi/lib/thumb/v6-m/nofp/libc.a(libc_a-strtol.o)
 .text._strtol_r
                0x10007a84        0x8 /Applications/ArmGNUToolchain/13.2.Rel1/arm-none-eabi/bin/../lib/gcc/arm-none-eabi/13.2.1/../../../../arm-none-eabi/lib/thumb/v6-m/nofp/libc.a(libc_a-strtol.o)
                0x10007a84                _strtol_r
 .text.strtol   0x10007a8c       0x18 /Applications/ArmGNUToolchain/13.2.Rel1/arm-none-eabi/bin/../lib/gcc/arm-none-eabi/13.2.1/../../../../arm-none-eabi/lib/thumb/v6-m/nofp/libc.a(libc_a-strtol.o)
                0x10007a8c                strtol
 .text.memmove  0x10007aa4       0xb0 /Applications/ArmGNUToolchain/13.2.Rel1/arm-none-eabi/bin/../lib/gcc/arm-none-eabi/13.2.1/../../../../arm-none-eabi/lib/thumb/v6-m/nofp/libc.a(libc_a-memmove.o)
                0x10007aa4                memmove
 .text._sbrk_r  0x10007b54       0x24 /Applications/ArmGNUToolchain/13.2.Rel1/arm-none-eabi/bin/../lib/gcc/arm-none-eabi/13.2.1/../../../../arm-none-eabi/lib/thumb/v6-m/nofp/libc.a(libc_a-sbrkr.o)
                0x10007b54                _sbrk_r
 .text.__errno  0x10007b78        0xc /Applications/ArmGNUToolchain/13.2.Rel1/arm-none-eabi/bin/../lib/gcc/arm-none-eabi/13.2.1/../../../../arm-none-eabi/lib/thumb/v6-m/nofp/libc.a(libc_a-errno.o)
                0x10007b78                __errno
 .text.sysconf  0x10007b84       0x1c /Applications/ArmGNUToolchain/13.2.Rel1/arm-none-eabi/bin/../lib/gcc/arm-none-eabi/13.2.1/../../../../arm-none-eabi/lib/thumb/v6-m/nofp/libc.a(libc_a-sysconf.o)
                0x10007b84                sysconf
 .text.__retarget_lock_init_recursive
                0x10007ba0        0x4 /Applications/ArmGNUToolchain/13.2.Rel1/arm-none-eabi/bin/../lib/gcc/arm-none-eabi/13.2.1/../../../../arm-none-eabi/lib/thumb/v6-m/nofp/libc.a(libc_a-lock.o)
                0x10007ba0                __retarget_lock_init_recursive
 .text.__retarget_lock_close_recursive
                0x10007ba4        0x4 /Applications/ArmGNUToolchain/13.2.Rel1/arm-none-eabi/bin/../lib/gcc/arm-none-eabi/13.2.1/../../../../arm-none-eabi/lib/thumb/v6-m/nofp/libc.a(libc_a-lock.o)
                0x10007ba4                __retarget_lock_close_recursive
 .text.__retarget_lock_acquire_recursive
                0x10007ba8        0x4 /Applications/ArmGNUToolchain/13.2.Rel1/arm-none-eabi/bin/../lib/gcc/arm-none-eabi/13.2.1/../../../../arm-none-eabi/lib/thumb/v6-m/nofp/libc.a(libc_a-lock.o)
                0x10007ba8                __retarget_lock_acquire_recursive
 .text.__retarget_lock_release_recursive
                0x10007bac        0x4 /Applications/ArmGNUToolchain/13.2.Rel1/arm-none-eabi/bin/../lib/gcc/arm-none-eabi/13.2.1/../../../../arm-none-eabi/lib/thumb/v6-m/nofp/libc.a(libc_a-lock.o)
                0x10007bac                __retarget_lock_release_recursive
 .text.strlen   0x10007bb0       0x5c /Applications/ArmGNUToolchain/13.2.Rel1/arm-none-eabi/bin/../lib/gcc/arm-none-eabi/13.2.1/../../../../arm-none-eabi/lib/thumb/v6-m/nofp/libc.a(libc_a-strlen-stub.o)
                0x10007bb0                strlen
 .text._malloc_trim_r
                0x10007c0c       0xb4 /Applications/ArmGNUToolchain/13.2.Rel1/arm-none-eabi/bin/../lib/gcc/arm-none-eabi/13.2.1/../../../../arm-none-eabi/lib/thumb/v6-m/nofp/libc.a(libc_a-freer.o)
                0x10007c0c                _malloc_trim_r
 .text._free_r  0x10007cc0      0x1d4 /Applications/ArmGNUToolchain/13.2.Rel1/arm-none-eabi/bin/../lib/gcc/arm-none-eabi/13.2.1/../../../../arm-none-eabi/lib/thumb/v6-m/nofp/libc.a(libc_a-freer.o)
                0x10007cc0                _free_r
 .text.__svfscanf_r
                0x10007e94     0x1884 /Applications/ArmGNUToolchain/13.2.Rel1/arm-none-eabi/bin/../lib/gcc/arm-none-eabi/13.2.1/../../../../arm-none-eabi/lib/thumb/v6-m/nofp/libc.a(libc_a-vfscanf.o)
                0x10007e94                __svfscanf_r
 .text._vfscanf_r
                0x10009718       0x28 /Applications/ArmGNUToolchain/13.2.Rel1/arm-none-eabi/bin/../lib/gcc/arm-none-eabi/13.2.1/../../../../arm-none-eabi/lib/thumb/v6-m/nofp/libc.a(libc_a-vfscanf.o)
                0x10009718                _vfscanf_r
 .text.__sccl   0x10009740       0x80 /Applications/ArmGNUToolchain/13.2.Rel1/arm-none-eabi/bin/../lib/gcc/arm-none-eabi/13.2.1/../../../../arm-none-eabi/lib/thumb/v6-m/nofp/libc.a(libc_a-sccl.o)
                0x10009740                __sccl
 .text.sulp     0x100097c0       0x30 /Applications/ArmGNUToolchain/13.2.Rel1/arm-none-eabi/bin/../lib/gcc/arm-none-eabi/13.2.1/../../../../arm-none-eabi/lib/thumb/v6-m/nofp/libc.a(libc_a-strtod.o)
 .text._strtod_l
                0x100097f0      0xeb8 /Applications/ArmGNUToolchain/13.2.Rel1/arm-none-eabi/bin/../lib/gcc/arm-none-eabi/13.2.1/../../../../arm-none-eabi/lib/thumb/v6-m/nofp/libc.a(libc_a-strtod.o)
                0x100097f0                _strtod_l
 .text._strtod_r
                0x1000a6a8       0x10 /Applications/ArmGNUToolchain/13.2.Rel1/arm-none-eabi/bin/../lib/gcc/arm-none-eabi/13.2.1/../../../../arm-none-eabi/lib/thumb/v6-m/nofp/libc.a(libc_a-strtod.o)
                0x1000a6a8                _strtod_r
 .text._strtoul_l.isra.0
                0x1000a6b8      0x144 /Applications/ArmGNUToolchain/13.2.Rel1/arm-none-eabi/bin/../lib/gcc/arm-none-eabi/13.2.1/../../../../arm-none-eabi/lib/thumb/v6-m/nofp/libc.a(libc_a-strtoul.o)
 .text._strtoul_r
                0x1000a7fc        0x8 /Applications/ArmGNUToolchain/13.2.Rel1/arm-none-eabi/bin/../lib/gcc/arm-none-eabi/13.2.1/../../../../arm-none-eabi/lib/thumb/v6-m/nofp/libc.a(libc_a-strtoul.o)
                0x1000a7fc                _strtoul_r
 .text.stdio_exit_handler
                0x1000a804       0x1c /Applications/ArmGNUToolchain/13.2.Rel1/arm-none-eabi/bin/../lib/gcc/arm-none-eabi/13.2.1/../../../../arm-none-eabi/lib/thumb/v6-m/nofp/libc.a(libc_a-findfp.o)
 .text.cleanup_stdio
                0x1000a820       0x3c /Applications/ArmGNUToolchain/13.2.Rel1/arm-none-eabi/bin/../lib/gcc/arm-none-eabi/13.2.1/../../../../arm-none-eabi/lib/thumb/v6-m/nofp/libc.a(libc_a-findfp.o)
 .text.global_stdio_init.part.0
                0x1000a85c      0x118 /Applications/ArmGNUToolchain/13.2.Rel1/arm-none-eabi/bin/../lib/gcc/arm-none-eabi/13.2.1/../../../../arm-none-eabi/lib/thumb/v6-m/nofp/libc.a(libc_a-findfp.o)
 .text.__sinit  0x1000a974       0x38 /Applications/ArmGNUToolchain/13.2.Rel1/arm-none-eabi/bin/../lib/gcc/arm-none-eabi/13.2.1/../../../../arm-none-eabi/lib/thumb/v6-m/nofp/libc.a(libc_a-findfp.o)
                0x1000a974                __sinit
 .text.__sfp_lock_acquire
                0x1000a9ac       0x10 /Applications/ArmGNUToolchain/13.2.Rel1/arm-none-eabi/bin/../lib/gcc/arm-none-eabi/13.2.1/../../../../arm-none-eabi/lib/thumb/v6-m/nofp/libc.a(libc_a-findfp.o)
                0x1000a9ac                __sfp_lock_acquire
 .text.__sfp_lock_release
                0x1000a9bc       0x10 /Applications/ArmGNUToolchain/13.2.Rel1/arm-none-eabi/bin/../lib/gcc/arm-none-eabi/13.2.1/../../../../arm-none-eabi/lib/thumb/v6-m/nofp/libc.a(libc_a-findfp.o)
                0x1000a9bc                __sfp_lock_release
 .text.__submore
                0x1000a9cc       0x84 /Applications/ArmGNUToolchain/13.2.Rel1/arm-none-eabi/bin/../lib/gcc/arm-none-eabi/13.2.1/../../../../arm-none-eabi/lib/thumb/v6-m/nofp/libc.a(libc_a-ungetc.o)
                0x1000a9cc                __submore
 .text._ungetc_r
                0x1000aa50      0x144 /Applications/ArmGNUToolchain/13.2.Rel1/arm-none-eabi/bin/../lib/gcc/arm-none-eabi/13.2.1/../../../../arm-none-eabi/lib/thumb/v6-m/nofp/libc.a(libc_a-ungetc.o)
                0x1000aa50                _ungetc_r
 .text._fread_r
                0x1000ab94      0x1e8 /Applications/ArmGNUToolchain/13.2.Rel1/arm-none-eabi/bin/../lib/gcc/arm-none-eabi/13.2.1/../../../../arm-none-eabi/lib/thumb/v6-m/nofp/libc.a(libc_a-fread.o)
                0x1000ab94                _fread_r
 .text._fwalk_sglue
                0x1000ad7c       0x44 /Applications/ArmGNUToolchain/13.2.Rel1/arm-none-eabi/bin/../lib/gcc/arm-none-eabi/13.2.1/../../../../arm-none-eabi/lib/thumb/v6-m/nofp/libc.a(libc_a-fwalk.o)
                0x1000ad7c                _fwalk_sglue
 .text.strncmp  0x1000adc0       0x74 /Applications/ArmGNUToolchain/13.2.Rel1/arm-none-eabi/bin/../lib/gcc/arm-none-eabi/13.2.1/../../../../arm-none-eabi/lib/thumb/v6-m/nofp/libc.a(libc_a-strncmp.o)
                0x1000adc0                strncmp
 .text.stpncpy  0x1000ae34       0x78 /Applications/ArmGNUToolchain/13.2.Rel1/arm-none-eabi/bin/../lib/gcc/arm-none-eabi/13.2.1/../../../../arm-none-eabi/lib/thumb/v6-m/nofp/libc.a(libc_a-stpncpy.o)
                0x1000ae34                stpncpy
 .text.__locale_mb_cur_max
                0x1000aeac       0x10 /Applications/ArmGNUToolchain/13.2.Rel1/arm-none-eabi/bin/../lib/gcc/arm-none-eabi/13.2.1/../../../../arm-none-eabi/lib/thumb/v6-m/nofp/libc.a(libc_a-locale.o)
                0x1000aeac                __locale_mb_cur_max
 .text._localeconv_r
                0x1000aebc        0x8 /Applications/ArmGNUToolchain/13.2.Rel1/arm-none-eabi/bin/../lib/gcc/arm-none-eabi/13.2.1/../../../../arm-none-eabi/lib/thumb/v6-m/nofp/libc.a(libc_a-localeconv.o)
                0x1000aebc                _localeconv_r
 .text          0x1000aec4       0x88 /Applications/ArmGNUToolchain/13.2.Rel1/arm-none-eabi/bin/../lib/gcc/arm-none-eabi/13.2.1/../../../../arm-none-eabi/lib/thumb/v6-m/nofp/libc.a(libc_a-strcmp.o)
                0x1000aec4                strcmp
 .text._strtoll_l.isra.0
                0x1000af4c      0x1a0 /Applications/ArmGNUToolchain/13.2.Rel1/arm-none-eabi/bin/../lib/gcc/arm-none-eabi/13.2.1/../../../../arm-none-eabi/lib/thumb/v6-m/nofp/libc.a(libc_a-strtoll.o)
 .text._strtoll_r
                0x1000b0ec        0x8 /Applications/ArmGNUToolchain/13.2.Rel1/arm-none-eabi/bin/../lib/gcc/arm-none-eabi/13.2.1/../../../../arm-none-eabi/lib/thumb/v6-m/nofp/libc.a(libc_a-strtoll.o)
                0x1000b0ec                _strtoll_r
 .text._strtoull_l.isra.0
                0x1000b0f4      0x1c4 /Applications/ArmGNUToolchain/13.2.Rel1/arm-none-eabi/bin/../lib/gcc/arm-none-eabi/13.2.1/../../../../arm-none-eabi/lib/thumb/v6-m/nofp/libc.a(libc_a-strtoull.o)
 .text._strtoull_r
                0x1000b2b8        0x8 /Applications/ArmGNUToolchain/13.2.Rel1/arm-none-eabi/bin/../lib/gcc/arm-none-eabi/13.2.1/../../../../arm-none-eabi/lib/thumb/v6-m/nofp/libc.a(libc_a-strtoull.o)
                0x1000b2b8                _strtoull_r
 .text._mbrtowc_r
                0x1000b2c0       0x54 /Applications/ArmGNUToolchain/13.2.Rel1/arm-none-eabi/bin/../lib/gcc/arm-none-eabi/13.2.1/../../../../arm-none-eabi/lib/thumb/v6-m/nofp/libc.a(libc_a-mbrtowc.o)
                0x1000b2c0                _mbrtowc_r
 .text.iswspace
                0x1000b314        0xc /Applications/ArmGNUToolchain/13.2.Rel1/arm-none-eabi/bin/../lib/gcc/arm-none-eabi/13.2.1/../../../../arm-none-eabi/lib/thumb/v6-m/nofp/libc.a(libc_a-iswspace.o)
                0x1000b314                iswspace
 .text.iswspace_l
                0x1000b320       0x24 /Applications/ArmGNUToolchain/13.2.Rel1/arm-none-eabi/bin/../lib/gcc/arm-none-eabi/13.2.1/../../../../arm-none-eabi/lib/thumb/v6-m/nofp/libc.a(libc_a-iswspace_l.o)
                0x1000b320                iswspace_l
 .text.nan      0x1000b344        0xc /Applications/ArmGNUToolchain/13.2.Rel1/arm-none-eabi/bin/../lib/gcc/arm-none-eabi/13.2.1/../../../../arm-none-eabi/lib/thumb/v6-m/nofp/libc.a(libm_a-s_nan.o)
                0x1000b344                nan
 .text.nanf     0x1000b350        0x8 /Applications/ArmGNUToolchain/13.2.Rel1/arm-none-eabi/bin/../lib/gcc/arm-none-eabi/13.2.1/../../../../arm-none-eabi/lib/thumb/v6-m/nofp/libc.a(libm_a-sf_nan.o)
                0x1000b350                nanf
 .text.__jp2uc  0x1000b358      0x154 /Applications/ArmGNUToolchain/13.2.Rel1/arm-none-eabi/bin/../lib/gcc/arm-none-eabi/13.2.1/../../../../arm-none-eabi/lib/thumb/v6-m/nofp/libc.a(libc_a-jp2uc.o)
 .text._jp2uc_l
                0x1000b4ac       0x68 /Applications/ArmGNUToolchain/13.2.Rel1/arm-none-eabi/bin/../lib/gcc/arm-none-eabi/13.2.1/../../../../arm-none-eabi/lib/thumb/v6-m/nofp/libc.a(libc_a-jp2uc.o)
                0x1000b4ac                _jp2uc_l
 .text.category
                0x1000b514       0x54 /Applications/ArmGNUToolchain/13.2.Rel1/arm-none-eabi/bin/../lib/gcc/arm-none-eabi/13.2.1/../../../../arm-none-eabi/lib/thumb/v6-m/nofp/libc.a(libc_a-categories.o)
                0x1000b514                category
 .text.rshift   0x1000b568       0xb0 /Applications/ArmGNUToolchain/13.2.Rel1/arm-none-eabi/bin/../lib/gcc/arm-none-eabi/13.2.1/../../../../arm-none-eabi/lib/thumb/v6-m/nofp/libc.a(libc_a-gdtoa-gethex.o)
 .text.__gethex
                0x1000b618      0x5a8 /Applications/ArmGNUToolchain/13.2.Rel1/arm-none-eabi/bin/../lib/gcc/arm-none-eabi/13.2.1/../../../../arm-none-eabi/lib/thumb/v6-m/nofp/libc.a(libc_a-gdtoa-gethex.o)
                0x1000b618                __gethex
 .text.__match  0x1000bbc0       0x2c /Applications/ArmGNUToolchain/13.2.Rel1/arm-none-eabi/bin/../lib/gcc/arm-none-eabi/13.2.1/../../../../arm-none-eabi/lib/thumb/v6-m/nofp/libc.a(libc_a-gdtoa-hexnan.o)
                0x1000bbc0                __match
 .text.__hexnan
                0x1000bbec      0x204 /Applications/ArmGNUToolchain/13.2.Rel1/arm-none-eabi/bin/../lib/gcc/arm-none-eabi/13.2.1/../../../../arm-none-eabi/lib/thumb/v6-m/nofp/libc.a(libc_a-gdtoa-hexnan.o)
                0x1000bbec                __hexnan
 .text.__ascii_mbtowc
                0x1000bdf0       0x2c /Applications/ArmGNUToolchain/13.2.Rel1/arm-none-eabi/bin/../lib/gcc/arm-none-eabi/13.2.1/../../../../arm-none-eabi/lib/thumb/v6-m/nofp/libc.a(libc_a-mbtowc_r.o)
                0x1000bdf0                __ascii_mbtowc
 .text._Balloc  0x1000be1c       0x50 /Applications/ArmGNUToolchain/13.2.Rel1/arm-none-eabi/bin/../lib/gcc/arm-none-eabi/13.2.1/../../../../arm-none-eabi/lib/thumb/v6-m/nofp/libc.a(libc_a-mprec.o)
                0x1000be1c                _Balloc
 .text._Bfree   0x1000be6c       0x14 /Applications/ArmGNUToolchain/13.2.Rel1/arm-none-eabi/bin/../lib/gcc/arm-none-eabi/13.2.1/../../../../arm-none-eabi/lib/thumb/v6-m/nofp/libc.a(libc_a-mprec.o)
                0x1000be6c                _Bfree
 .text.__multadd
                0x1000be80       0xa8 /Applications/ArmGNUToolchain/13.2.Rel1/arm-none-eabi/bin/../lib/gcc/arm-none-eabi/13.2.1/../../../../arm-none-eabi/lib/thumb/v6-m/nofp/libc.a(libc_a-mprec.o)
                0x1000be80                __multadd
 .text.__s2b    0x1000bf28       0xb0 /Applications/ArmGNUToolchain/13.2.Rel1/arm-none-eabi/bin/../lib/gcc/arm-none-eabi/13.2.1/../../../../arm-none-eabi/lib/thumb/v6-m/nofp/libc.a(libc_a-mprec.o)
                0x1000bf28                __s2b
 .text.__hi0bits
                0x1000bfd8       0x4c /Applications/ArmGNUToolchain/13.2.Rel1/arm-none-eabi/bin/../lib/gcc/arm-none-eabi/13.2.1/../../../../arm-none-eabi/lib/thumb/v6-m/nofp/libc.a(libc_a-mprec.o)
                0x1000bfd8                __hi0bits
 .text.__lo0bits
                0x1000c024       0x5c /Applications/ArmGNUToolchain/13.2.Rel1/arm-none-eabi/bin/../lib/gcc/arm-none-eabi/13.2.1/../../../../arm-none-eabi/lib/thumb/v6-m/nofp/libc.a(libc_a-mprec.o)
                0x1000c024                __lo0bits
 .text.__i2b    0x1000c080       0x60 /Applications/ArmGNUToolchain/13.2.Rel1/arm-none-eabi/bin/../lib/gcc/arm-none-eabi/13.2.1/../../../../arm-none-eabi/lib/thumb/v6-m/nofp/libc.a(libc_a-mprec.o)
                0x1000c080                __i2b
 .text.__multiply
                0x1000c0e0      0x1ac /Applications/ArmGNUToolchain/13.2.Rel1/arm-none-eabi/bin/../lib/gcc/arm-none-eabi/13.2.1/../../../../arm-none-eabi/lib/thumb/v6-m/nofp/libc.a(libc_a-mprec.o)
                0x1000c0e0                __multiply
 .text.__pow5mult
                0x1000c28c       0xd0 /Applications/ArmGNUToolchain/13.2.Rel1/arm-none-eabi/bin/../lib/gcc/arm-none-eabi/13.2.1/../../../../arm-none-eabi/lib/thumb/v6-m/nofp/libc.a(libc_a-mprec.o)
                0x1000c28c                __pow5mult
 .text.__lshift
                0x1000c35c       0xfc /Applications/ArmGNUToolchain/13.2.Rel1/arm-none-eabi/bin/../lib/gcc/arm-none-eabi/13.2.1/../../../../arm-none-eabi/lib/thumb/v6-m/nofp/libc.a(libc_a-mprec.o)
                0x1000c35c                __lshift
 .text.__mcmp   0x1000c458       0x3c /Applications/ArmGNUToolchain/13.2.Rel1/arm-none-eabi/bin/../lib/gcc/arm-none-eabi/13.2.1/../../../../arm-none-eabi/lib/thumb/v6-m/nofp/libc.a(libc_a-mprec.o)
                0x1000c458                __mcmp
 .text.__mdiff  0x1000c494      0x1b4 /Applications/ArmGNUToolchain/13.2.Rel1/arm-none-eabi/bin/../lib/gcc/arm-none-eabi/13.2.1/../../../../arm-none-eabi/lib/thumb/v6-m/nofp/libc.a(libc_a-mprec.o)
                0x1000c494                __mdiff
 .text.__ulp    0x1000c648       0x40 /Applications/ArmGNUToolchain/13.2.Rel1/arm-none-eabi/bin/../lib/gcc/arm-none-eabi/13.2.1/../../../../arm-none-eabi/lib/thumb/v6-m/nofp/libc.a(libc_a-mprec.o)
                0x1000c648                __ulp
 .text.__b2d    0x1000c688       0xb8 /Applications/ArmGNUToolchain/13.2.Rel1/arm-none-eabi/bin/../lib/gcc/arm-none-eabi/13.2.1/../../../../arm-none-eabi/lib/thumb/v6-m/nofp/libc.a(libc_a-mprec.o)
                0x1000c688                __b2d
 .text.__d2b    0x1000c740       0xcc /Applications/ArmGNUToolchain/13.2.Rel1/arm-none-eabi/bin/../lib/gcc/arm-none-eabi/13.2.1/../../../../arm-none-eabi/lib/thumb/v6-m/nofp/libc.a(libc_a-mprec.o)
                0x1000c740                __d2b
 .text.__ratio  0x1000c80c       0x68 /Applications/ArmGNUToolchain/13.2.Rel1/arm-none-eabi/bin/../lib/gcc/arm-none-eabi/13.2.1/../../../../arm-none-eabi/lib/thumb/v6-m/nofp/libc.a(libc_a-mprec.o)
                0x1000c80c                __ratio
 .text.__copybits
                0x1000c874       0x40 /Applications/ArmGNUToolchain/13.2.Rel1/arm-none-eabi/bin/../lib/gcc/arm-none-eabi/13.2.1/../../../../arm-none-eabi/lib/thumb/v6-m/nofp/libc.a(libc_a-mprec.o)
                0x1000c874                __copybits
 .text.__any_on
                0x1000c8b4       0x4c /Applications/ArmGNUToolchain/13.2.Rel1/arm-none-eabi/bin/../lib/gcc/arm-none-eabi/13.2.1/../../../../arm-none-eabi/lib/thumb/v6-m/nofp/libc.a(libc_a-mprec.o)
                0x1000c8b4                __any_on
 .text.lflush   0x1000c900       0x20 /Applications/ArmGNUToolchain/13.2.Rel1/arm-none-eabi/bin/../lib/gcc/arm-none-eabi/13.2.1/../../../../arm-none-eabi/lib/thumb/v6-m/nofp/libc.a(libc_a-refill.o)
 .text.__srefill_r
                0x1000c920      0x118 /Applications/ArmGNUToolchain/13.2.Rel1/arm-none-eabi/bin/../lib/gcc/arm-none-eabi/13.2.1/../../../../arm-none-eabi/lib/thumb/v6-m/nofp/libc.a(libc_a-refill.o)
                0x1000c920                __srefill_r
 .text._fclose_r
                0x1000ca38       0xd0 /Applications/ArmGNUToolchain/13.2.Rel1/arm-none-eabi/bin/../lib/gcc/arm-none-eabi/13.2.1/../../../../arm-none-eabi/lib/thumb/v6-m/nofp/libc.a(libc_a-fclose.o)
                0x1000ca38                _fclose_r
 .text.__sflush_r
                0x1000cb08      0x148 /Applications/ArmGNUToolchain/13.2.Rel1/arm-none-eabi/bin/../lib/gcc/arm-none-eabi/13.2.1/../../../../arm-none-eabi/lib/thumb/v6-m/nofp/libc.a(libc_a-fflush.o)
                0x1000cb08                __sflush_r
 .text._fflush_r
                0x1000cc50       0x68 /Applications/ArmGNUToolchain/13.2.Rel1/arm-none-eabi/bin/../lib/gcc/arm-none-eabi/13.2.1/../../../../arm-none-eabi/lib/thumb/v6-m/nofp/libc.a(libc_a-fflush.o)
                0x1000cc50                _fflush_r
 .text.__sread  0x1000ccb8       0x28 /Applications/ArmGNUToolchain/13.2.Rel1/arm-none-eabi/bin/../lib/gcc/arm-none-eabi/13.2.1/../../../../arm-none-eabi/lib/thumb/v6-m/nofp/libc.a(libc_a-stdio.o)
                0x1000ccb8                __sread
 .text.__swrite
                0x1000cce0       0x40 /Applications/ArmGNUToolchain/13.2.Rel1/arm-none-eabi/bin/../lib/gcc/arm-none-eabi/13.2.1/../../../../arm-none-eabi/lib/thumb/v6-m/nofp/libc.a(libc_a-stdio.o)
                0x1000cce0                __swrite
 .text.__sseek  0x1000cd20       0x30 /Applications/ArmGNUToolchain/13.2.Rel1/arm-none-eabi/bin/../lib/gcc/arm-none-eabi/13.2.1/../../../../arm-none-eabi/lib/thumb/v6-m/nofp/libc.a(libc_a-stdio.o)
                0x1000cd20                __sseek
 .text.__sclose
                0x1000cd50        0xc /Applications/ArmGNUToolchain/13.2.Rel1/arm-none-eabi/bin/../lib/gcc/arm-none-eabi/13.2.1/../../../../arm-none-eabi/lib/thumb/v6-m/nofp/libc.a(libc_a-stdio.o)
                0x1000cd50                __sclose
 .text.__ascii_wctomb
                0x1000cd5c       0x1c /Applications/ArmGNUToolchain/13.2.Rel1/arm-none-eabi/bin/../lib/gcc/arm-none-eabi/13.2.1/../../../../arm-none-eabi/lib/thumb/v6-m/nofp/libc.a(libc_a-wctomb_r.o)
                0x1000cd5c                __ascii_wctomb
 .text._close_r
                0x1000cd78       0x24 /Applications/ArmGNUToolchain/13.2.Rel1/arm-none-eabi/bin/../lib/gcc/arm-none-eabi/13.2.1/../../../../arm-none-eabi/lib/thumb/v6-m/nofp/libc.a(libc_a-closer.o)
                0x1000cd78                _close_r
 .text._lseek_r
                0x1000cd9c       0x28 /Applications/ArmGNUToolchain/13.2.Rel1/arm-none-eabi/bin/../lib/gcc/arm-none-eabi/13.2.1/../../../../arm-none-eabi/lib/thumb/v6-m/nofp/libc.a(libc_a-lseekr.o)
                0x1000cd9c                _lseek_r
 .text._read_r  0x1000cdc4       0x28 /Applications/ArmGNUToolchain/13.2.Rel1/arm-none-eabi/bin/../lib/gcc/arm-none-eabi/13.2.1/../../../../arm-none-eabi/lib/thumb/v6-m/nofp/libc.a(libc_a-readr.o)
                0x1000cdc4                _read_r
 .text._write_r
                0x1000cdec       0x28 /Applications/ArmGNUToolchain/13.2.Rel1/arm-none-eabi/bin/../lib/gcc/arm-none-eabi/13.2.1/../../../../arm-none-eabi/lib/thumb/v6-m/nofp/libc.a(libc_a-writer.o)
                0x1000cdec                _write_r
 .text.__smakebuf_r
                0x1000ce14       0xe0 /Applications/ArmGNUToolchain/13.2.Rel1/arm-none-eabi/bin/../lib/gcc/arm-none-eabi/13.2.1/../../../../arm-none-eabi/lib/thumb/v6-m/nofp/libc.a(libc_a-makebuf.o)
                0x1000ce14                __smakebuf_r
 .text._fstat_r
                0x1000cef4       0x28 /Applications/ArmGNUToolchain/13.2.Rel1/arm-none-eabi/bin/../lib/gcc/arm-none-eabi/13.2.1/../../../../arm-none-eabi/lib/thumb/v6-m/nofp/libc.a(libc_a-fstatr.o)
                0x1000cef4                _fstat_r
 .text._isatty_r
                0x1000cf1c       0x24 /Applications/ArmGNUToolchain/13.2.Rel1/arm-none-eabi/bin/../lib/gcc/arm-none-eabi/13.2.1/../../../../arm-none-eabi/lib/thumb/v6-m/nofp/libc.a(libc_a-isattyr.o)
                0x1000cf1c                _isatty_r
 *(.fini)
 .fini          0x1000cf40        0x4 /Applications/ArmGNUToolchain/13.2.Rel1/arm-none-eabi/bin/../lib/gcc/arm-none-eabi/13.2.1/thumb/v6-m/nofp/crti.o
                0x1000cf40                _fini
 *fill*         0x1000cf44        0x4 
 .fini.__stub   0x1000cf48       0xc0 linker stubs
 *crtbegin.o(.ctors)
 *crtbegin?.o(.ctors)
 *(EXCLUDE_FILE(*crtend.o *crtend?.o) .ctors)
 *(SORT_BY_NAME(.ctors.*))
 *(.ctors)
 *crtbegin.o(.dtors)
 *crtbegin?.o(.dtors)
 *(EXCLUDE_FILE(*crtend.o *crtend?.o) .dtors)
 *(SORT_BY_NAME(.dtors.*))
 *(.dtors)
 *(.eh_frame*)
 .eh_frame      0x1000d008        0x0 /Applications/ArmGNUToolchain/13.2.Rel1/arm-none-eabi/bin/../lib/gcc/arm-none-eabi/13.2.1/thumb/v6-m/nofp/crtbegin.o
                0x1000d008                        . = ALIGN (0x4)

.glue_7         0x1000d008        0x0
 .glue_7        0x1000d008        0x0 linker stubs

.glue_7t        0x1000d008        0x0
 .glue_7t       0x1000d008        0x0 linker stubs

.vfp11_veneer   0x1000d008        0x0
 .vfp11_veneer  0x1000d008        0x0 linker stubs

.v4_bx          0x1000d008        0x0
 .v4_bx         0x1000d008        0x0 linker stubs

.iplt           0x1000d008        0x0
 .iplt          0x1000d008        0x0 /Applications/ArmGNUToolchain/13.2.Rel1/arm-none-eabi/bin/../lib/gcc/arm-none-eabi/13.2.1/thumb/v6-m/nofp/crtbegin.o

.rodata         0x1000d008     0x79c0
 *(EXCLUDE_FILE(*libm.a: *libc.a:*lib_a-mem*.o *libgcc.a:) .rodata*)
 .rodata.main.str1.4
                0x1000d008      0x372 CMakeFiles/Motor_controller.dir/Motor_controller.c.obj
                                 0x48 (size before relaxing)
 .rodata.spin_lock_claim_unused.str1.4
                0x1000d37a       0x1b CMakeFiles/Motor_controller.dir/Users/alazartegegnework/me433/Pico/pico-sdk/src/rp2_common/hardware_sync/sync.c.obj
 .rodata.user_irq_claim_unused.str1.4
                0x1000d37a       0x1b CMakeFiles/Motor_controller.dir/Users/alazartegegnework/me433/Pico/pico-sdk/src/rp2_common/hardware_irq/irq.c.obj
 *fill*         0x1000d37a        0x6 
 .rodata.at_the_end_of_time
                0x1000d380        0x8 CMakeFiles/Motor_controller.dir/Users/alazartegegnework/me433/Pico/pico-sdk/src/common/pico_time/time.c.obj
                0x1000d380                at_the_end_of_time
 .rodata.hardware_alarm_claim.str1.4
                0x1000d388       0x22 CMakeFiles/Motor_controller.dir/Users/alazartegegnework/me433/Pico/pico-sdk/src/rp2_common/hardware_timer/timer.c.obj
 .rodata.__assert_func.str1.4
                0x1000d388       0x43 CMakeFiles/Motor_controller.dir/Users/alazartegegnework/me433/Pico/pico-sdk/src/rp2_common/pico_runtime/runtime.c.obj
 .rodata.panic.str1.4
                0x1000d388       0x12 CMakeFiles/Motor_controller.dir/Users/alazartegegnework/me433/Pico/pico-sdk/src/rp2_common/pico_runtime/runtime.c.obj
 .rodata.hard_assertion_failure.str1.4
                0x1000d388        0xc CMakeFiles/Motor_controller.dir/Users/alazartegegnework/me433/Pico/pico-sdk/src/rp2_common/pico_runtime/runtime.c.obj
 .rodata._ftoa.str1.4
                0x1000d388       0x15 CMakeFiles/Motor_controller.dir/Users/alazartegegnework/me433/Pico/pico-sdk/src/rp2_common/pico_printf/printf.c.obj
 .rodata._vsnprintf
                0x1000d388      0x19c CMakeFiles/Motor_controller.dir/Users/alazartegegnework/me433/Pico/pico-sdk/src/rp2_common/pico_printf/printf.c.obj
 *fill*         0x1000d524        0x4 
 .rodata.pow10.0
                0x1000d528       0x50 CMakeFiles/Motor_controller.dir/Users/alazartegegnework/me433/Pico/pico-sdk/src/rp2_common/pico_printf/printf.c.obj
 .rodata.__wrap_malloc.str1.4
                0x1000d578        0xe CMakeFiles/Motor_controller.dir/Users/alazartegegnework/me433/Pico/pico-sdk/src/rp2_common/pico_malloc/pico_malloc.c.obj
 .rodata.str1.4
                0x1000d578       0x48 CMakeFiles/Motor_controller.dir/Users/alazartegegnework/me433/Pico/pico-sdk/src/rp2_common/pico_standard_link/binary_info.c.obj
 .rodata.__bi_81
                0x1000d578        0xc CMakeFiles/Motor_controller.dir/Users/alazartegegnework/me433/Pico/pico-sdk/src/rp2_common/pico_standard_link/binary_info.c.obj
 .rodata.__bi_75
                0x1000d584        0xc CMakeFiles/Motor_controller.dir/Users/alazartegegnework/me433/Pico/pico-sdk/src/rp2_common/pico_standard_link/binary_info.c.obj
 .rodata.__bi_44
                0x1000d590        0xc CMakeFiles/Motor_controller.dir/Users/alazartegegnework/me433/Pico/pico-sdk/src/rp2_common/pico_standard_link/binary_info.c.obj
 .rodata.crlf_str.0
                0x1000d59c        0x2 CMakeFiles/Motor_controller.dir/Users/alazartegegnework/me433/Pico/pico-sdk/src/rp2_common/pico_stdio/stdio.c.obj
 *fill*         0x1000d59e        0x2 
 .rodata._resetd_driver
                0x1000d5a0       0x18 CMakeFiles/Motor_controller.dir/Users/alazartegegnework/me433/Pico/pico-sdk/src/rp2_common/pico_stdio_usb/reset_interface.c.obj
 .rodata.str1.4
                0x1000d5b8       0x13 CMakeFiles/Motor_controller.dir/Users/alazartegegnework/me433/Pico/pico-sdk/src/rp2_common/pico_stdio_usb/stdio_usb.c.obj
 .rodata.__bi_182.0
                0x1000d5b8        0xc CMakeFiles/Motor_controller.dir/Users/alazartegegnework/me433/Pico/pico-sdk/src/rp2_common/pico_stdio_usb/stdio_usb.c.obj
 .rodata.str1.4
                0x1000d5c4       0x2a CMakeFiles/Motor_controller.dir/Users/alazartegegnework/me433/Pico/pico-sdk/src/rp2_common/pico_stdio_usb/stdio_usb_descriptors.c.obj
 .rodata.usbd_desc_str
                0x1000d5c4       0x18 CMakeFiles/Motor_controller.dir/Users/alazartegegnework/me433/Pico/pico-sdk/src/rp2_common/pico_stdio_usb/stdio_usb_descriptors.c.obj
 .rodata.usbd_desc_cfg
                0x1000d5dc       0x54 CMakeFiles/Motor_controller.dir/Users/alazartegegnework/me433/Pico/pico-sdk/src/rp2_common/pico_stdio_usb/stdio_usb_descriptors.c.obj
 .rodata.usbd_desc_device
                0x1000d630       0x12 CMakeFiles/Motor_controller.dir/Users/alazartegegnework/me433/Pico/pico-sdk/src/rp2_common/pico_stdio_usb/stdio_usb_descriptors.c.obj
 .rodata.str1.4
                0x1000d642       0x14 CMakeFiles/Motor_controller.dir/Users/alazartegegnework/me433/Pico/pico-sdk/lib/tinyusb/src/portable/raspberrypi/rp2040/dcd_rp2040.c.obj
 .rodata.str1.4
                0x1000d642       0x53 CMakeFiles/Motor_controller.dir/Users/alazartegegnework/me433/Pico/pico-sdk/lib/tinyusb/src/portable/raspberrypi/rp2040/rp2040_usb.c.obj
 *fill*         0x1000d642        0x2 
 .rodata.tud_task_ext
                0x1000d644       0x8c CMakeFiles/Motor_controller.dir/Users/alazartegegnework/me433/Pico/pico-sdk/lib/tinyusb/src/device/usbd.c.obj
 .rodata._usbd_driver
                0x1000d6d0       0x18 CMakeFiles/Motor_controller.dir/Users/alazartegegnework/me433/Pico/pico-sdk/lib/tinyusb/src/device/usbd.c.obj
 .rodata._ctype_
                0x1000d6e8      0x101 /Applications/ArmGNUToolchain/13.2.Rel1/arm-none-eabi/bin/../lib/gcc/arm-none-eabi/13.2.1/../../../../arm-none-eabi/lib/thumb/v6-m/nofp/libc.a(libc_a-ctype_.o)
                0x1000d6e8                _ctype_
 .rodata.__svfscanf_r.str1.4
                0x1000d7e9        0x9 /Applications/ArmGNUToolchain/13.2.Rel1/arm-none-eabi/bin/../lib/gcc/arm-none-eabi/13.2.1/../../../../arm-none-eabi/lib/thumb/v6-m/nofp/libc.a(libc_a-vfscanf.o)
 *fill*         0x1000d7e9        0x3 
 .rodata.__svfscanf_r
                0x1000d7ec      0x3cc /Applications/ArmGNUToolchain/13.2.Rel1/arm-none-eabi/bin/../lib/gcc/arm-none-eabi/13.2.1/../../../../arm-none-eabi/lib/thumb/v6-m/nofp/libc.a(libc_a-vfscanf.o)
 .rodata.basefix.0
                0x1000dbb8       0x22 /Applications/ArmGNUToolchain/13.2.Rel1/arm-none-eabi/bin/../lib/gcc/arm-none-eabi/13.2.1/../../../../arm-none-eabi/lib/thumb/v6-m/nofp/libc.a(libc_a-vfscanf.o)
 .rodata._strtod_l.str1.4
                0x1000dbda       0x15 /Applications/ArmGNUToolchain/13.2.Rel1/arm-none-eabi/bin/../lib/gcc/arm-none-eabi/13.2.1/../../../../arm-none-eabi/lib/thumb/v6-m/nofp/libc.a(libc_a-strtod.o)
 *fill*         0x1000dbda        0x2 
 .rodata._strtod_l
                0x1000dbdc       0xd0 /Applications/ArmGNUToolchain/13.2.Rel1/arm-none-eabi/bin/../lib/gcc/arm-none-eabi/13.2.1/../../../../arm-none-eabi/lib/thumb/v6-m/nofp/libc.a(libc_a-strtod.o)
 .rodata.fpinan.0
                0x1000dcac       0x14 /Applications/ArmGNUToolchain/13.2.Rel1/arm-none-eabi/bin/../lib/gcc/arm-none-eabi/13.2.1/../../../../arm-none-eabi/lib/thumb/v6-m/nofp/libc.a(libc_a-strtod.o)
 .rodata.fpi.1  0x1000dcc0       0x14 /Applications/ArmGNUToolchain/13.2.Rel1/arm-none-eabi/bin/../lib/gcc/arm-none-eabi/13.2.1/../../../../arm-none-eabi/lib/thumb/v6-m/nofp/libc.a(libc_a-strtod.o)
 *fill*         0x1000dcd4        0x4 
 .rodata.tinytens
                0x1000dcd8       0x28 /Applications/ArmGNUToolchain/13.2.Rel1/arm-none-eabi/bin/../lib/gcc/arm-none-eabi/13.2.1/../../../../arm-none-eabi/lib/thumb/v6-m/nofp/libc.a(libc_a-strtod.o)
 .rodata.str1.4
                0x1000dd00       0x4c /Applications/ArmGNUToolchain/13.2.Rel1/arm-none-eabi/bin/../lib/gcc/arm-none-eabi/13.2.1/../../../../arm-none-eabi/lib/thumb/v6-m/nofp/libc.a(libc_a-locale.o)
 .rodata._mbrtowc_r.str1.4
                0x1000dd00        0x1 /Applications/ArmGNUToolchain/13.2.Rel1/arm-none-eabi/bin/../lib/gcc/arm-none-eabi/13.2.1/../../../../arm-none-eabi/lib/thumb/v6-m/nofp/libc.a(libc_a-mbrtowc.o)
 .rodata.__jp2uc
                0x1000dd00       0x20 /Applications/ArmGNUToolchain/13.2.Rel1/arm-none-eabi/bin/../lib/gcc/arm-none-eabi/13.2.1/../../../../arm-none-eabi/lib/thumb/v6-m/nofp/libc.a(libc_a-jp2uc.o)
 .rodata._jp2uc_l.str1.4
                0x1000dd20       0x12 /Applications/ArmGNUToolchain/13.2.Rel1/arm-none-eabi/bin/../lib/gcc/arm-none-eabi/13.2.1/../../../../arm-none-eabi/lib/thumb/v6-m/nofp/libc.a(libc_a-jp2uc.o)
 .rodata.d02f4  0x1000dd20     0x1a7c /Applications/ArmGNUToolchain/13.2.Rel1/arm-none-eabi/bin/../lib/gcc/arm-none-eabi/13.2.1/../../../../arm-none-eabi/lib/thumb/v6-m/nofp/libc.a(libc_a-jp2uc.o)
 .rodata.b02cf  0x1000f79c     0x172a /Applications/ArmGNUToolchain/13.2.Rel1/arm-none-eabi/bin/../lib/gcc/arm-none-eabi/13.2.1/../../../../arm-none-eabi/lib/thumb/v6-m/nofp/libc.a(libc_a-jp2uc.o)
 *fill*         0x10010ec6        0x2 
 .rodata.a8     0x10010ec8       0x40 /Applications/ArmGNUToolchain/13.2.Rel1/arm-none-eabi/bin/../lib/gcc/arm-none-eabi/13.2.1/../../../../arm-none-eabi/lib/thumb/v6-m/nofp/libc.a(libc_a-jp2uc.o)
 .rodata.a7     0x10010f08       0xa2 /Applications/ArmGNUToolchain/13.2.Rel1/arm-none-eabi/bin/../lib/gcc/arm-none-eabi/13.2.1/../../../../arm-none-eabi/lib/thumb/v6-m/nofp/libc.a(libc_a-jp2uc.o)
 *fill*         0x10010faa        0x2 
 .rodata.a6     0x10010fac       0x70 /Applications/ArmGNUToolchain/13.2.Rel1/arm-none-eabi/bin/../lib/gcc/arm-none-eabi/13.2.1/../../../../arm-none-eabi/lib/thumb/v6-m/nofp/libc.a(libc_a-jp2uc.o)
 .rodata.a3     0x1001101c       0x5b /Applications/ArmGNUToolchain/13.2.Rel1/arm-none-eabi/bin/../lib/gcc/arm-none-eabi/13.2.1/../../../../arm-none-eabi/lib/thumb/v6-m/nofp/libc.a(libc_a-jp2uc.o)
 *fill*         0x10011077        0x1 
 .rodata.a2     0x10011078       0xbc /Applications/ArmGNUToolchain/13.2.Rel1/arm-none-eabi/bin/../lib/gcc/arm-none-eabi/13.2.1/../../../../arm-none-eabi/lib/thumb/v6-m/nofp/libc.a(libc_a-jp2uc.o)
 .rodata.a1     0x10011134       0xbc /Applications/ArmGNUToolchain/13.2.Rel1/arm-none-eabi/bin/../lib/gcc/arm-none-eabi/13.2.1/../../../../arm-none-eabi/lib/thumb/v6-m/nofp/libc.a(libc_a-jp2uc.o)
 .rodata.categories
                0x100111f0     0x35dc /Applications/ArmGNUToolchain/13.2.Rel1/arm-none-eabi/bin/../lib/gcc/arm-none-eabi/13.2.1/../../../../arm-none-eabi/lib/thumb/v6-m/nofp/libc.a(libc_a-categories.o)
 .rodata.__gethex.str1.4
                0x100147cc       0x81 /Applications/ArmGNUToolchain/13.2.Rel1/arm-none-eabi/bin/../lib/gcc/arm-none-eabi/13.2.1/../../../../arm-none-eabi/lib/thumb/v6-m/nofp/libc.a(libc_a-gdtoa-gethex.o)
 .rodata.__hexdig
                0x100147cc      0x100 /Applications/ArmGNUToolchain/13.2.Rel1/arm-none-eabi/bin/../lib/gcc/arm-none-eabi/13.2.1/../../../../arm-none-eabi/lib/thumb/v6-m/nofp/libc.a(libc_a-gdtoa-gethex.o)
                0x100147cc                __hexdig
 .rodata.__multadd.str1.4
                0x100148cc       0x76 /Applications/ArmGNUToolchain/13.2.Rel1/arm-none-eabi/bin/../lib/gcc/arm-none-eabi/13.2.1/../../../../arm-none-eabi/lib/thumb/v6-m/nofp/libc.a(libc_a-mprec.o)
 .rodata.p05.0  0x100148cc        0xc /Applications/ArmGNUToolchain/13.2.Rel1/arm-none-eabi/bin/../lib/gcc/arm-none-eabi/13.2.1/../../../../arm-none-eabi/lib/thumb/v6-m/nofp/libc.a(libc_a-mprec.o)
 .rodata.__mprec_bigtens