Archive member included to satisfy reference by file (symbol)

/Applications/ArmGNUToolchain/13.2.Rel1/arm-none-eabi/bin/../lib/gcc/arm-none-eabi/13.2.1/thumb/v6-m/nofp/libgcc.a(_dvmd_tls.o)
                              CMakeFiles/Motor_controller_copy.dir/Users/alazartegegnework/me433/Pico/pico-sdk/src/rp2_common/pico_divider/divider.S.obj (__aeabi_idiv0)
/Applications/ArmGNUToolchain/13.2.Rel1/arm-none-eabi/bin/../lib/gcc/arm-none-eabi/13.2.1/../../../../arm-none-eabi/lib/thumb/v6-m/nofp/libc.a(libc_a-atoi.o)
                              CMakeFiles/Motor_controller_copy.dir/Motor_controller_copy.c.obj (atoi)
/Applications/ArmGNUToolchain/13.2.Rel1/arm-none-eabi/bin/../lib/gcc/arm-none-eabi/13.2.1/../../../../arm-none-eabi/lib/thumb/v6-m/nofp/libc.a(libc_a-calloc.o)
                              CMakeFiles/Motor_controller_copy.dir/Users/alazartegegnework/me433/Pico/pico-sdk/src/rp2_common/pico_malloc/pico_malloc.c.obj (calloc)
/Applications/ArmGNUToolchain/13.2.Rel1/arm-none-eabi/bin/../lib/gcc/arm-none-eabi/13.2.1/../../../../arm-none-eabi/lib/thumb/v6-m/nofp/libc.a(libc_a-callocr.o)
                              /Applications/ArmGNUToolchain/13.2.Rel1/arm-none-eabi/bin/../lib/gcc/arm-none-eabi/13.2.1/../../../../arm-none-eabi/lib/thumb/v6-m/nofp/libc.a(libc_a-calloc.o) (_calloc_r)
/Applications/ArmGNUToolchain/13.2.Rel1/arm-none-eabi/bin/../lib/gcc/arm-none-eabi/13.2.1/../../../../arm-none-eabi/lib/thumb/v6-m/nofp/libc.a(libc_a-malloc.o)
                              CMakeFiles/Motor_controller_copy.dir/Users/alazartegegnework/me433/Pico/pico-sdk/src/rp2_common/pico_malloc/pico_malloc.c.obj (malloc)
/Applications/ArmGNUToolchain/13.2.Rel1/arm-none-eabi/bin/../lib/gcc/arm-none-eabi/13.2.1/../../../../arm-none-eabi/lib/thumb/v6-m/nofp/libc.a(libc_a-mallocr.o)
                              /Applications/ArmGNUToolchain/13.2.Rel1/arm-none-eabi/bin/../lib/gcc/arm-none-eabi/13.2.1/../../../../arm-none-eabi/lib/thumb/v6-m/nofp/libc.a(libc_a-callocr.o) (_malloc_r)
/Applications/ArmGNUToolchain/13.2.Rel1/arm-none-eabi/bin/../lib/gcc/arm-none-eabi/13.2.1/../../../../arm-none-eabi/lib/thumb/v6-m/nofp/libc.a(libc_a-mlock.o)
                              /Applications/ArmGNUToolchain/13.2.Rel1/arm-none-eabi/bin/../lib/gcc/arm-none-eabi/13.2.1/../../../../arm-none-eabi/lib/thumb/v6-m/nofp/libc.a(libc_a-mallocr.o) (__malloc_lock)
/Applications/ArmGNUToolchain/13.2.Rel1/arm-none-eabi/bin/../lib/gcc/arm-none-eabi/13.2.1/../../../../arm-none-eabi/lib/thumb/v6-m/nofp/libc.a(libc_a-realloc.o)
                              CMakeFiles/Motor_controller_copy.dir/Users/alazartegegnework/me433/Pico/pico-sdk/src/rp2_common/pico_malloc/pico_malloc.c.obj (realloc)
/Applications/ArmGNUToolchain/13.2.Rel1/arm-none-eabi/bin/../lib/gcc/arm-none-eabi/13.2.1/../../../../arm-none-eabi/lib/thumb/v6-m/nofp/libc.a(libc_a-scanf.o)
                              CMakeFiles/Motor_controller_copy.dir/Motor_controller_copy.c.obj (scanf)
/Applications/ArmGNUToolchain/13.2.Rel1/arm-none-eabi/bin/../lib/gcc/arm-none-eabi/13.2.1/../../../../arm-none-eabi/lib/thumb/v6-m/nofp/libc.a(libc_a-reallocr.o)
                              /Applications/ArmGNUToolchain/13.2.Rel1/arm-none-eabi/bin/../lib/gcc/arm-none-eabi/13.2.1/../../../../arm-none-eabi/lib/thumb/v6-m/nofp/libc.a(libc_a-realloc.o) (_realloc_r)
/Applications/ArmGNUToolchain/13.2.Rel1/arm-none-eabi/bin/../lib/gcc/arm-none-eabi/13.2.1/../../../../arm-none-eabi/lib/thumb/v6-m/nofp/libc.a(libc_a-strtol.o)
                              /Applications/ArmGNUToolchain/13.2.Rel1/arm-none-eabi/bin/../lib/gcc/arm-none-eabi/13.2.1/../../../../arm-none-eabi/lib/thumb/v6-m/nofp/libc.a(libc_a-atoi.o) (_strtol_r)
/Applications/ArmGNUToolchain/13.2.Rel1/arm-none-eabi/bin/../lib/gcc/arm-none-eabi/13.2.1/../../../../arm-none-eabi/lib/thumb/v6-m/nofp/libc.a(libc_a-memmove.o)
                              /Applications/ArmGNUToolchain/13.2.Rel1/arm-none-eabi/bin/../lib/gcc/arm-none-eabi/13.2.1/../../../../arm-none-eabi/lib/thumb/v6-m/nofp/libc.a(libc_a-reallocr.o) (memmove)
/Applications/ArmGNUToolchain/13.2.Rel1/arm-none-eabi/bin/../lib/gcc/arm-none-eabi/13.2.1/../../../../arm-none-eabi/lib/thumb/v6-m/nofp/libc.a(libc_a-impure.o)
                              /Applications/ArmGNUToolchain/13.2.Rel1/arm-none-eabi/bin/../lib/gcc/arm-none-eabi/13.2.1/../../../../arm-none-eabi/lib/thumb/v6-m/nofp/libc.a(libc_a-calloc.o) (_impure_ptr)
/Applications/ArmGNUToolchain/13.2.Rel1/arm-none-eabi/bin/../lib/gcc/arm-none-eabi/13.2.1/../../../../arm-none-eabi/lib/thumb/v6-m/nofp/libc.a(libc_a-sbrkr.o)
                              /Applications/ArmGNUToolchain/13.2.Rel1/arm-none-eabi/bin/../lib/gcc/arm-none-eabi/13.2.1/../../../../arm-none-eabi/lib/thumb/v6-m/nofp/libc.a(libc_a-mallocr.o) (_sbrk_r)
/Applications/ArmGNUToolchain/13.2.Rel1/arm-none-eabi/bin/../lib/gcc/arm-none-eabi/13.2.1/../../../../arm-none-eabi/lib/thumb/v6-m/nofp/libc.a(libc_a-errno.o)
[...]
Memory Configuration

Name             Origin             Length             Attributes
FLASH            0x10000000         0x00200000         xr
RAM              0x20000000         0x00040000         xrw
SCRATCH_X        0x20040000         0x00001000         xrw
SCRATCH_Y        0x20041000         0x00001000         xrw
*default*        0x00000000         0xffffffff

Linker script and memory map

LOAD /Applications/ArmGNUToolchain/13.2.Rel1/arm-none-eabi/bin/../lib/gcc/arm-none-eabi/13.2.1/thumb/v6-m/nofp/crti.o
LOAD /Applications/ArmGNUToolchain/13.2.Rel1/arm-none-eabi/bin/../lib/gcc/arm-none-eabi/13.2.1/thumb/v6-m/nofp/crtbegin.o
LOAD /Applications/ArmGNUToolchain/13.2.Rel1/arm-none-eabi/bin/../lib/gcc/arm-none-eabi/13.2.1/../../../../arm-none-eabi/lib/thumb/v6-m/nofp/crt0.o

.flash_begin    0x10000000        0x0
                0x10000000                        __flash_binary_start = .

.boot2          0x10000000      0x100
                0x10000000                        __boot2_start__ = .
 *(.boot2)
 .boot2         0x10000000      0x100 /var/folders/dh/47h3w2hd0k9_3hlr7cvkycsm0000gn/T//cc2gNV9Z.o
                0x10000100                        __boot2_end__ = .
                0x00000001                        ASSERT (((__boot2_end__ - __boot2_start__) == 0x100), ERROR: Pico second stage bootloader must be 256 bytes in size)

.text           0x10000100     0xcf60
                0x10000100                        __logical_binary_start = .
 *(.vectors)
 .vectors       0x10000100       0xd4 CMakeFiles/Motor_controller_copy.dir/Users/alazartegegnework/me433/Pico/pico-sdk/src/rp2_common/pico_standard_link/crt0.S.obj
                0x10000100                __VECTOR_TABLE
                0x10000100                __vectors
                0x100001c0                __default_isrs_start
                0x100001c0                isr_invalid
                0x100001c2                isr_nmi
                0x100001c4                isr_hardfault
                0x100001c6                isr_svcall
                0x100001c8                isr_pendsv
                0x100001ca                isr_systick
                0x100001cc                isr_irq28
                0x100001cc                isr_irq19
                0x100001cc                isr_irq0
                0x100001cc                isr_irq6
                0x100001cc                isr_irq22
                0x100001cc                isr_irq17
                0x100001cc                isr_irq14
                0x100001cc                isr_irq2
                0x100001cc                isr_irq10
                0x100001cc                isr_irq8
                0x100001cc                isr_irq24
                0x100001cc                isr_irq1
                0x100001cc                isr_irq7
                0x100001cc                isr_irq21
                0x100001cc                isr_irq20
                0x100001cc                isr_irq15
                0x100001cc                isr_irq25
                0x100001cc                isr_irq4
                0x100001cc                isr_irq16
                0x100001cc                isr_irq29
                0x100001cc                isr_irq26
                0x100001cc                __default_isrs_end
                0x100001cc                isr_irq3
                0x100001cc                isr_irq9
                0x100001cc                __unhandled_user_irq
                0x100001cc                isr_irq13
                0x100001cc                isr_irq27
                0x100001cc                isr_irq31
                0x100001cc                isr_irq5
                0x100001cc                isr_irq11
                0x100001cc                isr_irq23
                0x100001cc                isr_irq18
                0x100001cc                isr_irq30
                0x100001cc                isr_irq12
                0x100001d2                unhandled_user_irq_num_in_r0
 *(.binary_info_header)
 .binary_info_header
                0x100001d4       0x14 CMakeFiles/Motor_controller_copy.dir/Users/alazartegegnework/me433/Pico/pico-sdk/src/rp2_common/pico_standard_link/crt0.S.obj
                0x100001e8                        __binary_info_header_end = .
 *(.reset)
 .reset         0x100001e8       0xa0 CMakeFiles/Motor_controller_copy.dir/Users/alazartegegnework/me433/Pico/pico-sdk/src/rp2_common/pico_standard_link/crt0.S.obj
                0x100001e8                _entry_point
 .reset         0x10000288       0x30 CMakeFiles/Motor_controller_copy.dir/Users/alazartegegnework/me433/Pico/pico-sdk/src/rp2_common/pico_standard_link/binary_info.c.obj
 *(.init)
 .init          0x100002b8        0x4 /Applications/ArmGNUToolchain/13.2.Rel1/arm-none-eabi/bin/../lib/gcc/arm-none-eabi/13.2.1/thumb/v6-m/nofp/crti.o
                0x100002b8                _init
 *(EXCLUDE_FILE(*libm.a: *libc.a:*lib_a-mem*.o *libgcc.a:) .text*)
 .text.register_tm_clones
                0x100002bc       0x28 /Applications/ArmGNUToolchain/13.2.Rel1/arm-none-eabi/bin/../lib/gcc/arm-none-eabi/13.2.1/thumb/v6-m/nofp/crtbegin.o
 .text.frame_dummy
                0x100002e4       0x24 /Applications/ArmGNUToolchain/13.2.Rel1/arm-none-eabi/bin/../lib/gcc/arm-none-eabi/13.2.1/thumb/v6-m/nofp/crtbegin.o
 .text.my_pwm_init
                0x10000308       0x78 CMakeFiles/Motor_controller_copy.dir/Motor_controller_copy.c.obj
                0x10000308                my_pwm_init
 .text.set_motors_speed
                0x10000380       0xd0 CMakeFiles/Motor_controller_copy.dir/Motor_controller_copy.c.obj
                0x10000380                set_motors_speed
 .text.startup.main
                0x10000450       0x78 CMakeFiles/Motor_controller_copy.dir/Motor_controller_copy.c.obj
                0x10000450                main
 .text.gpio_set_function
                0x100004c8       0x30 CMakeFiles/Motor_controller_copy.dir/Users/alazartegegnework/me433/Pico/pico-sdk/src/rp2_common/hardware_gpio/gpio.c.obj
                0x100004c8                gpio_set_function
 .text.gpio_init
                0x100004f8       0x3c CMakeFiles/Motor_controller_copy.dir/Users/alazartegegnework/me433/Pico/pico-sdk/src/rp2_common/hardware_gpio/gpio.c.obj
                0x100004f8                gpio_init
 .text.running_on_fpga
                0x10000534       0x10 CMakeFiles/Motor_controller_copy.dir/Users/alazartegegnework/me433/Pico/pico-sdk/src/rp2_common/pico_platform/platform.c.obj
                0x10000534                running_on_fpga
 .text.hw_claim_or_assert
                0x10000544       0x44 CMakeFiles/Motor_controller_copy.dir/Users/alazartegegnework/me433/Pico/pico-sdk/src/rp2_common/hardware_claim/claim.c.obj
                0x10000544                hw_claim_or_assert
 .text.hw_claim_unused_from_range
                0x10000588       0x9c CMakeFiles/Motor_controller_copy.dir/Users/alazartegegnework/me433/Pico/pico-sdk/src/rp2_common/hardware_claim/claim.c.obj
                0x10000588                hw_claim_unused_from_range
 .text.spin_locks_reset
                0x10000624       0x1c CMakeFiles/Motor_controller_copy.dir/Users/alazartegegnework/me433/Pico/pico-sdk/src/rp2_common/hardware_sync/sync.c.obj
                0x10000624                spin_locks_reset
 .text.next_striped_spin_lock_num
                0x10000640       0x18 CMakeFiles/Motor_controller_copy.dir/Users/alazartegegnework/me433/Pico/pico-sdk/src/rp2_common/hardware_sync/sync.c.obj
                0x10000640                next_striped_spin_lock_num
 .text.spin_lock_claim_unused
                0x10000658       0x24 CMakeFiles/Motor_controller_copy.dir/Users/alazartegegnework/me433/Pico/pico-sdk/src/rp2_common/hardware_sync/sync.c.obj
                0x10000658                spin_lock_claim_unused
 .text.irq_set_enabled
                0x1000067c       0x24 CMakeFiles/Motor_controller_copy.dir/Users/alazartegegnework/me433/Pico/pico-sdk/src/rp2_common/hardware_irq/irq.c.obj
                0x1000067c                irq_set_enabled
 .text.irq_set_pending
                0x100006a0       0x10 CMakeFiles/Motor_controller_copy.dir/Users/alazartegegnework/me433/Pico/pico-sdk/src/rp2_common/hardware_irq/irq.c.obj
                0x100006a0                irq_set_pending
 .text.irq_has_shared_handler
                0x100006b0       0x2c CMakeFiles/Motor_controller_copy.dir/Users/alazartegegnework/me433/Pico/pico-sdk/src/rp2_common/hardware_irq/irq.c.obj
                0x100006b0                irq_has_shared_handler
 .text.irq_get_vtable_handler
                0x100006dc       0x10 CMakeFiles/Motor_controller_copy.dir/Users/alazartegegnework/me433/Pico/pico-sdk/src/rp2_common/hardware_irq/irq.c.obj
                0x100006dc                irq_get_vtable_handler
 .text.irq_set_exclusive_handler
                0x100006ec       0x54 CMakeFiles/Motor_controller_copy.dir/Users/alazartegegnework/me433/Pico/pico-sdk/src/rp2_common/hardware_irq/irq.c.obj
                0x100006ec                irq_set_exclusive_handler
 .text.irq_add_shared_handler
                0x10000740      0x1f4 CMakeFiles/Motor_controller_copy.dir/Users/alazartegegnework/me433/Pico/pico-sdk/src/rp2_common/hardware_irq/irq.c.obj
                0x10000740                irq_add_shared_handler
 .text.irq_remove_handler
                0x10000934      0x1c4 CMakeFiles/Motor_controller_copy.dir/Users/alazartegegnework/me433/Pico/pico-sdk/src/rp2_common/hardware_irq/irq.c.obj
                0x10000934                irq_remove_handler
 .text.irq_add_tail_to_free_list
                0x10000af8       0xb4 CMakeFiles/Motor_controller_copy.dir/Users/alazartegegnework/me433/Pico/pico-sdk/src/rp2_common/hardware_irq/irq.c.obj
                0x10000af8                irq_add_tail_to_free_list
 .text.irq_init_priorities
                0x10000bac       0x24 CMakeFiles/Motor_controller_copy.dir/Users/alazartegegnework/me433/Pico/pico-sdk/src/rp2_common/hardware_irq/irq.c.obj
                0x10000bac                irq_init_priorities
 .text.user_irq_claim_unused
                0x10000bd0       0x2c CMakeFiles/Motor_controller_copy.dir/Users/alazartegegnework/me433/Pico/pico-sdk/src/rp2_common/hardware_irq/irq.c.obj
                0x10000bd0                user_irq_claim_unused
 .text.lock_init
                0x10000bfc       0x10 CMakeFiles/Motor_controller_copy.dir/Users/alazartegegnework/me433/Pico/pico-sdk/src/common/pico_sync/lock_core.c.obj
                0x10000bfc                lock_init
 .text.mutex_init
                0x10000c0c       0x1c CMakeFiles/Motor_controller_copy.dir/Users/alazartegegnework/me433/Pico/pico-sdk/src/common/pico_sync/mutex.c.obj
                0x10000c0c                mutex_init
 .text.recursive_mutex_init
                0x10000c28       0x1c CMakeFiles/Motor_controller_copy.dir/Users/alazartegegnework/me433/Pico/pico-sdk/src/common/pico_sync/mutex.c.obj
                0x10000c28                recursive_mutex_init
 .text.critical_section_init
                0x10000c44       0x1c CMakeFiles/Motor_controller_copy.dir/Users/alazartegegnework/me433/Pico/pico-sdk/src/common/pico_sync/critical_section.c.obj
                0x10000c44                critical_section_init
 .text.critical_section_init_with_lock_num
                0x10000c60       0x14 CMakeFiles/Motor_controller_copy.dir/Users/alazartegegnework/me433/Pico/pico-sdk/src/common/pico_sync/critical_section.c.obj
                0x10000c60                critical_section_init_with_lock_num
 .text.timer_pool_entry_comparator
                0x10000c74       0x34 CMakeFiles/Motor_controller_copy.dir/Users/alazartegegnework/me433/Pico/pico-sdk/src/common/pico_time/time.c.obj
                0x10000c74                timer_pool_entry_comparator
 .text.sleep_until_callback
                0x10000ca8       0x30 CMakeFiles/Motor_controller_copy.dir/Users/alazartegegnework/me433/Pico/pico-sdk/src/common/pico_time/time.c.obj
 .text.add_alarm_under_lock.isra.0
                0x10000cd8      0x100 CMakeFiles/Motor_controller_copy.dir/Users/alazartegegnework/me433/Pico/pico-sdk/src/common/pico_time/time.c.obj
 .text.alarm_pool_alarm_callback
                0x10000dd8      0x1c0 CMakeFiles/Motor_controller_copy.dir/Users/alazartegegnework/me433/Pico/pico-sdk/src/common/pico_time/time.c.obj
 .text.alarm_pool_init_default
                0x10000f98       0x6c CMakeFiles/Motor_controller_copy.dir/Users/alazartegegnework/me433/Pico/pico-sdk/src/common/pico_time/time.c.obj
                0x10000f98                alarm_pool_init_default
 .text.alarm_pool_get_default
                0x10001004        0x8 CMakeFiles/Motor_controller_copy.dir/Users/alazartegegnework/me433/Pico/pico-sdk/src/common/pico_time/time.c.obj
                0x10001004                alarm_pool_get_default
 .text.alarm_pool_add_alarm_at
                0x1000100c      0x17c CMakeFiles/Motor_controller_copy.dir/Users/alazartegegnework/me433/Pico/pico-sdk/src/common/pico_time/time.c.obj
                0x1000100c                alarm_pool_add_alarm_at
 .text.alarm_pool_core_num
                0x10001188        0x4 CMakeFiles/Motor_controller_copy.dir/Users/alazartegegnework/me433/Pico/pico-sdk/src/common/pico_time/time.c.obj
                0x10001188                alarm_pool_core_num
 .text.sleep_until
                0x1000118c       0xc4 CMakeFiles/Motor_controller_copy.dir/Users/alazartegegnework/me433/Pico/pico-sdk/src/common/pico_time/time.c.obj
                0x1000118c                sleep_until
 .text.sleep_ms
                0x10001250       0x38 CMakeFiles/Motor_controller_copy.dir/Users/alazartegegnework/me433/Pico/pico-sdk/src/common/pico_time/time.c.obj
                0x10001250                sleep_ms
 .text.best_effort_wfe_or_timeout
                0x10001288       0xcc CMakeFiles/Motor_controller_copy.dir/Users/alazartegegnework/me433/Pico/pico-sdk/src/common/pico_time/time.c.obj
                0x10001288                best_effort_wfe_or_timeout
 .text.hardware_alarm_irq_handler
                0x10001354       0xbc CMakeFiles/Motor_controller_copy.dir/Users/alazartegegnework/me433/Pico/pico-sdk/src/rp2_common/hardware_timer/timer.c.obj
 .text.hardware_alarm_claim
                0x10001410       0x18 CMakeFiles/Motor_controller_copy.dir/Users/alazartegegnework/me433/Pico/pico-sdk/src/rp2_common/hardware_timer/timer.c.obj
                0x10001410                hardware_alarm_claim
 .text.time_us_64
                0x10001428       0x14 CMakeFiles/Motor_controller_copy.dir/Users/alazartegegnework/me433/Pico/pico-sdk/src/rp2_common/hardware_timer/timer.c.obj
                0x10001428                time_us_64
 .text.busy_wait_us
                0x1000143c       0x68 CMakeFiles/Motor_controller_copy.dir/Users/alazartegegnework/me433/Pico/pico-sdk/src/rp2_common/hardware_timer/timer.c.obj
                0x1000143c                busy_wait_us
 .text.busy_wait_until
                0x100014a4       0x20 CMakeFiles/Motor_controller_copy.dir/Users/alazartegegnework/me433/Pico/pico-sdk/src/rp2_common/hardware_timer/timer.c.obj
                0x100014a4                busy_wait_until
 .text.hardware_alarm_set_callback
                0x100014c4       0x8c CMakeFiles/Motor_controller_copy.dir/Users/alazartegegnework/me433/Pico/pico-sdk/src/rp2_common/hardware_timer/timer.c.obj
                0x100014c4                hardware_alarm_set_callback
 .text.hardware_alarm_set_target
                0x10001550       0xd0 CMakeFiles/Motor_controller_copy.dir/Users/alazartegegnework/me433/Pico/pico-sdk/src/rp2_common/hardware_timer/timer.c.obj
                0x10001550                hardware_alarm_set_target
 .text.hardware_alarm_cancel
                0x10001620       0x3c CMakeFiles/Motor_controller_copy.dir/Users/alazartegegnework/me433/Pico/pico-sdk/src/rp2_common/hardware_timer/timer.c.obj
                0x10001620                hardware_alarm_cancel
 .text.ph_merge_nodes
                0x1000165c       0x58 CMakeFiles/Motor_controller_copy.dir/Users/alazartegegnework/me433/Pico/pico-sdk/src/common/pico_util/pheap.c.obj
 .text.ph_post_alloc_init
                0x100016b4       0x3c CMakeFiles/Motor_controller_copy.dir/Users/alazartegegnework/me433/Pico/pico-sdk/src/common/pico_util/pheap.c.obj
                0x100016b4                ph_post_alloc_init
 .text.ph_merge_two_pass
                0x100016f0       0x8c CMakeFiles/Motor_controller_copy.dir/Users/alazartegegnework/me433/Pico/pico-sdk/src/common/pico_util/pheap.c.obj
                0x100016f0                ph_merge_two_pass
 .text.ph_remove_any_head
                0x1000177c      0x100 CMakeFiles/Motor_controller_copy.dir/Users/alazartegegnework/me433/Pico/pico-sdk/src/common/pico_util/pheap.c.obj
 .text.ph_remove_head
                0x1000187c      0x104 CMakeFiles/Motor_controller_copy.dir/Users/alazartegegnework/me433/Pico/pico-sdk/src/common/pico_util/pheap.c.obj
                0x1000187c                ph_remove_head
 .text.ph_remove_and_free_node
                0x10001980       0x78 CMakeFiles/Motor_controller_copy.dir/Users/alazartegegnework/me433/Pico/pico-sdk/src/common/pico_util/pheap.c.obj
                0x10001980                ph_remove_and_free_node
 .text.clocks_init
                0x100019f8      0x2c8 CMakeFiles/Motor_controller_copy.dir/Users/alazartegegnework/me433/Pico/pico-sdk/src/rp2_common/hardware_clocks/clocks.c.obj
                0x100019f8                clocks_init
 .text.pll_init
                0x10001cc0       0xa4 CMakeFiles/Motor_controller_copy.dir/Users/alazartegegnework/me433/Pico/pico-sdk/src/rp2_common/hardware_pll/pll.c.obj
                0x10001cc0                pll_init
 .text.watchdog_start_tick
                0x10001d64       0x10 CMakeFiles/Motor_controller_copy.dir/Users/alazartegegnework/me433/Pico/pico-sdk/src/rp2_common/hardware_watchdog/watchdog.c.obj
                0x10001d64                watchdog_start_tick
 .text.watchdog_reboot
                0x10001d74       0x9c CMakeFiles/Motor_controller_copy.dir/Users/alazartegegnework/me433/Pico/pico-sdk/src/rp2_common/hardware_watchdog/watchdog.c.obj
                0x10001d74                watchdog_reboot
 .text.xosc_init
                0x10001e10       0x28 CMakeFiles/Motor_controller_copy.dir/Users/alazartegegnework/me433/Pico/pico-sdk/src/rp2_common/hardware_xosc/xosc.c.obj
                0x10001e10                xosc_init
 .text.runtime_init
                0x10001e38       0xf0 CMakeFiles/Motor_controller_copy.dir/Users/alazartegegnework/me433/Pico/pico-sdk/src/rp2_common/pico_runtime/runtime.c.obj
                0x10001e38                runtime_init
 .text._exit    0x10001f28        0x4 CMakeFiles/Motor_controller_copy.dir/Users/alazartegegnework/me433/Pico/pico-sdk/src/rp2_common/pico_runtime/runtime.c.obj
                0x10001f28                _exit
 .text._sbrk    0x10001f2c       0x34 CMakeFiles/Motor_controller_copy.dir/Users/alazartegegnework/me433/Pico/pico-sdk/src/rp2_common/pico_runtime/runtime.c.obj
                0x10001f2c                _sbrk
 .text.exit     0x10001f60        0x8 CMakeFiles/Motor_controller_copy.dir/Users/alazartegegnework/me433/Pico/pico-sdk/src/rp2_common/pico_runtime/runtime.c.obj
                0x10001f60                exit
 .text.__assert_func
                0x10001f68       0x38 CMakeFiles/Motor_controller_copy.dir/Users/alazartegegnework/me433/Pico/pico-sdk/src/rp2_common/pico_runtime/runtime.c.obj
                0x10001f68                __assert_func
 .text.panic    0x10001fa0       0x30 CMakeFiles/Motor_controller_copy.dir/Users/alazartegegnework/me433/Pico/pico-sdk/src/rp2_common/pico_runtime/runtime.c.obj
                0x10001fa0                panic
 .text.hard_assertion_failure
                0x10001fd0        0xc CMakeFiles/Motor_controller_copy.dir/Users/alazartegegnework/me433/Pico/pico-sdk/src/rp2_common/pico_runtime/runtime.c.obj
                0x10001fd0                hard_assertion_failure
 .text._out_buffer
                0x10001fdc        0x8 CMakeFiles/Motor_controller_copy.dir/Users/alazartegegnework/me433/Pico/pico-sdk/src/rp2_common/pico_printf/printf.c.obj
 .text._out_null
                0x10001fe4        0x4 CMakeFiles/Motor_controller_copy.dir/Users/alazartegegnework/me433/Pico/pico-sdk/src/rp2_common/pico_printf/printf.c.obj
 .text._out_rev
                0x10001fe8       0xac CMakeFiles/Motor_controller_copy.dir/Users/alazartegegnework/me433/Pico/pico-sdk/src/rp2_common/pico_printf/printf.c.obj
 .text._ntoa_format
                0x10002094      0x250 CMakeFiles/Motor_controller_copy.dir/Users/alazartegegnework/me433/Pico/pico-sdk/src/rp2_common/pico_printf/printf.c.obj
 .text._out_char
                0x100022e4       0x10 CMakeFiles/Motor_controller_copy.dir/Users/alazartegegnework/me433/Pico/pico-sdk/src/rp2_common/pico_printf/printf.c.obj
 .text._out_fct
                0x100022f4       0x10 CMakeFiles/Motor_controller_copy.dir/Users/alazartegegnework/me433/Pico/pico-sdk/src/rp2_common/pico_printf/printf.c.obj
 .text._etoa    0x10002304      0x464 CMakeFiles/Motor_controller_copy.dir/Users/alazartegegnework/me433/Pico/pico-sdk/src/rp2_common/pico_printf/printf.c.obj
 .text._ftoa    0x10002768      0x3c0 CMakeFiles/Motor_controller_copy.dir/Users/alazartegegnework/me433/Pico/pico-sdk/src/rp2_common/pico_printf/printf.c.obj
 .text._vsnprintf
                0x10002b28      0xbc8 CMakeFiles/Motor_controller_copy.dir/Users/alazartegegnework/me433/Pico/pico-sdk/src/rp2_common/pico_printf/printf.c.obj
 .text.__wrap_sprintf
                0x100036f0       0x2c CMakeFiles/Motor_controller_copy.dir/Users/alazartegegnework/me433/Pico/pico-sdk/src/rp2_common/pico_printf/printf.c.obj
                0x100036f0                __wrap_sprintf
 .text.vfctprintf
                0x1000371c       0x20 CMakeFiles/Motor_controller_copy.dir/Users/alazartegegnework/me433/Pico/pico-sdk/src/rp2_common/pico_printf/printf.c.obj
                0x1000371c                vfctprintf
 .text.weak_raw_printf
                0x1000373c       0x40 CMakeFiles/Motor_controller_copy.dir/Users/alazartegegnework/me433/Pico/pico-sdk/src/rp2_common/pico_printf/printf.c.obj
                0x1000373c                weak_raw_printf
 .text.weak_raw_vprintf
                0x1000377c       0x30 CMakeFiles/Motor_controller_copy.dir/Users/alazartegegnework/me433/Pico/pico-sdk/src/rp2_common/pico_printf/printf.c.obj
                0x1000377c                weak_raw_vprintf
 .text          0x100037ac       0x10 CMakeFiles/Motor_controller_copy.dir/Users/alazartegegnework/me433/Pico/pico-sdk/src/rp2_common/pico_bit_ops/bit_ops_aeabi.S.obj
 .text.rom_func_lookup
                0x100037bc       0x10 CMakeFiles/Motor_controller_copy.dir/Users/alazartegegnework/me433/Pico/pico-sdk/src/rp2_common/pico_bootrom/bootrom.c.obj
                0x100037bc                rom_func_lookup
 .text.rom_data_lookup
                0x100037cc       0x10 CMakeFiles/Motor_controller_copy.dir/Users/alazartegegnework/me433/Pico/pico-sdk/src/rp2_common/pico_bootrom/bootrom.c.obj
                0x100037cc                rom_data_lookup
 .text.rom_funcs_lookup
                0x100037dc       0x44 CMakeFiles/Motor_controller_copy.dir/Users/alazartegegnework/me433/Pico/pico-sdk/src/rp2_common/pico_bootrom/bootrom.c.obj
                0x100037dc                rom_funcs_lookup
 .text.__wrap___aeabi_idiv
                0x10003820       0x50 CMakeFiles/Motor_controller_copy.dir/Users/alazartegegnework/me433/Pico/pico-sdk/src/rp2_common/pico_divider/divider.S.obj
                0x10003820                __wrap___aeabi_idivmod
                0x10003820                divmod_s32s32
                0x10003820                div_s32s32
                0x10003820                __wrap___aeabi_idiv
                0x10003828                divmod_s32s32_unsafe
                0x10003854                divmod_s32s32_savestate
 .text.__wrap___aeabi_uidiv
                0x10003870       0x4c CMakeFiles/Motor_controller_copy.dir/Users/alazartegegnework/me433/Pico/pico-sdk/src/rp2_common/pico_divider/divider.S.obj
                0x10003870                __wrap___aeabi_uidiv
                0x10003870                __wrap___aeabi_uidivmod
                0x10003870                div_u32u32
                0x10003870                divmod_u32u32
                0x10003878                divmod_u32u32_unsafe
                0x100038a0                divmod_u32u32_savestate
 .text.__wrap___aeabi_ldiv
                0x100038bc      0x424 CMakeFiles/Motor_controller_copy.dir/Users/alazartegegnework/me433/Pico/pico-sdk/src/rp2_common/pico_divider/divider.S.obj
                0x100038bc                __wrap___aeabi_ldivmod
                0x100038bc                div_s64s64
                0x100038bc                divmod_s64s64
                0x100038ec                divmod_u64u64
                0x100038ec                div_u64u64
                0x100038ec                __wrap___aeabi_uldivmod
                0x100038fc                divmod_u64u64_savestate
                0x1000391c                divmod_s64s64_unsafe
                0x100039a4                divmod_u64u64_unsafe
 .text.__wrap___aeabi_darithmetic
                0x10003ce0       0x80 CMakeFiles/Motor_controller_copy.dir/Users/alazartegegnework/me433/Pico/pico-sdk/src/rp2_common/pico_double/double_aeabi.S.obj
                0x10003ce0                __wrap___aeabi_drsub
                0x10003ce6                __wrap___aeabi_dsub
                0x10003cf8                __wrap___aeabi_dadd
                0x10003d0a                __wrap___aeabi_ddiv
                0x10003d46                __wrap___aeabi_dmul
 .text.__wrap___aeabi_cdcmple
                0x10003d60       0x6c CMakeFiles/Motor_controller_copy.dir/Users/alazartegegnework/me433/Pico/pico-sdk/src/rp2_common/pico_double/double_aeabi.S.obj
                0x10003d60                __wrap___aeabi_cdrcmple
                0x10003d70                __wrap___aeabi_cdcmple
                0x10003d70                __wrap___aeabi_cdcmpeq
 .text.__wrap___aeabi_dcmpeq
                0x10003dcc       0x10 CMakeFiles/Motor_controller_copy.dir/Users/alazartegegnework/me433/Pico/pico-sdk/src/rp2_common/pico_double/double_aeabi.S.obj
                0x10003dcc                __wrap___aeabi_dcmpeq
 .text.__wrap___aeabi_dcmplt
                0x10003ddc        0xc CMakeFiles/Motor_controller_copy.dir/Users/alazartegegnework/me433/Pico/pico-sdk/src/rp2_common/pico_double/double_aeabi.S.obj
                0x10003ddc                __wrap___aeabi_dcmplt
 .text.__wrap___aeabi_dcmple
                0x10003de8       0x10 CMakeFiles/Motor_controller_copy.dir/Users/alazartegegnework/me433/Pico/pico-sdk/src/rp2_common/pico_double/double_aeabi.S.obj
                0x10003de8                __wrap___aeabi_dcmple
 .text.__wrap___aeabi_dcmpge
                0x10003df8       0x10 CMakeFiles/Motor_controller_copy.dir/Users/alazartegegnework/me433/Pico/pico-sdk/src/rp2_common/pico_double/double_aeabi.S.obj
                0x10003df8                __wrap___aeabi_dcmpge
 .text.__wrap___aeabi_dcmpgt
                0x10003e08        0xa CMakeFiles/Motor_controller_copy.dir/Users/alazartegegnework/me433/Pico/pico-sdk/src/rp2_common/pico_double/double_aeabi.S.obj
                0x10003e08                __wrap___aeabi_dcmpgt
 .text.__wrap___aeabi_dcmpun
                0x10003e12       0x1c CMakeFiles/Motor_controller_copy.dir/Users/alazartegegnework/me433/Pico/pico-sdk/src/rp2_common/pico_double/double_aeabi.S.obj
                0x10003e12                __wrap___aeabi_dcmpun
 *fill*         0x10003e2e        0x2 
 .text.__wrap___aeabi_i2d
                0x10003e30       0x38 CMakeFiles/Motor_controller_copy.dir/Users/alazartegegnework/me433/Pico/pico-sdk/src/rp2_common/pico_double/double_aeabi.S.obj
                0x10003e30                __wrap___aeabi_ui2d
                0x10003e38                __wrap___aeabi_i2d
 .text.__wrap___aeabi_d2iz
                0x10003e68       0x48 CMakeFiles/Motor_controller_copy.dir/Users/alazartegegnework/me433/Pico/pico-sdk/src/rp2_common/pico_double/double_aeabi.S.obj
                0x10003e68                __wrap___aeabi_d2iz
                0x10003e68                double2int_z
 .text.__wrap___aeabi_d2uiz
                0x10003eb0       0x18 CMakeFiles/Motor_controller_copy.dir/Users/alazartegegnework/me433/Pico/pico-sdk/src/rp2_common/pico_double/double_aeabi.S.obj
                0x10003eb0                double2uint
                0x10003eb0                __wrap___aeabi_d2uiz
 .text.__wrap___aeabi_l2d
                0x10003ec8       0x18 CMakeFiles/Motor_controller_copy.dir/Users/alazartegegnework/me433/Pico/pico-sdk/src/rp2_common/pico_double/double_aeabi.S.obj
                0x10003ec8                __wrap___aeabi_l2d
 .text.__wrap___aeabi_d2lz
                0x10003ee0       0x26 CMakeFiles/Motor_controller_copy.dir/Users/alazartegegnework/me433/Pico/pico-sdk/src/rp2_common/pico_double/double_aeabi.S.obj
                0x10003ee0                __wrap___aeabi_d2lz
                0x10003ee0                double2int64_z
 *fill*         0x10003f06        0x2 
 .text.double2int64
                0x10003f08       0x18 CMakeFiles/Motor_controller_copy.dir/Users/alazartegegnework/me433/Pico/pico-sdk/src/rp2_common/pico_double/double_aeabi.S.obj
                0x10003f08                double2int64
 .text.double2ufix64
                0x10003f20       0x18 CMakeFiles/Motor_controller_copy.dir/Users/alazartegegnework/me433/Pico/pico-sdk/src/rp2_common/pico_double/double_aeabi.S.obj
                0x10003f20                double2ufix64
 .text.__wrap___aeabi_d2f
                0x10003f38       0x18 CMakeFiles/Motor_controller_copy.dir/Users/alazartegegnework/me433/Pico/pico-sdk/src/rp2_common/pico_double/double_aeabi.S.obj
                0x10003f38                __wrap___aeabi_d2f
 .text.__aeabi_double_init
                0x10003f50       0x98 CMakeFiles/Motor_controller_copy.dir/Users/alazartegegnework/me433/Pico/pico-sdk/src/rp2_common/pico_double/double_init_rom.c.obj
                0x10003f50                __aeabi_double_init
 .text.double_table_shim_on_use_helper
                0x10003fe8       0x2c CMakeFiles/Motor_controller_copy.dir/Users/alazartegegnework/me433/Pico/pico-sdk/src/rp2_common/pico_double/double_v1_rom_shim.S.obj
                0x10003fe8                double_table_shim_on_use_helper
 .text.__wrap___aeabi_dsub
                0x10004014       0x10 CMakeFiles/Motor_controller_copy.dir/Users/alazartegegnework/me433/Pico/pico-sdk/src/rp2_common/pico_double/double_v1_rom_shim.S.obj
                0x10004014                drsub_shim
                0x1000401a                dsub_shim
 .text.dadd_shim
                0x10004024      0x15c CMakeFiles/Motor_controller_copy.dir/Users/alazartegegnework/me433/Pico/pico-sdk/src/rp2_common/pico_double/double_v1_rom_shim.S.obj
                0x10004024                dadd_shim
 .text.dmul_shim
                0x10004180      0x15c CMakeFiles/Motor_controller_copy.dir/Users/alazartegegnework/me433/Pico/pico-sdk/src/rp2_common/pico_double/double_v1_rom_shim.S.obj
                0x10004180                dmul_shim
 .text.ddiv_shim
                0x100042dc      0x1b0 CMakeFiles/Motor_controller_copy.dir/Users/alazartegegnework/me433/Pico/pico-sdk/src/rp2_common/pico_double/double_v1_rom_shim.S.obj
                0x100042dc                ddiv_shim
 .text.double2uint_shim
                0x1000448c        0xe CMakeFiles/Motor_controller_copy.dir/Users/alazartegegnework/me433/Pico/pico-sdk/src/rp2_common/pico_double/double_v1_rom_shim.S.obj
                0x1000448c                double2uint_shim
                0x1000448e                double2ufix_shim
 .text.double2int64_shim
                0x1000449a       0x1a CMakeFiles/Motor_controller_copy.dir/Users/alazartegegnework/me433/Pico/pico-sdk/src/rp2_common/pico_double/double_v1_rom_shim.S.obj
                0x1000449a                double2int64_shim
                0x1000449c                double2fix64_shim
 .text.double2uint64_shim
                0x100044b4       0x70 CMakeFiles/Motor_controller_copy.dir/Users/alazartegegnework/me433/Pico/pico-sdk/src/rp2_common/pico_double/double_v1_rom_shim.S.obj
                0x100044b4                double2uint64_shim
                0x100044b6                double2ufix64_shim
                0x100044d6                d2fix_a
 .text.double2float_shim
                0x10004524       0x5c CMakeFiles/Motor_controller_copy.dir/Users/alazartegegnework/me433/Pico/pico-sdk/src/rp2_common/pico_double/double_v1_rom_shim.S.obj
                0x10004524                double2float_shim
 .text.x2double_shims
                0x10004580       0x90 CMakeFiles/Motor_controller_copy.dir/Users/alazartegegnework/me433/Pico/pico-sdk/src/rp2_common/pico_double/double_v1_rom_shim.S.obj
                0x10004580                uint2double_shim
                0x10004582                ufix2double_shim
                0x10004588                int2double_shim
                0x1000458a                fix2double_shim
                0x10004590                uint642double_shim
                0x10004592                ufix642double_shim
                0x10004598                int642double_shim
                0x1000459a                fix642double_shim
 .text.dunpacks
                0x10004610       0x3c CMakeFiles/Motor_controller_copy.dir/Users/alazartegegnework/me433/Pico/pico-sdk/src/rp2_common/pico_double/double_v1_rom_shim.S.obj
                0x10004610                dunpacks
 .text.__aeabi_lmul
                0x1000464c       0x32 CMakeFiles/Motor_controller_copy.dir/Users/alazartegegnework/me433/Pico/pico-sdk/src/rp2_common/pico_int64_ops/pico_int64_ops_aeabi.S.obj
                0x1000464c                __wrap___aeabi_lmul
 *fill*         0x1000467e        0x2 
 .text.__aeabi_float_init
                0x10004680       0x64 CMakeFiles/Motor_controller_copy.dir/Users/alazartegegnework/me433/Pico/pico-sdk/src/rp2_common/pico_float/float_init_rom.c.obj
                0x10004680                __aeabi_float_init
 .text.float_table_shim_on_use_helper
                0x100046e4       0x2c CMakeFiles/Motor_controller_copy.dir/Users/alazartegegnework/me433/Pico/pico-sdk/src/rp2_common/pico_float/float_v1_rom_shim.S.obj
                0x100046e4                float_table_shim_on_use_helper
 .text.__wrap_malloc
                0x10004710       0x24 CMakeFiles/Motor_controller_copy.dir/Users/alazartegegnework/me433/Pico/pico-sdk/src/rp2_common/pico_malloc/pico_malloc.c.obj
                0x10004710                __wrap_malloc
 .text.__wrap_realloc
                0x10004734       0x24 CMakeFiles/Motor_controller_copy.dir/Users/alazartegegnework/me433/Pico/pico-sdk/src/rp2_common/pico_malloc/pico_malloc.c.obj
                0x10004734                __wrap_realloc
 .text.__wrap_free
                0x10004758        0x8 CMakeFiles/Motor_controller_copy.dir/Users/alazartegegnework/me433/Pico/pico-sdk/src/rp2_common/pico_malloc/pico_malloc.c.obj
                0x10004758                __wrap_free
 .text          0x10004760       0x10 CMakeFiles/Motor_controller_copy.dir/Users/alazartegegnework/me433/Pico/pico-sdk/src/rp2_common/pico_mem_ops/mem_ops_aeabi.S.obj
                0x10004760                __aeabi_mem_init
 .text.memset   0x10004770        0xc CMakeFiles/Motor_controller_copy.dir/Users/alazartegegnework/me433/Pico/pico-sdk/src/rp2_common/pico_mem_ops/mem_ops_aeabi.S.obj
                0x10004770                __wrap_memset
 .text.memcpy   0x1000477c        0xc CMakeFiles/Motor_controller_copy.dir/Users/alazartegegnework/me433/Pico/pico-sdk/src/rp2_common/pico_mem_ops/mem_ops_aeabi.S.obj
                0x1000477c                __wrap___aeabi_memcpy
                0x1000477c                __wrap_memcpy
 .text.stdio_out_chars_crlf
                0x10004788       0x94 CMakeFiles/Motor_controller_copy.dir/Users/alazartegegnework/me433/Pico/pico-sdk/src/rp2_common/pico_stdio/stdio.c.obj
 .text.stdio_buffered_printer
                0x1000481c       0x64 CMakeFiles/Motor_controller_copy.dir/Users/alazartegegnework/me433/Pico/pico-sdk/src/rp2_common/pico_stdio/stdio.c.obj
 .text.__wrap_putchar
                0x10004880       0x98 CMakeFiles/Motor_controller_copy.dir/Users/alazartegegnework/me433/Pico/pico-sdk/src/rp2_common/pico_stdio/stdio.c.obj
                0x10004880                __wrap_putchar
 .text.__wrap_puts
                0x10004918       0xe0 CMakeFiles/Motor_controller_copy.dir/Users/alazartegegnework/me433/Pico/pico-sdk/src/rp2_common/pico_stdio/stdio.c.obj
                0x10004918                __wrap_puts
 .text._read    0x100049f8       0x94 CMakeFiles/Motor_controller_copy.dir/Users/alazartegegnework/me433/Pico/pico-sdk/src/rp2_common/pico_stdio/stdio.c.obj
                0x100049f8                _read
 .text._write   0x10004a8c       0xb4 CMakeFiles/Motor_controller_copy.dir/Users/alazartegegnework/me433/Pico/pico-sdk/src/rp2_common/pico_stdio/stdio.c.obj
                0x10004a8c                _write
 .text._close   0x10004b40        0x8 CMakeFiles/Motor_controller_copy.dir/Users/alazartegegnework/me433/Pico/pico-sdk/src/rp2_common/pico_stdio/stdio.c.obj
                0x10004b40                _close
 .text._lseek   0x10004b48        0x8 CMakeFiles/Motor_controller_copy.dir/Users/alazartegegnework/me433/Pico/pico-sdk/src/rp2_common/pico_stdio/stdio.c.obj
                0x10004b48                _lseek
 .text._fstat   0x10004b50        0x8 CMakeFiles/Motor_controller_copy.dir/Users/alazartegegnework/me433/Pico/pico-sdk/src/rp2_common/pico_stdio/stdio.c.obj
                0x10004b50                _fstat
 .text._isatty  0x10004b58        0xc CMakeFiles/Motor_controller_copy.dir/Users/alazartegegnework/me433/Pico/pico-sdk/src/rp2_common/pico_stdio/stdio.c.obj
                0x10004b58                _isatty
 .text.stdio_set_driver_enabled
                0x10004b64       0x30 CMakeFiles/Motor_controller_copy.dir/Users/alazartegegnework/me433/Pico/pico-sdk/src/rp2_common/pico_stdio/stdio.c.obj
                0x10004b64                stdio_set_driver_enabled
 .text.__wrap_vprintf
                0x10004b94       0xd4 CMakeFiles/Motor_controller_copy.dir/Users/alazartegegnework/me433/Pico/pico-sdk/src/rp2_common/pico_stdio/stdio.c.obj
                0x10004b94                __wrap_vprintf
 .text.__wrap_printf
                0x10004c68       0x18 CMakeFiles/Motor_controller_copy.dir/Users/alazartegegnework/me433/Pico/pico-sdk/src/rp2_common/pico_stdio/stdio.c.obj
                0x10004c68                __wrap_printf
 .text.stdio_init_all
                0x10004c80        0x8 CMakeFiles/Motor_controller_copy.dir/Users/alazartegegnework/me433/Pico/pico-sdk/src/rp2_common/pico_stdio/stdio.c.obj
                0x10004c80                stdio_init_all
 .text.resetd_init
                0x10004c88        0x4 CMakeFiles/Motor_controller_copy.dir/Users/alazartegegnework/me433/Pico/pico-sdk/src/rp2_common/pico_stdio_usb/reset_interface.c.obj
 .text.resetd_reset
                0x10004c8c        0xc CMakeFiles/Motor_controller_copy.dir/Users/alazartegegnework/me433/Pico/pico-sdk/src/rp2_common/pico_stdio_usb/reset_interface.c.obj
 .text.resetd_open
                0x10004c98       0x28 CMakeFiles/Motor_controller_copy.dir/Users/alazartegegnework/me433/Pico/pico-sdk/src/rp2_common/pico_stdio_usb/reset_interface.c.obj
 .text.resetd_xfer_cb
                0x10004cc0        0x4 CMakeFiles/Motor_controller_copy.dir/Users/alazartegegnework/me433/Pico/pico-sdk/src/rp2_common/pico_stdio_usb/reset_interface.c.obj
 .text.resetd_control_xfer_cb
                0x10004cc4       0x60 CMakeFiles/Motor_controller_copy.dir/Users/alazartegegnework/me433/Pico/pico-sdk/src/rp2_common/pico_stdio_usb/reset_interface.c.obj
 .text.usbd_app_driver_get_cb
                0x10004d24        0xc CMakeFiles/Motor_controller_copy.dir/Users/alazartegegnework/me433/Pico/pico-sdk/src/rp2_common/pico_stdio_usb/reset_interface.c.obj
                0x10004d24                usbd_app_driver_get_cb
 .text.tud_cdc_line_coding_cb
                0x10004d30       0x34 CMakeFiles/Motor_controller_copy.dir/Users/alazartegegnework/me433/Pico/pico-sdk/src/rp2_common/pico_stdio_usb/reset_interface.c.obj
                0x10004d30                tud_cdc_line_coding_cb
 .text.stdio_usb_set_chars_available_callback
                0x10004d64       0x14 CMakeFiles/Motor_controller_copy.dir/Users/alazartegegnework/me433/Pico/pico-sdk/src/rp2_common/pico_stdio_usb/stdio_usb.c.obj
                0x10004d64                stdio_usb_set_chars_available_callback
 .text.usb_irq  0x10004d78       0x10 CMakeFiles/Motor_controller_copy.dir/Users/alazartegegnework/me433/Pico/pico-sdk/src/rp2_common/pico_stdio_usb/stdio_usb.c.obj
 .text.timer_task
                0x10004d88       0x54 CMakeFiles/Motor_controller_copy.dir/Users/alazartegegnework/me433/Pico/pico-sdk/src/rp2_common/pico_stdio_usb/stdio_usb.c.obj
 .text.stdio_usb_in_chars
                0x10004ddc       0x90 CMakeFiles/Motor_controller_copy.dir/Users/alazartegegnework/me433/Pico/pico-sdk/src/rp2_common/pico_stdio_usb/stdio_usb.c.obj
                0x10004ddc                stdio_usb_in_chars
 .text.stdio_usb_out_chars
                0x10004e6c      0x104 CMakeFiles/Motor_controller_copy.dir/Users/alazartegegnework/me433/Pico/pico-sdk/src/rp2_common/pico_stdio_usb/stdio_usb.c.obj
 .text.low_priority_worker_irq
                0x10004f70       0xa8 CMakeFiles/Motor_controller_copy.dir/Users/alazartegegnework/me433/Pico/pico-sdk/src/rp2_common/pico_stdio_usb/stdio_usb.c.obj
 .text.tud_cdc_rx_cb
                0x10005018       0x20 CMakeFiles/Motor_controller_copy.dir/Users/alazartegegnework/me433/Pico/pico-sdk/src/rp2_common/pico_stdio_usb/stdio_usb.c.obj
                0x10005018                tud_cdc_rx_cb
 .text.stdio_usb_init
                0x10005038       0xe0 CMakeFiles/Motor_controller_copy.dir/Users/alazartegegnework/me433/Pico/pico-sdk/src/rp2_common/pico_stdio_usb/stdio_usb.c.obj
                0x10005038                stdio_usb_init
 .text.stdio_usb_connected
                0x10005118        0xc CMakeFiles/Motor_controller_copy.dir/Users/alazartegegnework/me433/Pico/pico-sdk/src/rp2_common/pico_stdio_usb/stdio_usb.c.obj
                0x10005118                stdio_usb_connected
 .text.tud_descriptor_device_cb
                0x10005124        0x8 CMakeFiles/Motor_controller_copy.dir/Users/alazartegegnework/me433/Pico/pico-sdk/src/rp2_common/pico_stdio_usb/stdio_usb_descriptors.c.obj
                0x10005124                tud_descriptor_device_cb
 .text.tud_descriptor_configuration_cb
                0x1000512c        0x8 CMakeFiles/Motor_controller_copy.dir/Users/alazartegegnework/me433/Pico/pico-sdk/src/rp2_common/pico_stdio_usb/stdio_usb_descriptors.c.obj
                0x1000512c                tud_descriptor_configuration_cb
 .text.tud_descriptor_string_cb
                0x10005134       0x78 CMakeFiles/Motor_controller_copy.dir/Users/alazartegegnework/me433/Pico/pico-sdk/src/rp2_common/pico_stdio_usb/stdio_usb_descriptors.c.obj
                0x10005134                tud_descriptor_string_cb
 .text.startup._retrieve_unique_id_on_boot
                0x100051ac       0x10 CMakeFiles/Motor_controller_copy.dir/Users/alazartegegnework/me433/Pico/pico-sdk/src/rp2_common/pico_unique_id/unique_id.c.obj
 .text.pico_get_unique_board_id_string
                0x100051bc      0x1a8 CMakeFiles/Motor_controller_copy.dir/Users/alazartegegnework/me433/Pico/pico-sdk/src/rp2_common/pico_unique_id/unique_id.c.obj
                0x100051bc                pico_get_unique_board_id_string
 .text.flash_get_unique_id
                0x10005364       0x3c CMakeFiles/Motor_controller_copy.dir/Users/alazartegegnework/me433/Pico/pico-sdk/src/rp2_common/hardware_flash/flash.c.obj
                0x10005364                flash_get_unique_id
 .text.dcd_int_enable
                0x100053a0        0xc CMakeFiles/Motor_controller_copy.dir/Users/alazartegegnework/me433/Pico/pico-sdk/lib/tinyusb/src/portable/raspberrypi/rp2040/dcd_rp2040.c.obj
                0x100053a0                dcd_int_enable
 .text.dcd_set_address
                0x100053ac       0x14 CMakeFiles/Motor_controller_copy.dir/Users/alazartegegnework/me433/Pico/pico-sdk/lib/tinyusb/src/portable/raspberrypi/rp2040/dcd_rp2040.c.obj
                0x100053ac                dcd_set_address
 .text.dcd_connect
                0x100053c0       0x10 CMakeFiles/Motor_controller_copy.dir/Users/alazartegegnework/me433/Pico/pico-sdk/lib/tinyusb/src/portable/raspberrypi/rp2040/dcd_rp2040.c.obj
                0x100053c0                dcd_connect
 .text.dcd_init
                0x100053d0       0x98 CMakeFiles/Motor_controller_copy.dir/Users/alazartegegnework/me433/Pico/pico-sdk/lib/tinyusb/src/portable/raspberrypi/rp2040/dcd_rp2040.c.obj
                0x100053d0                dcd_init
 .text.dcd_edpt0_status_complete
                0x10005468       0x1c CMakeFiles/Motor_controller_copy.dir/Users/alazartegegnework/me433/Pico/pico-sdk/lib/tinyusb/src/portable/raspberrypi/rp2040/dcd_rp2040.c.obj
                0x10005468                dcd_edpt0_status_complete
 .text.dcd_edpt_open
                0x10005484      0x108 CMakeFiles/Motor_controller_copy.dir/Users/alazartegegnework/me433/Pico/pico-sdk/lib/tinyusb/src/portable/raspberrypi/rp2040/dcd_rp2040.c.obj
                0x10005484                dcd_edpt_open
 .text.dcd_edpt_close_all
                0x1000558c        0x8 CMakeFiles/Motor_controller_copy.dir/Users/alazartegegnework/me433/Pico/pico-sdk/lib/tinyusb/src/portable/raspberrypi/rp2040/dcd_rp2040.c.obj
                0x1000558c                dcd_edpt_close_all
 .text.dcd_edpt_xfer
                0x10005594       0x24 CMakeFiles/Motor_controller_copy.dir/Users/alazartegegnework/me433/Pico/pico-sdk/lib/tinyusb/src/portable/raspberrypi/rp2040/dcd_rp2040.c.obj
                0x10005594                dcd_edpt_xfer
 .text.dcd_edpt_stall
                0x100055b8       0x34 CMakeFiles/Motor_controller_copy.dir/Users/alazartegegnework/me433/Pico/pico-sdk/lib/tinyusb/src/portable/raspberrypi/rp2040/dcd_rp2040.c.obj
                0x100055b8                dcd_edpt_stall
 .text.dcd_edpt_clear_stall
                0x100055ec       0x30 CMakeFiles/Motor_controller_copy.dir/Users/alazartegegnework/me433/Pico/pico-sdk/lib/tinyusb/src/portable/raspberrypi/rp2040/dcd_rp2040.c.obj
                0x100055ec                dcd_edpt_clear_stall
 .text.rp2040_usb_init
                0x1000561c       0x4c CMakeFiles/Motor_controller_copy.dir/Users/alazartegegnework/me433/Pico/pico-sdk/lib/tinyusb/src/portable/raspberrypi/rp2040/rp2040_usb.c.obj
                0x1000561c                rp2040_usb_init
 .text.hw_endpoint_xfer_start
                0x10005668       0x40 CMakeFiles/Motor_controller_copy.dir/Users/alazartegegnework/me433/Pico/pico-sdk/lib/tinyusb/src/portable/raspberrypi/rp2040/rp2040_usb.c.obj
                0x10005668                hw_endpoint_xfer_start
 .text.tud_mounted
                0x100056a8       0x10 CMakeFiles/Motor_controller_copy.dir/Users/alazartegegnework/me433/Pico/pico-sdk/lib/tinyusb/src/device/usbd.c.obj
                0x100056a8                tud_mounted
 .text.tud_suspended
                0x100056b8       0x10 CMakeFiles/Motor_controller_copy.dir/Users/alazartegegnework/me433/Pico/pico-sdk/lib/tinyusb/src/device/usbd.c.obj
                0x100056b8                tud_suspended
 .text.tud_inited
                0x100056c8       0x14 CMakeFiles/Motor_controller_copy.dir/Users/alazartegegnework/me433/Pico/pico-sdk/lib/tinyusb/src/device/usbd.c.obj
                0x100056c8                tud_inited
 .text.tud_init
                0x100056dc       0xdc CMakeFiles/Motor_controller_copy.dir/Users/alazartegegnework/me433/Pico/pico-sdk/lib/tinyusb/src/device/usbd.c.obj
                0x100056dc                tud_init
 .text.tud_task_ext
                0x100057b8      0x850 CMakeFiles/Motor_controller_copy.dir/Users/alazartegegnework/me433/Pico/pico-sdk/lib/tinyusb/src/device/usbd.c.obj
                0x100057b8                tud_task_ext
 .text.usbd_open_edpt_pair
                0x10006008       0x9c CMakeFiles/Motor_controller_copy.dir/Users/alazartegegnework/me433/Pico/pico-sdk/lib/tinyusb/src/device/usbd.c.obj
                0x10006008                usbd_open_edpt_pair
 .text.usbd_defer_func
                0x100060a4       0x48 CMakeFiles/Motor_controller_copy.dir/Users/alazartegegnework/me433/Pico/pico-sdk/lib/tinyusb/src/device/usbd.c.obj
                0x100060a4                usbd_defer_func
 .text.usbd_edpt_open
                0x100060ec       0x34 CMakeFiles/Motor_controller_copy.dir/Users/alazartegegnework/me433/Pico/pico-sdk/lib/tinyusb/src/device/usbd.c.obj
                0x100060ec                usbd_edpt_open
 .text.usbd_edpt_claim
                0x10006120       0x28 CMakeFiles/Motor_controller_copy.dir/Users/alazartegegnework/me433/Pico/pico-sdk/lib/tinyusb/src/device/usbd.c.obj
                0x10006120                usbd_edpt_claim
 .text.usbd_edpt_release
                0x10006148       0x28 CMakeFiles/Motor_controller_copy.dir/Users/alazartegegnework/me433/Pico/pico-sdk/lib/tinyusb/src/device/usbd.c.obj
                0x10006148                usbd_edpt_release
 .text.usbd_edpt_xfer
                0x10006170       0x4c CMakeFiles/Motor_controller_copy.dir/Users/alazartegegnework/me433/Pico/pico-sdk/lib/tinyusb/src/device/usbd.c.obj
                0x10006170                usbd_edpt_xfer
 .text.tud_control_status
                0x100061bc       0x2c CMakeFiles/Motor_controller_copy.dir/Users/alazartegegnework/me433/Pico/pico-sdk/lib/tinyusb/src/device/usbd_control.c.obj
                0x100061bc                tud_control_status
 .text.tud_control_xfer
                0x100061e8       0xac CMakeFiles/Motor_controller_copy.dir/Users/alazartegegnework/me433/Pico/pico-sdk/lib/tinyusb/src/device/usbd_control.c.obj
                0x100061e8                tud_control_xfer
 .text.usbd_control_reset
                0x10006294       0x14 CMakeFiles/Motor_controller_copy.dir/Users/alazartegegnework/me433/Pico/pico-sdk/lib/tinyusb/src/device/usbd_control.c.obj
                0x10006294                usbd_control_reset
 .text.usbd_control_set_complete_callback
                0x100062a8        0xc CMakeFiles/Motor_controller_copy.dir/Users/alazartegegnework/me433/Pico/pico-sdk/lib/tinyusb/src/device/usbd_control.c.obj
                0x100062a8                usbd_control_set_complete_callback
 .text.usbd_control_set_request
                0x100062b4       0x1c CMakeFiles/Motor_controller_copy.dir/Users/alazartegegnework/me433/Pico/pico-sdk/lib/tinyusb/src/device/usbd_control.c.obj
                0x100062b4                usbd_control_set_request
 .text.usbd_control_xfer_cb
                0x100062d0       0xf4 CMakeFiles/Motor_controller_copy.dir/Users/alazartegegnework/me433/Pico/pico-sdk/lib/tinyusb/src/device/usbd_control.c.obj
                0x100062d0                usbd_control_xfer_cb
 .text.tud_cdc_n_connected
                0x100063c4       0x30 CMakeFiles/Motor_controller_copy.dir/Users/alazartegegnework/me433/Pico/pico-sdk/lib/tinyusb/src/class/cdc/cdc_device.c.obj
                0x100063c4                tud_cdc_n_connected
 .text.tud_cdc_n_available
                0x100063f4       0x18 CMakeFiles/Motor_controller_copy.dir/Users/alazartegegnework/me433/Pico/pico-sdk/lib/tinyusb/src/class/cdc/cdc_device.c.obj
                0x100063f4                tud_cdc_n_available
 .text.tud_cdc_n_read
                0x1000640c       0x70 CMakeFiles/Motor_controller_copy.dir/Users/alazartegegnework/me433/Pico/pico-sdk/lib/tinyusb/src/class/cdc/cdc_device.c.obj
                0x1000640c                tud_cdc_n_read
 .text.tud_cdc_n_write_flush
                0x1000647c       0x78 CMakeFiles/Motor_controller_copy.dir/Users/alazartegegnework/me433/Pico/pico-sdk/lib/tinyusb/src/class/cdc/cdc_device.c.obj
                0x1000647c                tud_cdc_n_write_flush
 .text.tud_cdc_n_write
                0x100064f4       0x34 CMakeFiles/Motor_controller_copy.dir/Users/alazartegegnework/me433/Pico/pico-sdk/lib/tinyusb/src/class/cdc/cdc_device.c.obj
                0x100064f4                tud_cdc_n_write
 .text.tud_cdc_n_write_available
                0x10006528       0x18 CMakeFiles/Motor_controller_copy.dir/Users/alazartegegnework/me433/Pico/pico-sdk/lib/tinyusb/src/class/cdc/cdc_device.c.obj
                0x10006528                tud_cdc_n_write_available
 .text.cdcd_init
                0x10006540       0x7c CMakeFiles/Motor_controller_copy.dir/Users/alazartegegnework/me433/Pico/pico-sdk/lib/tinyusb/src/class/cdc/cdc_device.c.obj
                0x10006540                cdcd_init
 .text.cdcd_reset
                0x100065bc       0x2c CMakeFiles/Motor_controller_copy.dir/Users/alazartegegnework/me433/Pico/pico-sdk/lib/tinyusb/src/class/cdc/cdc_device.c.obj
                0x100065bc                cdcd_reset
 .text.cdcd_open
                0x100065e8       0xe4 CMakeFiles/Motor_controller_copy.dir/Users/alazartegegnework/me433/Pico/pico-sdk/lib/tinyusb/src/class/cdc/cdc_device.c.obj
                0x100065e8                cdcd_open
 .text.cdcd_control_xfer_cb
                0x100066cc       0xe4 CMakeFiles/Motor_controller_copy.dir/Users/alazartegegnework/me433/Pico/pico-sdk/lib/tinyusb/src/class/cdc/cdc_device.c.obj
                0x100066cc                cdcd_control_xfer_cb
 .text.cdcd_xfer_cb
                0x100067b0      0x13c CMakeFiles/Motor_controller_copy.dir/Users/alazartegegnework/me433/Pico/pico-sdk/lib/tinyusb/src/class/cdc/cdc_device.c.obj
                0x100067b0                cdcd_xfer_cb
 .text.tusb_init
                0x100068ec        0xc CMakeFiles/Motor_controller_copy.dir/Users/alazartegegnework/me433/Pico/pico-sdk/lib/tinyusb/src/tusb.c.obj
                0x100068ec                tusb_init
 .text.tusb_inited
                0x100068f8        0x8 CMakeFiles/Motor_controller_copy.dir/Users/alazartegegnework/me433/Pico/pico-sdk/lib/tinyusb/src/tusb.c.obj
                0x100068f8                tusb_inited
 .text.tu_edpt_claim
                0x10006900       0x50 CMakeFiles/Motor_controller_copy.dir/Users/alazartegegnework/me433/Pico/pico-sdk/lib/tinyusb/src/tusb.c.obj
                0x10006900                tu_edpt_claim
 .text.tu_edpt_release
                0x10006950       0x38 CMakeFiles/Motor_controller_copy.dir/Users/alazartegegnework/me433/Pico/pico-sdk/lib/tinyusb/src/tusb.c.obj
                0x10006950                tu_edpt_release
 .text.tu_edpt_validate
                0x10006988       0x7c CMakeFiles/Motor_controller_copy.dir/Users/alazartegegnework/me433/Pico/pico-sdk/lib/tinyusb/src/tusb.c.obj
                0x10006988                tu_edpt_validate
 .text.tu_edpt_bind_driver
                0x10006a04       0x34 CMakeFiles/Motor_controller_copy.dir/Users/alazartegegnework/me433/Pico/pico-sdk/lib/tinyusb/src/tusb.c.obj
                0x10006a04                tu_edpt_bind_driver
 .text.tu_fifo_config
                0x10006a38       0x6c CMakeFiles/Motor_controller_copy.dir/Users/alazartegegnework/me433/Pico/pico-sdk/lib/tinyusb/src/common/tusb_fifo.c.obj
                0x10006a38                tu_fifo_config
 .text.tu_fifo_count
                0x10006aa4       0x2c CMakeFiles/Motor_controller_copy.dir/Users/alazartegegnework/me433/Pico/pico-sdk/lib/tinyusb/src/common/tusb_fifo.c.obj
                0x10006aa4                tu_fifo_count
 .text.tu_fifo_empty
                0x10006ad0       0x10 CMakeFiles/Motor_controller_copy.dir/Users/alazartegegnework/me433/Pico/pico-sdk/lib/tinyusb/src/common/tusb_fifo.c.obj
                0x10006ad0                tu_fifo_empty
 .text.tu_fifo_remaining
                0x10006ae0       0x2c CMakeFiles/Motor_controller_copy.dir/Users/alazartegegnework/me433/Pico/pico-sdk/lib/tinyusb/src/common/tusb_fifo.c.obj
                0x10006ae0                tu_fifo_remaining
 .text.tu_fifo_read
                0x10006b0c       0x9c CMakeFiles/Motor_controller_copy.dir/Users/alazartegegnework/me433/Pico/pico-sdk/lib/tinyusb/src/common/tusb_fifo.c.obj
                0x10006b0c                tu_fifo_read
 .text.tu_fifo_read_n
                0x10006ba8       0xe8 CMakeFiles/Motor_controller_copy.dir/Users/alazartegegnework/me433/Pico/pico-sdk/lib/tinyusb/src/common/tusb_fifo.c.obj
                0x10006ba8                tu_fifo_read_n
 .text.tu_fifo_write
                0x10006c90       0xa8 CMakeFiles/Motor_controller_copy.dir/Users/alazartegegnework/me433/Pico/pico-sdk/lib/tinyusb/src/common/tusb_fifo.c.obj
                0x10006c90                tu_fifo_write
 .text.tu_fifo_write_n
                0x10006d38      0x178 CMakeFiles/Motor_controller_copy.dir/Users/alazartegegnework/me433/Pico/pico-sdk/lib/tinyusb/src/common/tusb_fifo.c.obj
                0x10006d38                tu_fifo_write_n
 .text.tu_fifo_clear
                0x10006eb0       0x40 CMakeFiles/Motor_controller_copy.dir/Users/alazartegegnework/me433/Pico/pico-sdk/lib/tinyusb/src/common/tusb_fifo.c.obj
                0x10006eb0                tu_fifo_clear
 .text.tu_fifo_set_overwritable
                0x10006ef0       0x48 CMakeFiles/Motor_controller_copy.dir/Users/alazartegegnework/me433/Pico/pico-sdk/lib/tinyusb/src/common/tusb_fifo.c.obj
                0x10006ef0                tu_fifo_set_overwritable
 .text.atoi     0x10006f38        0xc /Applications/ArmGNUToolchain/13.2.Rel1/arm-none-eabi/bin/../lib/gcc/arm-none-eabi/13.2.1/../../../../arm-none-eabi/lib/thumb/v6-m/nofp/libc.a(libc_a-atoi.o)
                0x10006f38                atoi
 .text._calloc_r
                0x10006f44       0xa8 /Applications/ArmGNUToolchain/13.2.Rel1/arm-none-eabi/bin/../lib/gcc/arm-none-eabi/13.2.1/../../../../arm-none-eabi/lib/thumb/v6-m/nofp/libc.a(libc_a-callocr.o)
                0x10006f44                _calloc_r
 .text.malloc   0x10006fec       0x14 /Applications/ArmGNUToolchain/13.2.Rel1/arm-none-eabi/bin/../lib/gcc/arm-none-eabi/13.2.1/../../../../arm-none-eabi/lib/thumb/v6-m/nofp/libc.a(libc_a-malloc.o)
                0x10006fec                malloc
 .text.free     0x10007000       0x14 /Applications/ArmGNUToolchain/13.2.Rel1/arm-none-eabi/bin/../lib/gcc/arm-none-eabi/13.2.1/../../../../arm-none-eabi/lib/thumb/v6-m/nofp/libc.a(libc_a-malloc.o)
                0x10007000                free
 .text._malloc_r
                0x10007014      0x5c4 /Applications/ArmGNUToolchain/13.2.Rel1/arm-none-eabi/bin/../lib/gcc/arm-none-eabi/13.2.1/../../../../arm-none-eabi/lib/thumb/v6-m/nofp/libc.a(libc_a-mallocr.o)
                0x10007014                _malloc_r
 .text.__malloc_lock
                0x100075d8       0x10 /Applications/ArmGNUToolchain/13.2.Rel1/arm-none-eabi/bin/../lib/gcc/arm-none-eabi/13.2.1/../../../../arm-none-eabi/lib/thumb/v6-m/nofp/libc.a(libc_a-mlock.o)
                0x100075d8                __malloc_lock
 .text.__malloc_unlock
                0x100075e8       0x10 /Applications/ArmGNUToolchain/13.2.Rel1/arm-none-eabi/bin/../lib/gcc/arm-none-eabi/13.2.1/../../../../arm-none-eabi/lib/thumb/v6-m/nofp/libc.a(libc_a-mlock.o)
                0x100075e8                __malloc_unlock
 .text.realloc  0x100075f8       0x18 /Applications/ArmGNUToolchain/13.2.Rel1/arm-none-eabi/bin/../lib/gcc/arm-none-eabi/13.2.1/../../../../arm-none-eabi/lib/thumb/v6-m/nofp/libc.a(libc_a-realloc.o)
                0x100075f8                realloc
 .text.scanf    0x10007610       0x24 /Applications/ArmGNUToolchain/13.2.Rel1/arm-none-eabi/bin/../lib/gcc/arm-none-eabi/13.2.1/../../../../arm-none-eabi/lib/thumb/v6-m/nofp/libc.a(libc_a-scanf.o)
                0x10007610                scanf
 .text._realloc_r
                0x10007634      0x350 /Applications/ArmGNUToolchain/13.2.Rel1/arm-none-eabi/bin/../lib/gcc/arm-none-eabi/13.2.1/../../../../arm-none-eabi/lib/thumb/v6-m/nofp/libc.a(libc_a-reallocr.o)
                0x10007634                _realloc_r
 .text._strtol_l.isra.0
                0x10007984      0x158 /Applications/ArmGNUToolchain/13.2.Rel1/arm-none-eabi/bin/../lib/gcc/arm-none-eabi/13.2.1/../../../../arm-none-eabi/lib/thumb/v6-m/nofp/libc.a(libc_a-strtol.o)
 .text._strtol_r
                0x10007adc        0x8 /Applications/ArmGNUToolchain/13.2.Rel1/arm-none-eabi/bin/../lib/gcc/arm-none-eabi/13.2.1/../../../../arm-none-eabi/lib/thumb/v6-m/nofp/libc.a(libc_a-strtol.o)
                0x10007adc                _strtol_r
 .text.strtol   0x10007ae4       0x18 /Applications/ArmGNUToolchain/13.2.Rel1/arm-none-eabi/bin/../lib/gcc/arm-none-eabi/13.2.1/../../../../arm-none-eabi/lib/thumb/v6-m/nofp/libc.a(libc_a-strtol.o)
                0x10007ae4                strtol
 .text.memmove  0x10007afc       0xb0 /Applications/ArmGNUToolchain/13.2.Rel1/arm-none-eabi/bin/../lib/gcc/arm-none-eabi/13.2.1/../../../../arm-none-eabi/lib/thumb/v6-m/nofp/libc.a(libc_a-memmove.o)
                0x10007afc                memmove
 .text._sbrk_r  0x10007bac       0x24 /Applications/ArmGNUToolchain/13.2.Rel1/arm-none-eabi/bin/../lib/gcc/arm-none-eabi/13.2.1/../../../../arm-none-eabi/lib/thumb/v6-m/nofp/libc.a(libc_a-sbrkr.o)
                0x10007bac                _sbrk_r
 .text.__errno  0x10007bd0        0xc /Applications/ArmGNUToolchain/13.2.Rel1/arm-none-eabi/bin/../lib/gcc/arm-none-eabi/13.2.1/../../../../arm-none-eabi/lib/thumb/v6-m/nofp/libc.a(libc_a-errno.o)
                0x10007bd0                __errno
 .text.sysconf  0x10007bdc       0x1c /Applications/ArmGNUToolchain/13.2.Rel1/arm-none-eabi/bin/../lib/gcc/arm-none-eabi/13.2.1/../../../../arm-none-eabi/lib/thumb/v6-m/nofp/libc.a(libc_a-sysconf.o)
                0x10007bdc                sysconf
 .text.__retarget_lock_init_recursive
                0x10007bf8        0x4 /Applications/ArmGNUToolchain/13.2.Rel1/arm-none-eabi/bin/../lib/gcc/arm-none-eabi/13.2.1/../../../../arm-none-eabi/lib/thumb/v6-m/nofp/libc.a(libc_a-lock.o)
                0x10007bf8                __retarget_lock_init_recursive
 .text.__retarget_lock_close_recursive
                0x10007bfc        0x4 /Applications/ArmGNUToolchain/13.2.Rel1/arm-none-eabi/bin/../lib/gcc/arm-none-eabi/13.2.1/../../../../arm-none-eabi/lib/thumb/v6-m/nofp/libc.a(libc_a-lock.o)
                0x10007bfc                __retarget_lock_close_recursive
 .text.__retarget_lock_acquire_recursive
                0x10007c00        0x4 /Applications/ArmGNUToolchain/13.2.Rel1/arm-none-eabi/bin/../lib/gcc/arm-none-eabi/13.2.1/../../../../arm-none-eabi/lib/thumb/v6-m/nofp/libc.a(libc_a-lock.o)
                0x10007c00                __retarget_lock_acquire_recursive
 .text.__retarget_lock_release_recursive
                0x10007c04        0x4 /Applications/ArmGNUToolchain/13.2.Rel1/arm-none-eabi/bin/../lib/gcc/arm-none-eabi/13.2.1/../../../../arm-none-eabi/lib/thumb/v6-m/nofp/libc.a(libc_a-lock.o)
                0x10007c04                __retarget_lock_release_recursive
 .text.strlen   0x10007c08       0x5c /Applications/ArmGNUToolchain/13.2.Rel1/arm-none-eabi/bin/../lib/gcc/arm-none-eabi/13.2.1/../../../../arm-none-eabi/lib/thumb/v6-m/nofp/libc.a(libc_a-strlen-stub.o)
                0x10007c08                strlen
 .text._malloc_trim_r
                0x10007c64       0xb4 /Applications/ArmGNUToolchain/13.2.Rel1/arm-none-eabi/bin/../lib/gcc/arm-none-eabi/13.2.1/../../../../arm-none-eabi/lib/thumb/v6-m/nofp/libc.a(libc_a-freer.o)
                0x10007c64                _malloc_trim_r
 .text._free_r  0x10007d18      0x1d4 /Applications/ArmGNUToolchain/13.2.Rel1/arm-none-eabi/bin/../lib/gcc/arm-none-eabi/13.2.1/../../../../arm-none-eabi/lib/thumb/v6-m/nofp/libc.a(libc_a-freer.o)
                0x10007d18                _free_r
 .text.__svfscanf_r
                0x10007eec     0x1884 /Applications/ArmGNUToolchain/13.2.Rel1/arm-none-eabi/bin/../lib/gcc/arm-none-eabi/13.2.1/../../../../arm-none-eabi/lib/thumb/v6-m/nofp/libc.a(libc_a-vfscanf.o)
                0x10007eec                __svfscanf_r
 .text._vfscanf_r
                0x10009770       0x28 /Applications/ArmGNUToolchain/13.2.Rel1/arm-none-eabi/bin/../lib/gcc/arm-none-eabi/13.2.1/../../../../arm-none-eabi/lib/thumb/v6-m/nofp/libc.a(libc_a-vfscanf.o)
                0x10009770                _vfscanf_r
 .text.__sccl   0x10009798       0x80 /Applications/ArmGNUToolchain/13.2.Rel1/arm-none-eabi/bin/../lib/gcc/arm-none-eabi/13.2.1/../../../../arm-none-eabi/lib/thumb/v6-m/nofp/libc.a(libc_a-sccl.o)
                0x10009798                __sccl
 .text.sulp     0x10009818       0x30 /Applications/ArmGNUToolchain/13.2.Rel1/arm-none-eabi/bin/../lib/gcc/arm-none-eabi/13.2.1/../../../../arm-none-eabi/lib/thumb/v6-m/nofp/libc.a(libc_a-strtod.o)
 .text._strtod_l
                0x10009848      0xeb8 /Applications/ArmGNUToolchain/13.2.Rel1/arm-none-eabi/bin/../lib/gcc/arm-none-eabi/13.2.1/../../../../arm-none-eabi/lib/thumb/v6-m/nofp/libc.a(libc_a-strtod.o)
                0x10009848                _strtod_l
 .text._strtod_r
                0x1000a700       0x10 /Applications/ArmGNUToolchain/13.2.Rel1/arm-none-eabi/bin/../lib/gcc/arm-none-eabi/13.2.1/../../../../arm-none-eabi/lib/thumb/v6-m/nofp/libc.a(libc_a-strtod.o)
                0x1000a700                _strtod_r
 .text._strtoul_l.isra.0
                0x1000a710      0x144 /Applications/ArmGNUToolchain/13.2.Rel1/arm-none-eabi/bin/../lib/gcc/arm-none-eabi/13.2.1/../../../../arm-none-eabi/lib/thumb/v6-m/nofp/libc.a(libc_a-strtoul.o)
 .text._strtoul_r
                0x1000a854        0x8 /Applications/ArmGNUToolchain/13.2.Rel1/arm-none-eabi/bin/../lib/gcc/arm-none-eabi/13.2.1/../../../../arm-none-eabi/lib/thumb/v6-m/nofp/libc.a(libc_a-strtoul.o)
                0x1000a854                _strtoul_r
 .text.stdio_exit_handler
                0x1000a85c       0x1c /Applications/ArmGNUToolchain/13.2.Rel1/arm-none-eabi/bin/../lib/gcc/arm-none-eabi/13.2.1/../../../../arm-none-eabi/lib/thumb/v6-m/nofp/libc.a(libc_a-findfp.o)
 .text.cleanup_stdio
                0x1000a878       0x3c /Applications/ArmGNUToolchain/13.2.Rel1/arm-none-eabi/bin/../lib/gcc/arm-none-eabi/13.2.1/../../../../arm-none-eabi/lib/thumb/v6-m/nofp/libc.a(libc_a-findfp.o)
 .text.global_stdio_init.part.0
                0x1000a8b4      0x118 /Applications/ArmGNUToolchain/13.2.Rel1/arm-none-eabi/bin/../lib/gcc/arm-none-eabi/13.2.1/../../../../arm-none-eabi/lib/thumb/v6-m/nofp/libc.a(libc_a-findfp.o)
 .text.__sinit  0x1000a9cc       0x38 /Applications/ArmGNUToolchain/13.2.Rel1/arm-none-eabi/bin/../lib/gcc/arm-none-eabi/13.2.1/../../../../arm-none-eabi/lib/thumb/v6-m/nofp/libc.a(libc_a-findfp.o)
                0x1000a9cc                __sinit
 .text.__sfp_lock_acquire
                0x1000aa04       0x10 /Applications/ArmGNUToolchain/13.2.Rel1/arm-none-eabi/bin/../lib/gcc/arm-none-eabi/13.2.1/../../../../arm-none-eabi/lib/thumb/v6-m/nofp/libc.a(libc_a-findfp.o)
                0x1000aa04                __sfp_lock_acquire
 .text.__sfp_lock_release
                0x1000aa14       0x10 /Applications/ArmGNUToolchain/13.2.Rel1/arm-none-eabi/bin/../lib/gcc/arm-none-eabi/13.2.1/../../../../arm-none-eabi/lib/thumb/v6-m/nofp/libc.a(libc_a-findfp.o)
                0x1000aa14                __sfp_lock_release
 .text.__submore
                0x1000aa24       0x84 /Applications/ArmGNUToolchain/13.2.Rel1/arm-none-eabi/bin/../lib/gcc/arm-none-eabi/13.2.1/../../../../arm-none-eabi/lib/thumb/v6-m/nofp/libc.a(libc_a-ungetc.o)
                0x1000aa24                __submore
 .text._ungetc_r
                0x1000aaa8      0x144 /Applications/ArmGNUToolchain/13.2.Rel1/arm-none-eabi/bin/../lib/gcc/arm-none-eabi/13.2.1/../../../../arm-none-eabi/lib/thumb/v6-m/nofp/libc.a(libc_a-ungetc.o)
                0x1000aaa8                _ungetc_r
 .text._fread_r
                0x1000abec      0x1e8 /Applications/ArmGNUToolchain/13.2.Rel1/arm-none-eabi/bin/../lib/gcc/arm-none-eabi/13.2.1/../../../../arm-none-eabi/lib/thumb/v6-m/nofp/libc.a(libc_a-fread.o)
                0x1000abec                _fread_r
 .text._fwalk_sglue
                0x1000add4       0x44 /Applications/ArmGNUToolchain/13.2.Rel1/arm-none-eabi/bin/../lib/gcc/arm-none-eabi/13.2.1/../../../../arm-none-eabi/lib/thumb/v6-m/nofp/libc.a(libc_a-fwalk.o)
                0x1000add4                _fwalk_sglue
 .text.strncmp  0x1000ae18       0x74 /Applications/ArmGNUToolchain/13.2.Rel1/arm-none-eabi/bin/../lib/gcc/arm-none-eabi/13.2.1/../../../../arm-none-eabi/lib/thumb/v6-m/nofp/libc.a(libc_a-strncmp.o)
                0x1000ae18                strncmp
 .text.stpncpy  0x1000ae8c       0x78 /Applications/ArmGNUToolchain/13.2.Rel1/arm-none-eabi/bin/../lib/gcc/arm-none-eabi/13.2.1/../../../../arm-none-eabi/lib/thumb/v6-m/nofp/libc.a(libc_a-stpncpy.o)
                0x1000ae8c                stpncpy
 .text.__locale_mb_cur_max
                0x1000af04       0x10 /Applications/ArmGNUToolchain/13.2.Rel1/arm-none-eabi/bin/../lib/gcc/arm-none-eabi/13.2.1/../../../../arm-none-eabi/lib/thumb/v6-m/nofp/libc.a(libc_a-locale.o)
                0x1000af04                __locale_mb_cur_max
 .text._localeconv_r
                0x1000af14        0x8 /Applications/ArmGNUToolchain/13.2.Rel1/arm-none-eabi/bin/../lib/gcc/arm-none-eabi/13.2.1/../../../../arm-none-eabi/lib/thumb/v6-m/nofp/libc.a(libc_a-localeconv.o)
                0x1000af14                _localeconv_r
 .text          0x1000af1c       0x88 /Applications/ArmGNUToolchain/13.2.Rel1/arm-none-eabi/bin/../lib/gcc/arm-none-eabi/13.2.1/../../../../arm-none-eabi/lib/thumb/v6-m/nofp/libc.a(libc_a-strcmp.o)
                0x1000af1c                strcmp
 .text._strtoll_l.isra.0
                0x1000afa4      0x1a0 /Applications/ArmGNUToolchain/13.2.Rel1/arm-none-eabi/bin/../lib/gcc/arm-none-eabi/13.2.1/../../../../arm-none-eabi/lib/thumb/v6-m/nofp/libc.a(libc_a-strtoll.o)
 .text._strtoll_r
                0x1000b144        0x8 /Applications/ArmGNUToolchain/13.2.Rel1/arm-none-eabi/bin/../lib/gcc/arm-none-eabi/13.2.1/../../../../arm-none-eabi/lib/thumb/v6-m/nofp/libc.a(libc_a-strtoll.o)
                0x1000b144                _strtoll_r
 .text._strtoull_l.isra.0
                0x1000b14c      0x1c4 /Applications/ArmGNUToolchain/13.2.Rel1/arm-none-eabi/bin/../lib/gcc/arm-none-eabi/13.2.1/../../../../arm-none-eabi/lib/thumb/v6-m/nofp/libc.a(libc_a-strtoull.o)
 .text._strtoull_r
                0x1000b310        0x8 /Applications/ArmGNUToolchain/13.2.Rel1/arm-none-eabi/bin/../lib/gcc/arm-none-eabi/13.2.1/../../../../arm-none-eabi/lib/thumb/v6-m/nofp/libc.a(libc_a-strtoull.o)
                0x1000b310                _strtoull_r
 .text._mbrtowc_r
                0x1000b318       0x54 /Applications/ArmGNUToolchain/13.2.Rel1/arm-none-eabi/bin/../lib/gcc/arm-none-eabi/13.2.1/../../../../arm-none-eabi/lib/thumb/v6-m/nofp/libc.a(libc_a-mbrtowc.o)
                0x1000b318                _mbrtowc_r
 .text.iswspace
                0x1000b36c        0xc /Applications/ArmGNUToolchain/13.2.Rel1/arm-none-eabi/bin/../lib/gcc/arm-none-eabi/13.2.1/../../../../arm-none-eabi/lib/thumb/v6-m/nofp/libc.a(libc_a-iswspace.o)
                0x1000b36c                iswspace
 .text.iswspace_l
                0x1000b378       0x24 /Applications/ArmGNUToolchain/13.2.Rel1/arm-none-eabi/bin/../lib/gcc/arm-none-eabi/13.2.1/../../../../arm-none-eabi/lib/thumb/v6-m/nofp/libc.a(libc_a-iswspace_l.o)
                0x1000b378                iswspace_l
 .text.nan      0x1000b39c        0xc /Applications/ArmGNUToolchain/13.2.Rel1/arm-none-eabi/bin/../lib/gcc/arm-none-eabi/13.2.1/../../../../arm-none-eabi/lib/thumb/v6-m/nofp/libc.a(libm_a-s_nan.o)
                0x1000b39c                nan
 .text.nanf     0x1000b3a8        0x8 /Applications/ArmGNUToolchain/13.2.Rel1/arm-none-eabi/bin/../lib/gcc/arm-none-eabi/13.2.1/../../../../arm-none-eabi/lib/thumb/v6-m/nofp/libc.a(libm_a-sf_nan.o)
                0x1000b3a8                nanf
 .text.__jp2uc  0x1000b3b0      0x154 /Applications/ArmGNUToolchain/13.2.Rel1/arm-none-eabi/bin/../lib/gcc/arm-none-eabi/13.2.1/../../../../arm-none-eabi/lib/thumb/v6-m/nofp/libc.a(libc_a-jp2uc.o)
 .text._jp2uc_l
                0x1000b504       0x68 /Applications/ArmGNUToolchain/13.2.Rel1/arm-none-eabi/bin/../lib/gcc/arm-none-eabi/13.2.1/../../../../arm-none-eabi/lib/thumb/v6-m/nofp/libc.a(libc_a-jp2uc.o)
                0x1000b504                _jp2uc_l
 .text.category
                0x1000b56c       0x54 /Applications/ArmGNUToolchain/13.2.Rel1/arm-none-eabi/bin/../lib/gcc/arm-none-eabi/13.2.1/../../../../arm-none-eabi/lib/thumb/v6-m/nofp/libc.a(libc_a-categories.o)
                0x1000b56c                category
 .text.rshift   0x1000b5c0       0xb0 /Applications/ArmGNUToolchain/13.2.Rel1/arm-none-eabi/bin/../lib/gcc/arm-none-eabi/13.2.1/../../../../arm-none-eabi/lib/thumb/v6-m/nofp/libc.a(libc_a-gdtoa-gethex.o)
 .text.__gethex
                0x1000b670      0x5a8 /Applications/ArmGNUToolchain/13.2.Rel1/arm-none-eabi/bin/../lib/gcc/arm-none-eabi/13.2.1/../../../../arm-none-eabi/lib/thumb/v6-m/nofp/libc.a(libc_a-gdtoa-gethex.o)
                0x1000b670                __gethex
 .text.__match  0x1000bc18       0x2c /Applications/ArmGNUToolchain/13.2.Rel1/arm-none-eabi/bin/../lib/gcc/arm-none-eabi/13.2.1/../../../../arm-none-eabi/lib/thumb/v6-m/nofp/libc.a(libc_a-gdtoa-hexnan.o)
                0x1000bc18                __match
 .text.__hexnan
                0x1000bc44      0x204 /Applications/ArmGNUToolchain/13.2.Rel1/arm-none-eabi/bin/../lib/gcc/arm-none-eabi/13.2.1/../../../../arm-none-eabi/lib/thumb/v6-m/nofp/libc.a(libc_a-gdtoa-hexnan.o)
                0x1000bc44                __hexnan
 .text.__ascii_mbtowc
                0x1000be48       0x2c /Applications/ArmGNUToolchain/13.2.Rel1/arm-none-eabi/bin/../lib/gcc/arm-none-eabi/13.2.1/../../../../arm-none-eabi/lib/thumb/v6-m/nofp/libc.a(libc_a-mbtowc_r.o)
                0x1000be48                __ascii_mbtowc
 .text._Balloc  0x1000be74       0x50 /Applications/ArmGNUToolchain/13.2.Rel1/arm-none-eabi/bin/../lib/gcc/arm-none-eabi/13.2.1/../../../../arm-none-eabi/lib/thumb/v6-m/nofp/libc.a(libc_a-mprec.o)
                0x1000be74                _Balloc
 .text._Bfree   0x1000bec4       0x14 /Applications/ArmGNUToolchain/13.2.Rel1/arm-none-eabi/bin/../lib/gcc/arm-none-eabi/13.2.1/../../../../arm-none-eabi/lib/thumb/v6-m/nofp/libc.a(libc_a-mprec.o)
                0x1000bec4                _Bfree
 .text.__multadd
                0x1000bed8       0xa8 /Applications/ArmGNUToolchain/13.2.Rel1/arm-none-eabi/bin/../lib/gcc/arm-none-eabi/13.2.1/../../../../arm-none-eabi/lib/thumb/v6-m/nofp/libc.a(libc_a-mprec.o)
                0x1000bed8                __multadd
 .text.__s2b    0x1000bf80       0xb0 /Applications/ArmGNUToolchain/13.2.Rel1/arm-none-eabi/bin/../lib/gcc/arm-none-eabi/13.2.1/../../../../arm-none-eabi/lib/thumb/v6-m/nofp/libc.a(libc_a-mprec.o)
                0x1000bf80                __s2b
 .text.__hi0bits
                0x1000c030       0x4c /Applications/ArmGNUToolchain/13.2.Rel1/arm-none-eabi/bin/../lib/gcc/arm-none-eabi/13.2.1/../../../../arm-none-eabi/lib/thumb/v6-m/nofp/libc.a(libc_a-mprec.o)
                0x1000c030                __hi0bits
 .text.__lo0bits
                0x1000c07c       0x5c /Applications/ArmGNUToolchain/13.2.Rel1/arm-none-eabi/bin/../lib/gcc/arm-none-eabi/13.2.1/../../../../arm-none-eabi/lib/thumb/v6-m/nofp/libc.a(libc_a-mprec.o)
                0x1000c07c                __lo0bits
 .text.__i2b    0x1000c0d8       0x60 /Applications/ArmGNUToolchain/13.2.Rel1/arm-none-eabi/bin/../lib/gcc/arm-none-eabi/13.2.1/../../../../arm-none-eabi/lib/thumb/v6-m/nofp/libc.a(libc_a-mprec.o)
                0x1000c0d8                __i2b
 .text.__multiply
                0x1000c138      0x1ac /Applications/ArmGNUToolchain/13.2.Rel1/arm-none-eabi/bin/../lib/gcc/arm-none-eabi/13.2.1/../../../../arm-none-eabi/lib/thumb/v6-m/nofp/libc.a(libc_a-mprec.o)
                0x1000c138                __multiply
 .text.__pow5mult
                0x1000c2e4       0xd0 /Applications/ArmGNUToolchain/13.2.Rel1/arm-none-eabi/bin/../lib/gcc/arm-none-eabi/13.2.1/../../../../arm-none-eabi/lib/thumb/v6-m/nofp/libc.a(libc_a-mprec.o)
                0x1000c2e4                __pow5mult
 .text.__lshift
                0x1000c3b4       0xfc /Applications/ArmGNUToolchain/13.2.Rel1/arm-none-eabi/bin/../lib/gcc/arm-none-eabi/13.2.1/../../../../arm-none-eabi/lib/thumb/v6-m/nofp/libc.a(libc_a-mprec.o)
                0x1000c3b4                __lshift
 .text.__mcmp   0x1000c4b0       0x3c /Applications/ArmGNUToolchain/13.2.Rel1/arm-none-eabi/bin/../lib/gcc/arm-none-eabi/13.2.1/../../../../arm-none-eabi/lib/thumb/v6-m/nofp/libc.a(libc_a-mprec.o)
                0x1000c4b0                __mcmp
 .text.__mdiff  0x1000c4ec      0x1b4 /Applications/ArmGNUToolchain/13.2.Rel1/arm-none-eabi/bin/../lib/gcc/arm-none-eabi/13.2.1/../../../../arm-none-eabi/lib/thumb/v6-m/nofp/libc.a(libc_a-mprec.o)
                0x1000c4ec                __mdiff
 .text.__ulp    0x1000c6a0       0x40 /Applications/ArmGNUToolchain/13.2.Rel1/arm-none-eabi/bin/../lib/gcc/arm-none-eabi/13.2.1/../../../../arm-none-eabi/lib/thumb/v6-m/nofp/libc.a(libc_a-mprec.o)
                0x1000c6a0                __ulp
 .text.__b2d    0x1000c6e0       0xb8 /Applications/ArmGNUToolchain/13.2.Rel1/arm-none-eabi/bin/../lib/gcc/arm-none-eabi/13.2.1/../../../../arm-none-eabi/lib/thumb/v6-m/nofp/libc.a(libc_a-mprec.o)
                0x1000c6e0                __b2d
 .text.__d2b    0x1000c798       0xcc /Applications/ArmGNUToolchain/13.2.Rel1/arm-none-eabi/bin/../lib/gcc/arm-none-eabi/13.2.1/../../../../arm-none-eabi/lib/thumb/v6-m/nofp/libc.a(libc_a-mprec.o)
                0x1000c798                __d2b
 .text.__ratio  0x1000c864       0x68 /Applications/ArmGNUToolchain/13.2.Rel1/arm-none-eabi/bin/../lib/gcc/arm-none-eabi/13.2.1/../../../../arm-none-eabi/lib/thumb/v6-m/nofp/libc.a(libc_a-mprec.o)
                0x1000c864                __ratio
 .text.__copybits
                0x1000c8cc       0x40 /Applications/ArmGNUToolchain/13.2.Rel1/arm-none-eabi/bin/../lib/gcc/arm-none-eabi/13.2.1/../../../../arm-none-eabi/lib/thumb/v6-m/nofp/libc.a(libc_a-mprec.o)
                0x1000c8cc                __copybits
 .text.__any_on
                0x1000c90c       0x4c /Applications/ArmGNUToolchain/13.2.Rel1/arm-none-eabi/bin/../lib/gcc/arm-none-eabi/13.2.1/../../../../arm-none-eabi/lib/thumb/v6-m/nofp/libc.a(libc_a-mprec.o)
                0x1000c90c                __any_on
 .text.lflush   0x1000c958       0x20 /Applications/ArmGNUToolchain/13.2.Rel1/arm-none-eabi/bin/../lib/gcc/arm-none-eabi/13.2.1/../../../../arm-none-eabi/lib/thumb/v6-m/nofp/libc.a(libc_a-refill.o)
 .text.__srefill_r
                0x1000c978      0x118 /Applications/ArmGNUToolchain/13.2.Rel1/arm-none-eabi/bin/../lib/gcc/arm-none-eabi/13.2.1/../../../../arm-none-eabi/lib/thumb/v6-m/nofp/libc.a(libc_a-refill.o)
                0x1000c978                __srefill_r
 .text._fclose_r
                0x1000ca90       0xd0 /Applications/ArmGNUToolchain/13.2.Rel1/arm-none-eabi/bin/../lib/gcc/arm-none-eabi/13.2.1/../../../../arm-none-eabi/lib/thumb/v6-m/nofp/libc.a(libc_a-fclose.o)
                0x1000ca90                _fclose_r
 .text.__sflush_r
                0x1000cb60      0x148 /Applications/ArmGNUToolchain/13.2.Rel1/arm-none-eabi/bin/../lib/gcc/arm-none-eabi/13.2.1/../../../../arm-none-eabi/lib/thumb/v6-m/nofp/libc.a(libc_a-fflush.o)
                0x1000cb60                __sflush_r
 .text._fflush_r
                0x1000cca8       0x68 /Applications/ArmGNUToolchain/13.2.Rel1/arm-none-eabi/bin/../lib/gcc/arm-none-eabi/13.2.1/../../../../arm-none-eabi/lib/thumb/v6-m/nofp/libc.a(libc_a-fflush.o)
                0x1000cca8                _fflush_r
 .text.__sread  0x1000cd10       0x28 /Applications/ArmGNUToolchain/13.2.Rel1/arm-none-eabi/bin/../lib/gcc/arm-none-eabi/13.2.1/../../../../arm-none-eabi/lib/thumb/v6-m/nofp/libc.a(libc_a-stdio.o)
                0x1000cd10                __sread
 .text.__swrite
                0x1000cd38       0x40 /Applications/ArmGNUToolchain/13.2.Rel1/arm-none-eabi/bin/../lib/gcc/arm-none-eabi/13.2.1/../../../../arm-none-eabi/lib/thumb/v6-m/nofp/libc.a(libc_a-stdio.o)
                0x1000cd38                __swrite
 .text.__sseek  0x1000cd78       0x30 /Applications/ArmGNUToolchain/13.2.Rel1/arm-none-eabi/bin/../lib/gcc/arm-none-eabi/13.2.1/../../../../arm-none-eabi/lib/thumb/v6-m/nofp/libc.a(libc_a-stdio.o)
                0x1000cd78                __sseek
 .text.__sclose
                0x1000cda8        0xc /Applications/ArmGNUToolchain/13.2.Rel1/arm-none-eabi/bin/../lib/gcc/arm-none-eabi/13.2.1/../../../../arm-none-eabi/lib/thumb/v6-m/nofp/libc.a(libc_a-stdio.o)
                0x1000cda8                __sclose
 .text.__ascii_wctomb
                0x1000cdb4       0x1c /Applications/ArmGNUToolchain/13.2.Rel1/arm-none-eabi/bin/../lib/gcc/arm-none-eabi/13.2.1/../../../../arm-none-eabi/lib/thumb/v6-m/nofp/libc.a(libc_a-wctomb_r.o)
                0x1000cdb4                __ascii_wctomb
 .text._close_r
                0x1000cdd0       0x24 /Applications/ArmGNUToolchain/13.2.Rel1/arm-none-eabi/bin/../lib/gcc/arm-none-eabi/13.2.1/../../../../arm-none-eabi/lib/thumb/v6-m/nofp/libc.a(libc_a-closer.o)
                0x1000cdd0                _close_r
 .text._lseek_r
                0x1000cdf4       0x28 /Applications/ArmGNUToolchain/13.2.Rel1/arm-none-eabi/bin/../lib/gcc/arm-none-eabi/13.2.1/../../../../arm-none-eabi/lib/thumb/v6-m/nofp/libc.a(libc_a-lseekr.o)
                0x1000cdf4                _lseek_r
 .text._read_r  0x1000ce1c       0x28 /Applications/ArmGNUToolchain/13.2.Rel1/arm-none-eabi/bin/../lib/gcc/arm-none-eabi/13.2.1/../../../../arm-none-eabi/lib/thumb/v6-m/nofp/libc.a(libc_a-readr.o)
                0x1000ce1c                _read_r
 .text._write_r
                0x1000ce44       0x28 /Applications/ArmGNUToolchain/13.2.Rel1/arm-none-eabi/bin/../lib/gcc/arm-none-eabi/13.2.1/../../../../arm-none-eabi/lib/thumb/v6-m/nofp/libc.a(libc_a-writer.o)
                0x1000ce44                _write_r
 .text.__smakebuf_r
                0x1000ce6c       0xe0 /Applications/ArmGNUToolchain/13.2.Rel1/arm-none-eabi/bin/../lib/gcc/arm-none-eabi/13.2.1/../../../../arm-none-eabi/lib/thumb/v6-m/nofp/libc.a(libc_a-makebuf.o)
                0x1000ce6c                __smakebuf_r
 .text._fstat_r
                0x1000cf4c       0x28 /Applications/ArmGNUToolchain/13.2.Rel1/arm-none-eabi/bin/../lib/gcc/arm-none-eabi/13.2.1/../../../../arm-none-eabi/lib/thumb/v6-m/nofp/libc.a(libc_a-fstatr.o)
                0x1000cf4c                _fstat_r
 .text._isatty_r
                0x1000cf74       0x24 /Applications/ArmGNUToolchain/13.2.Rel1/arm-none-eabi/bin/../lib/gcc/arm-none-eabi/13.2.1/../../../../arm-none-eabi/lib/thumb/v6-m/nofp/libc.a(libc_a-isattyr.o)
                0x1000cf74                _isatty_r
 *(.fini)
 .fini          0x1000cf98        0x4 /Applications/ArmGNUToolchain/13.2.Rel1/arm-none-eabi/bin/../lib/gcc/arm-none-eabi/13.2.1/thumb/v6-m/nofp/crti.o
                0x1000cf98                _fini
 *fill*         0x1000cf9c        0x4 
 .fini.__stub   0x1000cfa0       0xc0 linker stubs
 *crtbegin.o(.ctors)
 *crtbegin?.o(.ctors)
 *(EXCLUDE_FILE(*crtend.o *crtend?.o) .ctors)
 *(SORT_BY_NAME(.ctors.*))
 *(.ctors)
 *crtbegin.o(.dtors)
 *crtbegin?.o(.dtors)
 *(EXCLUDE_FILE(*crtend.o *crtend?.o) .dtors)
 *(SORT_BY_NAME(.dtors.*))
 *(.dtors)
 *(.eh_frame*)
 .eh_frame      0x1000d060        0x0 /Applications/ArmGNUToolchain/13.2.Rel1/arm-none-eabi/bin/../lib/gcc/arm-none-eabi/13.2.1/thumb/v6-m/nofp/crtbegin.o
                0x1000d060                        . = ALIGN (0x4)

.glue_7         0x1000d060        0x0
 .glue_7        0x1000d060        0x0 linker stubs

.glue_7t        0x1000d060        0x0
 .glue_7t       0x1000d060        0x0 linker stubs

.vfp11_veneer   0x1000d060        0x0
 .vfp11_veneer  0x1000d060        0x0 linker stubs

.v4_bx          0x1000d060        0x0
 .v4_bx         0x1000d060        0x0 linker stubs

.iplt           0x1000d060        0x0
 .iplt          0x1000d060        0x0 /Applications/ArmGNUToolchain/13.2.Rel1/arm-none-eabi/bin/../lib/gcc/arm-none-eabi/13.2.1/thumb/v6-m/nofp/crtbegin.o

.rodata         0x1000d060     0x79c0
 *(EXCLUDE_FILE(*libm.a: *libc.a:*lib_a-mem*.o *libgcc.a:) .rodata*)
 .rodata.main.str1.4
                0x1000d060      0x376 CMakeFiles/Motor_controller_copy.dir/Motor_controller_copy.c.obj
                                 0x48 (size before relaxing)
 .rodata.spin_lock_claim_unused.str1.4
                0x1000d3d6       0x1b CMakeFiles/Motor_controller_copy.dir/Users/alazartegegnework/me433/Pico/pico-sdk/src/rp2_common/hardware_sync/sync.c.obj
 .rodata.user_irq_claim_unused.str1.4
                0x1000d3d6       0x1b CMakeFiles/Motor_controller_copy.dir/Users/alazartegegnework/me433/Pico/pico-sdk/src/rp2_common/hardware_irq/irq.c.obj
 *fill*         0x1000d3d6        0x2 
 .rodata.at_the_end_of_time
                0x1000d3d8        0x8 CMakeFiles/Motor_controller_copy.dir/Users/alazartegegnework/me433/Pico/pico-sdk/src/common/pico_time/time.c.obj
                0x1000d3d8                at_the_end_of_time
 .rodata.hardware_alarm_claim.str1.4
                0x1000d3e0       0x22 CMakeFiles/Motor_controller_copy.dir/Users/alazartegegnework/me433/Pico/pico-sdk/src/rp2_common/hardware_timer/timer.c.obj
 .rodata.__assert_func.str1.4
                0x1000d3e0       0x43 CMakeFiles/Motor_controller_copy.dir/Users/alazartegegnework/me433/Pico/pico-sdk/src/rp2_common/pico_runtime/runtime.c.obj
 .rodata.panic.str1.4
                0x1000d3e0       0x12 CMakeFiles/Motor_controller_copy.dir/Users/alazartegegnework/me433/Pico/pico-sdk/src/rp2_common/pico_runtime/runtime.c.obj
 .rodata.hard_assertion_failure.str1.4
                0x1000d3e0        0xc CMakeFiles/Motor_controller_copy.dir/Users/alazartegegnework/me433/Pico/pico-sdk/src/rp2_common/pico_runtime/runtime.c.obj
 .rodata._ftoa.str1.4
                0x1000d3e0       0x15 CMakeFiles/Motor_controller_copy.dir/Users/alazartegegnework/me433/Pico/pico-sdk/src/rp2_common/pico_printf/printf.c.obj
 .rodata._vsnprintf
                0x1000d3e0      0x19c CMakeFiles/Motor_controller_copy.dir/Users/alazartegegnework/me433/Pico/pico-sdk/src/rp2_common/pico_printf/printf.c.obj
 *fill*         0x1000d57c        0x4 
 .rodata.pow10.0
                0x1000d580       0x50 CMakeFiles/Motor_controller_copy.dir/Users/alazartegegnework/me433/Pico/pico-sdk/src/rp2_common/pico_printf/printf.c.obj
 .rodata.__wrap_malloc.str1.4
                0x1000d5d0        0xe CMakeFiles/Motor_controller_copy.dir/Users/alazartegegnework/me433/Pico/pico-sdk/src/rp2_common/pico_malloc/pico_malloc.c.obj
 .rodata.str1.4
                0x1000d5d0       0x4c CMakeFiles/Motor_controller_copy.dir/Users/alazartegegnework/me433/Pico/pico-sdk/src/rp2_common/pico_standard_link/binary_info.c.obj
 .rodata.__bi_81
                0x1000d5d0        0xc CMakeFiles/Motor_controller_copy.dir/Users/alazartegegnework/me433/Pico/pico-sdk/src/rp2_common/pico_standard_link/binary_info.c.obj
 .rodata.__bi_75
                0x1000d5dc        0xc CMakeFiles/Motor_controller_copy.dir/Users/alazartegegnework/me433/Pico/pico-sdk/src/rp2_common/pico_standard_link/binary_info.c.obj
 .rodata.__bi_44
                0x1000d5e8        0xc CMakeFiles/Motor_controller_copy.dir/Users/alazartegegnework/me433/Pico/pico-sdk/src/rp2_common/pico_standard_link/binary_info.c.obj
 .rodata.crlf_str.0
                0x1000d5f4        0x2 CMakeFiles/Motor_controller_copy.dir/Users/alazartegegnework/me433/Pico/pico-sdk/src/rp2_common/pico_stdio/stdio.c.obj
 *fill*         0x1000d5f6        0x2 
 .rodata._resetd_driver
                0x1000d5f8       0x18 CMakeFiles/Motor_controller_copy.dir/Users/alazartegegnework/me433/Pico/pico-sdk/src/rp2_common/pico_stdio_usb/reset_interface.c.obj
 .rodata.str1.4
                0x1000d610       0x13 CMakeFiles/Motor_controller_copy.dir/Users/alazartegegnework/me433/Pico/pico-sdk/src/rp2_common/pico_stdio_usb/stdio_usb.c.obj
 .rodata.__bi_182.0
                0x1000d610        0xc CMakeFiles/Motor_controller_copy.dir/Users/alazartegegnework/me433/Pico/pico-sdk/src/rp2_common/pico_stdio_usb/stdio_usb.c.obj
 .rodata.str1.4
                0x1000d61c       0x2a CMakeFiles/Motor_controller_copy.dir/Users/alazartegegnework/me433/Pico/pico-sdk/src/rp2_common/pico_stdio_usb/stdio_usb_descriptors.c.obj
 .rodata.usbd_desc_str
                0x1000d61c       0x18 CMakeFiles/Motor_controller_copy.dir/Users/alazartegegnework/me433/Pico/pico-sdk/src/rp2_common/pico_stdio_usb/stdio_usb_descriptors.c.obj
 .rodata.usbd_desc_cfg
                0x1000d634       0x54 CMakeFiles/Motor_controller_copy.dir/Users/alazartegegnework/me433/Pico/pico-sdk/src/rp2_common/pico_stdio_usb/stdio_usb_descriptors.c.obj
 .rodata.usbd_desc_device
                0x1000d688       0x12 CMakeFiles/Motor_controller_copy.dir/Users/alazartegegnework/me433/Pico/pico-sdk/src/rp2_common/pico_stdio_usb/stdio_usb_descriptors.c.obj
 .rodata.str1.4
                0x1000d69a       0x14 CMakeFiles/Motor_controller_copy.dir/Users/alazartegegnework/me433/Pico/pico-sdk/lib/tinyusb/src/portable/raspberrypi/rp2040/dcd_rp2040.c.obj
 .rodata.str1.4
                0x1000d69a       0x53 CMakeFiles/Motor_controller_copy.dir/Users/alazartegegnework/me433/Pico/pico-sdk/lib/tinyusb/src/portable/raspberrypi/rp2040/rp2040_usb.c.obj
 *fill*         0x1000d69a        0x2 
 .rodata.tud_task_ext
                0x1000d69c       0x8c CMakeFiles/Motor_controller_copy.dir/Users/alazartegegnework/me433/Pico/pico-sdk/lib/tinyusb/src/device/usbd.c.obj
 .rodata._usbd_driver
                0x1000d728       0x18 CMakeFiles/Motor_controller_copy.dir/Users/alazartegegnework/me433/Pico/pico-sdk/lib/tinyusb/src/device/usbd.c.obj
 .rodata._ctype_
                0x1000d740      0x101 /Applications/ArmGNUToolchain/13.2.Rel1/arm-none-eabi/bin/../lib/gcc/arm-none-eabi/13.2.1/../../../../arm-none-eabi/lib/thumb/v6-m/nofp/libc.a(libc_a-ctype_.o)
                0x1000d740                _ctype_
 .rodata.__svfscanf_r.str1.4
                0x1000d841        0x9 /Applications/ArmGNUToolchain/13.2.Rel1/arm-none-eabi/bin/../lib/gcc/arm-none-eabi/13.2.1/../../../../arm-none-eabi/lib/thumb/v6-m/nofp/libc.a(libc_a-vfscanf.o)
 *fill*         0x1000d841        0x3 
 .rodata.__svfscanf_r
                0x1000d844      0x3cc /Applications/ArmGNUToolchain/13.2.Rel1/arm-none-eabi/bin/../lib/gcc/arm-none-eabi/13.2.1/../../../../arm-none-eabi/lib/thumb/v6-m/nofp/libc.a(libc_a-vfscanf.o)
 .rodata.basefix.0
                0x1000dc10       0x22 /Applications/ArmGNUToolchain/13.2.Rel1/arm-none-eabi/bin/../lib/gcc/arm-none-eabi/13.2.1/../../../../arm-none-eabi/lib/thumb/v6-m/nofp/libc.a(libc_a-vfscanf.o)
 .rodata._strtod_l.str1.4
                0x1000dc32       0x15 /Applications/ArmGNUToolchain/13.2.Rel1/arm-none-eabi/bin/../lib/gcc/arm-none-eabi/13.2.1/../../../../arm-none-eabi/lib/thumb/v6-m/nofp/libc.a(libc_a-strtod.o)
 *fill*         0x1000dc32        0x2 
 .rodata._strtod_l
                0x1000dc34       0xd0 /Applications/ArmGNUToolchain/13.2.Rel1/arm-none-eabi/bin/../lib/gcc/arm-none-eabi/13.2.1/../../../../arm-none-eabi/lib/thumb/v6-m/nofp/libc.a(libc_a-strtod.o)
 .rodata.fpinan.0
                0x1000dd04       0x14 /Applications/ArmGNUToolchain/13.2.Rel1/arm-none-eabi/bin/../lib/gcc/arm-none-eabi/13.2.1/../../../../arm-none-eabi/lib/thumb/v6-m/nofp/libc.a(libc_a-strtod.o)
 .rodata.fpi.1  0x1000dd18       0x14 /Applications/ArmGNUToolchain/13.2.Rel1/arm-none-eabi/bin/../lib/gcc/arm-none-eabi/13.2.1/../../../../arm-none-eabi/lib/thumb/v6-m/nofp/libc.a(libc_a-strtod.o)
 *fill*         0x1000dd2c        0x4 
 .rodata.tinytens
                0x1000dd30       0x28 /Applications/ArmGNUToolchain/13.2.Rel1/arm-none-eabi/bin/../lib/gcc/arm-none-eabi/13.2.1/../../../../arm-none-eabi/lib/thumb/v6-m/nofp/libc.a(libc_a-strtod.o)
 .rodata.str1.4
                0x1000dd58       0x4c /Applications/ArmGNUToolchain/13.2.Rel1/arm-none-eabi/bin/../lib/gcc/arm-none-eabi/13.2.1/../../../../arm-none-eabi/lib/thumb/v6-m/nofp/libc.a(libc_a-locale.o)
 .rodata._mbrtowc_r.str1.4
                0x1000dd58        0x1 /Applications/ArmGNUToolchain/13.2.Rel1/arm-none-eabi/bin/../lib/gcc/arm-none-eabi/13.2.1/../../../../arm-none-eabi/lib/thumb/v6-m/nofp/libc.a(libc_a-mbrtowc.o)
 .rodata.__jp2uc
                0x1000dd58       0x20 /Applications/ArmGNUToolchain/13.2.Rel1/arm-none-eabi/bin/../lib/gcc/arm-none-eabi/13.2.1/../../../../arm-none-eabi/lib/thumb/v6-m/nofp/libc.a(libc_a-jp2uc.o)
 .rodata._jp2uc_l.str1.4
                0x1000dd78       0x12 /Applications/ArmGNUToolchain/13.2.Rel1/arm-none-eabi/bin/../lib/gcc/arm-none-eabi/13.2.1/../../../../arm-none-eabi/lib/thumb/v6-m/nofp/libc.a(libc_a-jp2uc.o)
 .rodata.d02f4  0x1000dd78     0x1a7c /Applications/ArmGNUToolchain/13.2.Rel1/arm-none-eabi/bin/../lib/gcc/arm-none-eabi/13.2.1/../../../../arm-none-eabi/lib/thumb/v6-m/nofp/libc.a(libc_a-jp2uc.o)
 .rodata.b02cf  0x1000f7f4     0x172a /Applications/ArmGNUToolchain/13.2.Rel1/arm-none-eabi/bin/../lib/gcc/arm-none-eabi/13.2.1/../../../../arm-none-eabi/lib/thumb/v6-m/nofp/libc.a(libc_a-jp2uc.o)
 *fill*         0x10010f1e        0x2 
 .rodata.a8     0x10010f20       0x40 /Applications/ArmGNUToolchain/13.2.Rel1/arm-none-eabi/bin/../lib/gcc/arm-none-eabi/13.2.1/../../../../arm-none-eabi/lib/thumb/v6-m/nofp/libc.a(libc_a-jp2uc.o)
 .rodata.a7     0x10010f60       0xa2 /Applications/ArmGNUToolchain/13.2.Rel1/arm-none-eabi/bin/../lib/gcc/arm-none-eabi/13.2.1/../../../../arm-none-eabi/lib/thumb/v6-m/nofp/libc.a(libc_a-jp2uc.o)
 *fill*         0x10011002        0x2 
 .rodata.a6     0x10011004       0x70 /Applications/ArmGNUToolchain/13.2.Rel1/arm-none-eabi/bin/../lib/gcc/arm-none-eabi/13.2.1/../../../../arm-none-eabi/lib/thumb/v6-m/nofp/libc.a(libc_a-jp2uc.o)
 .rodata.a3     0x10011074       0x5b /Applications/ArmGNUToolchain/13.2.Rel1/arm-none-eabi/bin/../lib/gcc/arm-none-eabi/13.2.1/../../../../arm-none-eabi/lib/thumb/v6-m/nofp/libc.a(libc_a-jp2uc.o)
 *fill*         0x100110cf        0x1 
 .rodata.a2     0x100110d0       0xbc /Applications/ArmGNUToolchain/13.2.Rel1/arm-none-eabi/bin/../lib/gcc/arm-none-eabi/13.2.1/../../../../arm-none-eabi/lib/thumb/v6-m/nofp/libc.a(libc_a-jp2uc.o)
 .rodata.a1     0x1001118c       0xbc /Applications/ArmGNUToolchain/13.2.Rel1/arm-none-eabi/bin/../lib/gcc/arm-none-eabi/13.2.1/../../../../arm-none-eabi/lib/thumb/v6-m/nofp/libc.a(libc_a-jp2uc.o)