Archive member included to satisfy reference by file (symbol)

/Applications/ArmGNUToolchain/13.2.Rel1/arm-none-eabi/bin/../lib/gcc/arm-none-eabi/13.2.1/thumb/v6-m/nofp/libgcc.a(_dvmd_tls.o)
                              CMakeFiles/CDC_comm.dir/Users/alazartegegnework/me433/Pico/pico-sdk/src/rp2_common/pico_divider/divider.S.obj (__aeabi_idiv0)
/Applications/ArmGNUToolchain/13.2.Rel1/arm-none-eabi/bin/../lib/gcc/arm-none-eabi/13.2.1/../../../../arm-none-eabi/lib/thumb/v6-m/nofp/libc.a(libc_a-atoi.o)
                              CMakeFiles/CDC_comm.dir/CDC_comm.c.obj (atoi)
/Applications/ArmGNUToolchain/13.2.Rel1/arm-none-eabi/bin/../lib/gcc/arm-none-eabi/13.2.1/../../../../arm-none-eabi/lib/thumb/v6-m/nofp/libc.a(libc_a-calloc.o)
                              CMakeFiles/CDC_comm.dir/Users/alazartegegnework/me433/Pico/pico-sdk/src/rp2_common/pico_malloc/pico_malloc.c.obj (calloc)
/Applications/ArmGNUToolchain/13.2.Rel1/arm-none-eabi/bin/../lib/gcc/arm-none-eabi/13.2.1/../../../../arm-none-eabi/lib/thumb/v6-m/nofp/libc.a(libc_a-callocr.o)
                              /Applications/ArmGNUToolchain/13.2.Rel1/arm-none-eabi/bin/../lib/gcc/arm-none-eabi/13.2.1/../../../../arm-none-eabi/lib/thumb/v6-m/nofp/libc.a(libc_a-calloc.o) (_calloc_r)
/Applications/ArmGNUToolchain/13.2.Rel1/arm-none-eabi/bin/../lib/gcc/arm-none-eabi/13.2.1/../../../../arm-none-eabi/lib/thumb/v6-m/nofp/libc.a(libc_a-malloc.o)
                              CMakeFiles/CDC_comm.dir/Users/alazartegegnework/me433/Pico/pico-sdk/src/rp2_common/pico_malloc/pico_malloc.c.obj (malloc)
/Applications/ArmGNUToolchain/13.2.Rel1/arm-none-eabi/bin/../lib/gcc/arm-none-eabi/13.2.1/../../../../arm-none-eabi/lib/thumb/v6-m/nofp/libc.a(libc_a-mallocr.o)
                              /Applications/ArmGNUToolchain/13.2.Rel1/arm-none-eabi/bin/../lib/gcc/arm-none-eabi/13.2.1/../../../../arm-none-eabi/lib/thumb/v6-m/nofp/libc.a(libc_a-callocr.o) (_malloc_r)
/Applications/ArmGNUToolchain/13.2.Rel1/arm-none-eabi/bin/../lib/gcc/arm-none-eabi/13.2.1/../../../../arm-none-eabi/lib/thumb/v6-m/nofp/libc.a(libc_a-mlock.o)
                              /Applications/ArmGNUToolchain/13.2.Rel1/arm-none-eabi/bin/../lib/gcc/arm-none-eabi/13.2.1/../../../../arm-none-eabi/lib/thumb/v6-m/nofp/libc.a(libc_a-mallocr.o) (__malloc_lock)
/Applications/ArmGNUToolchain/13.2.Rel1/arm-none-eabi/bin/../lib/gcc/arm-none-eabi/13.2.1/../../../../arm-none-eabi/lib/thumb/v6-m/nofp/libc.a(libc_a-realloc.o)
                              CMakeFiles/CDC_comm.dir/Users/alazartegegnework/me433/Pico/pico-sdk/src/rp2_common/pico_malloc/pico_malloc.c.obj (realloc)
/Applications/ArmGNUToolchain/13.2.Rel1/arm-none-eabi/bin/../lib/gcc/arm-none-eabi/13.2.1/../../../../arm-none-eabi/lib/thumb/v6-m/nofp/libc.a(libc_a-scanf.o)
                              CMakeFiles/CDC_comm.dir/CDC_comm.c.obj (scanf)
/Applications/ArmGNUToolchain/13.2.Rel1/arm-none-eabi/bin/../lib/gcc/arm-none-eabi/13.2.1/../../../../arm-none-eabi/lib/thumb/v6-m/nofp/libc.a(libc_a-reallocr.o)
                              /Applications/ArmGNUToolchain/13.2.Rel1/arm-none-eabi/bin/../lib/gcc/arm-none-eabi/13.2.1/../../../../arm-none-eabi/lib/thumb/v6-m/nofp/libc.a(libc_a-realloc.o) (_realloc_r)
/Applications/ArmGNUToolchain/13.2.Rel1/arm-none-eabi/bin/../lib/gcc/arm-none-eabi/13.2.1/../../../../arm-none-eabi/lib/thumb/v6-m/nofp/libc.a(libc_a-strtol.o)
                              /Applications/ArmGNUToolchain/13.2.Rel1/arm-none-eabi/bin/../lib/gcc/arm-none-eabi/13.2.1/../../../../arm-none-eabi/lib/thumb/v6-m/nofp/libc.a(libc_a-atoi.o) (_strtol_r)
/Applications/ArmGNUToolchain/13.2.Rel1/arm-none-eabi/bin/../lib/gcc/arm-none-eabi/13.2.1/../../../../arm-none-eabi/lib/thumb/v6-m/nofp/libc.a(libc_a-memmove.o)
                              /Applications/ArmGNUToolchain/13.2.Rel1/arm-none-eabi/bin/../lib/gcc/arm-none-eabi/13.2.1/../../../../arm-none-eabi/lib/thumb/v6-m/nofp/libc.a(libc_a-reallocr.o) (memmove)
/Applications/ArmGNUToolchain/13.2.Rel1/arm-none-eabi/bin/../lib/gcc/arm-none-eabi/13.2.1/../../../../arm-none-eabi/lib/thumb/v6-m/nofp/libc.a(libc_a-impure.o)
                              /Applications/ArmGNUToolchain/13.2.Rel1/arm-none-eabi/bin/../lib/gcc/arm-none-eabi/13.2.1/../../../../arm-none-eabi/lib/thumb/v6-m/nofp/libc.a(libc_a-calloc.o) (_impure_ptr)
/Applications/ArmGNUToolchain/13.2.Rel1/arm-none-eabi/bin/../lib/gcc/arm-none-eabi/13.2.1/../../../../arm-none-eabi/lib/thumb/v6-m/nofp/libc.a(libc_a-sbrkr.o)
                              /Applications/ArmGNUToolchain/13.2.Rel1/arm-none-eabi/bin/../lib/gcc/arm-none-eabi/13.2.1/../../../../arm-none-eabi/lib/thumb/v6-m/nofp/libc.a(libc_a-mallocr.o) (_sbrk_r)
/Applications/ArmGNUToolchain/13.2.Rel1/arm-none-eabi/bin/../lib/gcc/arm-none-eabi/13.2.1/../../../../arm-none-eabi/lib/thumb/v6-m/nofp/libc.a(libc_a-errno.o)
[...]
Memory Configuration

Name             Origin             Length             Attributes
FLASH            0x10000000         0x00200000         xr
RAM              0x20000000         0x00040000         xrw
SCRATCH_X        0x20040000         0x00001000         xrw
SCRATCH_Y        0x20041000         0x00001000         xrw
*default*        0x00000000         0xffffffff

Linker script and memory map

LOAD /Applications/ArmGNUToolchain/13.2.Rel1/arm-none-eabi/bin/../lib/gcc/arm-none-eabi/13.2.1/thumb/v6-m/nofp/crti.o
LOAD /Applications/ArmGNUToolchain/13.2.Rel1/arm-none-eabi/bin/../lib/gcc/arm-none-eabi/13.2.1/thumb/v6-m/nofp/crtbegin.o
LOAD /Applications/ArmGNUToolchain/13.2.Rel1/arm-none-eabi/bin/../lib/gcc/arm-none-eabi/13.2.1/../../../../arm-none-eabi/lib/thumb/v6-m/nofp/crt0.o

.flash_begin    0x10000000        0x0
                0x10000000                        __flash_binary_start = .

.boot2          0x10000000      0x100
                0x10000000                        __boot2_start__ = .
 *(.boot2)
 .boot2         0x10000000      0x100 /var/folders/dh/47h3w2hd0k9_3hlr7cvkycsm0000gn/T//ccsSo7JS.o
                0x10000100                        __boot2_end__ = .
                0x00000001                        ASSERT (((__boot2_end__ - __boot2_start__) == 0x100), ERROR: Pico second stage bootloader must be 256 bytes in size)

.text           0x10000100     0xd018
                0x10000100                        __logical_binary_start = .
 *(.vectors)
 .vectors       0x10000100       0xd4 CMakeFiles/CDC_comm.dir/Users/alazartegegnework/me433/Pico/pico-sdk/src/rp2_common/pico_standard_link/crt0.S.obj
                0x10000100                __VECTOR_TABLE
                0x10000100                __vectors
                0x100001c0                __default_isrs_start
                0x100001c0                isr_invalid
                0x100001c2                isr_nmi
                0x100001c4                isr_hardfault
                0x100001c6                isr_svcall
                0x100001c8                isr_pendsv
                0x100001ca                isr_systick
                0x100001cc                isr_irq28
                0x100001cc                isr_irq19
                0x100001cc                isr_irq0
                0x100001cc                isr_irq6
                0x100001cc                isr_irq22
                0x100001cc                isr_irq17
                0x100001cc                isr_irq14
                0x100001cc                isr_irq2
                0x100001cc                isr_irq10
                0x100001cc                isr_irq8
                0x100001cc                isr_irq24
                0x100001cc                isr_irq1
                0x100001cc                isr_irq7
                0x100001cc                isr_irq21
                0x100001cc                isr_irq20
                0x100001cc                isr_irq15
                0x100001cc                isr_irq25
                0x100001cc                isr_irq4
                0x100001cc                isr_irq16
                0x100001cc                isr_irq29
                0x100001cc                isr_irq26
                0x100001cc                __default_isrs_end
                0x100001cc                isr_irq3
                0x100001cc                isr_irq9
                0x100001cc                __unhandled_user_irq
                0x100001cc                isr_irq13
                0x100001cc                isr_irq27
                0x100001cc                isr_irq31
                0x100001cc                isr_irq5
                0x100001cc                isr_irq11
                0x100001cc                isr_irq23
                0x100001cc                isr_irq18
                0x100001cc                isr_irq30
                0x100001cc                isr_irq12
                0x100001d2                unhandled_user_irq_num_in_r0
 *(.binary_info_header)
 .binary_info_header
                0x100001d4       0x14 CMakeFiles/CDC_comm.dir/Users/alazartegegnework/me433/Pico/pico-sdk/src/rp2_common/pico_standard_link/crt0.S.obj
                0x100001e8                        __binary_info_header_end = .
 *(.reset)
 .reset         0x100001e8       0xa0 CMakeFiles/CDC_comm.dir/Users/alazartegegnework/me433/Pico/pico-sdk/src/rp2_common/pico_standard_link/crt0.S.obj
                0x100001e8                _entry_point
 .reset         0x10000288       0x30 CMakeFiles/CDC_comm.dir/Users/alazartegegnework/me433/Pico/pico-sdk/src/rp2_common/pico_standard_link/binary_info.c.obj
 *(.init)
 .init          0x100002b8        0x4 /Applications/ArmGNUToolchain/13.2.Rel1/arm-none-eabi/bin/../lib/gcc/arm-none-eabi/13.2.1/thumb/v6-m/nofp/crti.o
                0x100002b8                _init
 *(EXCLUDE_FILE(*libm.a: *libc.a:*lib_a-mem*.o *libgcc.a:) .text*)
 .text.register_tm_clones
                0x100002bc       0x28 /Applications/ArmGNUToolchain/13.2.Rel1/arm-none-eabi/bin/../lib/gcc/arm-none-eabi/13.2.1/thumb/v6-m/nofp/crtbegin.o
 .text.frame_dummy
                0x100002e4       0x24 /Applications/ArmGNUToolchain/13.2.Rel1/arm-none-eabi/bin/../lib/gcc/arm-none-eabi/13.2.1/thumb/v6-m/nofp/crtbegin.o
 .text.startup.main
                0x10000308      0x128 CMakeFiles/CDC_comm.dir/CDC_comm.c.obj
                0x10000308                main
 .text.gpio_set_function
                0x10000430       0x30 CMakeFiles/CDC_comm.dir/Users/alazartegegnework/me433/Pico/pico-sdk/src/rp2_common/hardware_gpio/gpio.c.obj
                0x10000430                gpio_set_function
 .text.gpio_set_pulls
                0x10000460       0x24 CMakeFiles/CDC_comm.dir/Users/alazartegegnework/me433/Pico/pico-sdk/src/rp2_common/hardware_gpio/gpio.c.obj
                0x10000460                gpio_set_pulls
 .text.gpio_set_input_enabled
                0x10000484       0x28 CMakeFiles/CDC_comm.dir/Users/alazartegegnework/me433/Pico/pico-sdk/src/rp2_common/hardware_gpio/gpio.c.obj
                0x10000484                gpio_set_input_enabled
 .text.gpio_init
                0x100004ac       0x3c CMakeFiles/CDC_comm.dir/Users/alazartegegnework/me433/Pico/pico-sdk/src/rp2_common/hardware_gpio/gpio.c.obj
                0x100004ac                gpio_init
 .text.running_on_fpga
                0x100004e8       0x10 CMakeFiles/CDC_comm.dir/Users/alazartegegnework/me433/Pico/pico-sdk/src/rp2_common/pico_platform/platform.c.obj
                0x100004e8                running_on_fpga
 .text.hw_claim_or_assert
                0x100004f8       0x44 CMakeFiles/CDC_comm.dir/Users/alazartegegnework/me433/Pico/pico-sdk/src/rp2_common/hardware_claim/claim.c.obj
                0x100004f8                hw_claim_or_assert
 .text.hw_claim_unused_from_range
                0x1000053c       0x9c CMakeFiles/CDC_comm.dir/Users/alazartegegnework/me433/Pico/pico-sdk/src/rp2_common/hardware_claim/claim.c.obj
                0x1000053c                hw_claim_unused_from_range
 .text.spin_locks_reset
                0x100005d8       0x1c CMakeFiles/CDC_comm.dir/Users/alazartegegnework/me433/Pico/pico-sdk/src/rp2_common/hardware_sync/sync.c.obj
                0x100005d8                spin_locks_reset
 .text.next_striped_spin_lock_num
                0x100005f4       0x18 CMakeFiles/CDC_comm.dir/Users/alazartegegnework/me433/Pico/pico-sdk/src/rp2_common/hardware_sync/sync.c.obj
                0x100005f4                next_striped_spin_lock_num
 .text.spin_lock_claim_unused
                0x1000060c       0x24 CMakeFiles/CDC_comm.dir/Users/alazartegegnework/me433/Pico/pico-sdk/src/rp2_common/hardware_sync/sync.c.obj
                0x1000060c                spin_lock_claim_unused
 .text.irq_set_enabled
                0x10000630       0x24 CMakeFiles/CDC_comm.dir/Users/alazartegegnework/me433/Pico/pico-sdk/src/rp2_common/hardware_irq/irq.c.obj
                0x10000630                irq_set_enabled
 .text.irq_set_pending
                0x10000654       0x10 CMakeFiles/CDC_comm.dir/Users/alazartegegnework/me433/Pico/pico-sdk/src/rp2_common/hardware_irq/irq.c.obj
                0x10000654                irq_set_pending
 .text.irq_has_shared_handler
                0x10000664       0x2c CMakeFiles/CDC_comm.dir/Users/alazartegegnework/me433/Pico/pico-sdk/src/rp2_common/hardware_irq/irq.c.obj
                0x10000664                irq_has_shared_handler
 .text.irq_get_vtable_handler
                0x10000690       0x10 CMakeFiles/CDC_comm.dir/Users/alazartegegnework/me433/Pico/pico-sdk/src/rp2_common/hardware_irq/irq.c.obj
                0x10000690                irq_get_vtable_handler
 .text.irq_set_exclusive_handler
                0x100006a0       0x54 CMakeFiles/CDC_comm.dir/Users/alazartegegnework/me433/Pico/pico-sdk/src/rp2_common/hardware_irq/irq.c.obj
                0x100006a0                irq_set_exclusive_handler
 .text.irq_add_shared_handler
                0x100006f4      0x1f4 CMakeFiles/CDC_comm.dir/Users/alazartegegnework/me433/Pico/pico-sdk/src/rp2_common/hardware_irq/irq.c.obj
                0x100006f4                irq_add_shared_handler
 .text.irq_remove_handler
                0x100008e8      0x1c4 CMakeFiles/CDC_comm.dir/Users/alazartegegnework/me433/Pico/pico-sdk/src/rp2_common/hardware_irq/irq.c.obj
                0x100008e8                irq_remove_handler
 .text.irq_add_tail_to_free_list
                0x10000aac       0xb4 CMakeFiles/CDC_comm.dir/Users/alazartegegnework/me433/Pico/pico-sdk/src/rp2_common/hardware_irq/irq.c.obj
                0x10000aac                irq_add_tail_to_free_list
 .text.irq_init_priorities
                0x10000b60       0x24 CMakeFiles/CDC_comm.dir/Users/alazartegegnework/me433/Pico/pico-sdk/src/rp2_common/hardware_irq/irq.c.obj
                0x10000b60                irq_init_priorities
 .text.user_irq_claim_unused
                0x10000b84       0x2c CMakeFiles/CDC_comm.dir/Users/alazartegegnework/me433/Pico/pico-sdk/src/rp2_common/hardware_irq/irq.c.obj
                0x10000b84                user_irq_claim_unused
 .text.lock_init
                0x10000bb0       0x10 CMakeFiles/CDC_comm.dir/Users/alazartegegnework/me433/Pico/pico-sdk/src/common/pico_sync/lock_core.c.obj
                0x10000bb0                lock_init
 .text.mutex_init
                0x10000bc0       0x1c CMakeFiles/CDC_comm.dir/Users/alazartegegnework/me433/Pico/pico-sdk/src/common/pico_sync/mutex.c.obj
                0x10000bc0                mutex_init
 .text.recursive_mutex_init
                0x10000bdc       0x1c CMakeFiles/CDC_comm.dir/Users/alazartegegnework/me433/Pico/pico-sdk/src/common/pico_sync/mutex.c.obj
                0x10000bdc                recursive_mutex_init
 .text.critical_section_init
                0x10000bf8       0x1c CMakeFiles/CDC_comm.dir/Users/alazartegegnework/me433/Pico/pico-sdk/src/common/pico_sync/critical_section.c.obj
                0x10000bf8                critical_section_init
 .text.critical_section_init_with_lock_num
                0x10000c14       0x14 CMakeFiles/CDC_comm.dir/Users/alazartegegnework/me433/Pico/pico-sdk/src/common/pico_sync/critical_section.c.obj
                0x10000c14                critical_section_init_with_lock_num
 .text.timer_pool_entry_comparator
                0x10000c28       0x34 CMakeFiles/CDC_comm.dir/Users/alazartegegnework/me433/Pico/pico-sdk/src/common/pico_time/time.c.obj
                0x10000c28                timer_pool_entry_comparator
 .text.sleep_until_callback
                0x10000c5c       0x30 CMakeFiles/CDC_comm.dir/Users/alazartegegnework/me433/Pico/pico-sdk/src/common/pico_time/time.c.obj
 .text.add_alarm_under_lock.isra.0
                0x10000c8c      0x100 CMakeFiles/CDC_comm.dir/Users/alazartegegnework/me433/Pico/pico-sdk/src/common/pico_time/time.c.obj
 .text.alarm_pool_alarm_callback
                0x10000d8c      0x1c0 CMakeFiles/CDC_comm.dir/Users/alazartegegnework/me433/Pico/pico-sdk/src/common/pico_time/time.c.obj
 .text.alarm_pool_init_default
                0x10000f4c       0x6c CMakeFiles/CDC_comm.dir/Users/alazartegegnework/me433/Pico/pico-sdk/src/common/pico_time/time.c.obj
                0x10000f4c                alarm_pool_init_default
 .text.alarm_pool_get_default
                0x10000fb8        0x8 CMakeFiles/CDC_comm.dir/Users/alazartegegnework/me433/Pico/pico-sdk/src/common/pico_time/time.c.obj
                0x10000fb8                alarm_pool_get_default
 .text.alarm_pool_add_alarm_at
                0x10000fc0      0x17c CMakeFiles/CDC_comm.dir/Users/alazartegegnework/me433/Pico/pico-sdk/src/common/pico_time/time.c.obj
                0x10000fc0                alarm_pool_add_alarm_at
 .text.alarm_pool_core_num
                0x1000113c        0x4 CMakeFiles/CDC_comm.dir/Users/alazartegegnework/me433/Pico/pico-sdk/src/common/pico_time/time.c.obj
                0x1000113c                alarm_pool_core_num
 .text.sleep_until
                0x10001140       0xc4 CMakeFiles/CDC_comm.dir/Users/alazartegegnework/me433/Pico/pico-sdk/src/common/pico_time/time.c.obj
                0x10001140                sleep_until
 .text.sleep_ms
                0x10001204       0x38 CMakeFiles/CDC_comm.dir/Users/alazartegegnework/me433/Pico/pico-sdk/src/common/pico_time/time.c.obj
                0x10001204                sleep_ms
 .text.best_effort_wfe_or_timeout
                0x1000123c       0xcc CMakeFiles/CDC_comm.dir/Users/alazartegegnework/me433/Pico/pico-sdk/src/common/pico_time/time.c.obj
                0x1000123c                best_effort_wfe_or_timeout
 .text.hardware_alarm_irq_handler
                0x10001308       0xbc CMakeFiles/CDC_comm.dir/Users/alazartegegnework/me433/Pico/pico-sdk/src/rp2_common/hardware_timer/timer.c.obj
 .text.hardware_alarm_claim
                0x100013c4       0x18 CMakeFiles/CDC_comm.dir/Users/alazartegegnework/me433/Pico/pico-sdk/src/rp2_common/hardware_timer/timer.c.obj
                0x100013c4                hardware_alarm_claim
 .text.time_us_64
                0x100013dc       0x14 CMakeFiles/CDC_comm.dir/Users/alazartegegnework/me433/Pico/pico-sdk/src/rp2_common/hardware_timer/timer.c.obj
                0x100013dc                time_us_64
 .text.busy_wait_us
                0x100013f0       0x68 CMakeFiles/CDC_comm.dir/Users/alazartegegnework/me433/Pico/pico-sdk/src/rp2_common/hardware_timer/timer.c.obj
                0x100013f0                busy_wait_us
 .text.busy_wait_until
                0x10001458       0x20 CMakeFiles/CDC_comm.dir/Users/alazartegegnework/me433/Pico/pico-sdk/src/rp2_common/hardware_timer/timer.c.obj
                0x10001458                busy_wait_until
 .text.hardware_alarm_set_callback
                0x10001478       0x8c CMakeFiles/CDC_comm.dir/Users/alazartegegnework/me433/Pico/pico-sdk/src/rp2_common/hardware_timer/timer.c.obj
                0x10001478                hardware_alarm_set_callback
 .text.hardware_alarm_set_target
                0x10001504       0xd0 CMakeFiles/CDC_comm.dir/Users/alazartegegnework/me433/Pico/pico-sdk/src/rp2_common/hardware_timer/timer.c.obj
                0x10001504                hardware_alarm_set_target
 .text.hardware_alarm_cancel
                0x100015d4       0x3c CMakeFiles/CDC_comm.dir/Users/alazartegegnework/me433/Pico/pico-sdk/src/rp2_common/hardware_timer/timer.c.obj
                0x100015d4                hardware_alarm_cancel
 .text.ph_merge_nodes
                0x10001610       0x58 CMakeFiles/CDC_comm.dir/Users/alazartegegnework/me433/Pico/pico-sdk/src/common/pico_util/pheap.c.obj
 .text.ph_post_alloc_init
                0x10001668       0x3c CMakeFiles/CDC_comm.dir/Users/alazartegegnework/me433/Pico/pico-sdk/src/common/pico_util/pheap.c.obj
                0x10001668                ph_post_alloc_init
 .text.ph_merge_two_pass
                0x100016a4       0x8c CMakeFiles/CDC_comm.dir/Users/alazartegegnework/me433/Pico/pico-sdk/src/common/pico_util/pheap.c.obj
                0x100016a4                ph_merge_two_pass
 .text.ph_remove_any_head
                0x10001730      0x100 CMakeFiles/CDC_comm.dir/Users/alazartegegnework/me433/Pico/pico-sdk/src/common/pico_util/pheap.c.obj
 .text.ph_remove_head
                0x10001830      0x104 CMakeFiles/CDC_comm.dir/Users/alazartegegnework/me433/Pico/pico-sdk/src/common/pico_util/pheap.c.obj
                0x10001830                ph_remove_head
 .text.ph_remove_and_free_node
                0x10001934       0x78 CMakeFiles/CDC_comm.dir/Users/alazartegegnework/me433/Pico/pico-sdk/src/common/pico_util/pheap.c.obj
                0x10001934                ph_remove_and_free_node
 .text.clocks_init
                0x100019ac      0x2c8 CMakeFiles/CDC_comm.dir/Users/alazartegegnework/me433/Pico/pico-sdk/src/rp2_common/hardware_clocks/clocks.c.obj
                0x100019ac                clocks_init
 .text.pll_init
                0x10001c74       0xa4 CMakeFiles/CDC_comm.dir/Users/alazartegegnework/me433/Pico/pico-sdk/src/rp2_common/hardware_pll/pll.c.obj
                0x10001c74                pll_init
 .text.watchdog_start_tick
                0x10001d18       0x10 CMakeFiles/CDC_comm.dir/Users/alazartegegnework/me433/Pico/pico-sdk/src/rp2_common/hardware_watchdog/watchdog.c.obj
                0x10001d18                watchdog_start_tick
 .text.watchdog_reboot
                0x10001d28       0x9c CMakeFiles/CDC_comm.dir/Users/alazartegegnework/me433/Pico/pico-sdk/src/rp2_common/hardware_watchdog/watchdog.c.obj
                0x10001d28                watchdog_reboot
 .text.xosc_init
                0x10001dc4       0x28 CMakeFiles/CDC_comm.dir/Users/alazartegegnework/me433/Pico/pico-sdk/src/rp2_common/hardware_xosc/xosc.c.obj
                0x10001dc4                xosc_init
 .text.runtime_init
                0x10001dec       0xf0 CMakeFiles/CDC_comm.dir/Users/alazartegegnework/me433/Pico/pico-sdk/src/rp2_common/pico_runtime/runtime.c.obj
                0x10001dec                runtime_init
 .text._exit    0x10001edc        0x4 CMakeFiles/CDC_comm.dir/Users/alazartegegnework/me433/Pico/pico-sdk/src/rp2_common/pico_runtime/runtime.c.obj
                0x10001edc                _exit
 .text._sbrk    0x10001ee0       0x34 CMakeFiles/CDC_comm.dir/Users/alazartegegnework/me433/Pico/pico-sdk/src/rp2_common/pico_runtime/runtime.c.obj
                0x10001ee0                _sbrk
 .text.exit     0x10001f14        0x8 CMakeFiles/CDC_comm.dir/Users/alazartegegnework/me433/Pico/pico-sdk/src/rp2_common/pico_runtime/runtime.c.obj
                0x10001f14                exit
 .text.__assert_func
                0x10001f1c       0x38 CMakeFiles/CDC_comm.dir/Users/alazartegegnework/me433/Pico/pico-sdk/src/rp2_common/pico_runtime/runtime.c.obj
                0x10001f1c                __assert_func
 .text.panic    0x10001f54       0x30 CMakeFiles/CDC_comm.dir/Users/alazartegegnework/me433/Pico/pico-sdk/src/rp2_common/pico_runtime/runtime.c.obj
                0x10001f54                panic
 .text.hard_assertion_failure
                0x10001f84        0xc CMakeFiles/CDC_comm.dir/Users/alazartegegnework/me433/Pico/pico-sdk/src/rp2_common/pico_runtime/runtime.c.obj
                0x10001f84                hard_assertion_failure
 .text._out_buffer
                0x10001f90        0x8 CMakeFiles/CDC_comm.dir/Users/alazartegegnework/me433/Pico/pico-sdk/src/rp2_common/pico_printf/printf.c.obj
 .text._out_null
                0x10001f98        0x4 CMakeFiles/CDC_comm.dir/Users/alazartegegnework/me433/Pico/pico-sdk/src/rp2_common/pico_printf/printf.c.obj
 .text._out_rev
                0x10001f9c       0xac CMakeFiles/CDC_comm.dir/Users/alazartegegnework/me433/Pico/pico-sdk/src/rp2_common/pico_printf/printf.c.obj
 .text._ntoa_format
                0x10002048      0x250 CMakeFiles/CDC_comm.dir/Users/alazartegegnework/me433/Pico/pico-sdk/src/rp2_common/pico_printf/printf.c.obj
 .text._out_char
                0x10002298       0x10 CMakeFiles/CDC_comm.dir/Users/alazartegegnework/me433/Pico/pico-sdk/src/rp2_common/pico_printf/printf.c.obj
 .text._out_fct
                0x100022a8       0x10 CMakeFiles/CDC_comm.dir/Users/alazartegegnework/me433/Pico/pico-sdk/src/rp2_common/pico_printf/printf.c.obj
 .text._etoa    0x100022b8      0x464 CMakeFiles/CDC_comm.dir/Users/alazartegegnework/me433/Pico/pico-sdk/src/rp2_common/pico_printf/printf.c.obj
 .text._ftoa    0x1000271c      0x3c0 CMakeFiles/CDC_comm.dir/Users/alazartegegnework/me433/Pico/pico-sdk/src/rp2_common/pico_printf/printf.c.obj
 .text._vsnprintf
                0x10002adc      0xbc8 CMakeFiles/CDC_comm.dir/Users/alazartegegnework/me433/Pico/pico-sdk/src/rp2_common/pico_printf/printf.c.obj
 .text.__wrap_sprintf
                0x100036a4       0x2c CMakeFiles/CDC_comm.dir/Users/alazartegegnework/me433/Pico/pico-sdk/src/rp2_common/pico_printf/printf.c.obj
                0x100036a4                __wrap_sprintf
 .text.vfctprintf
                0x100036d0       0x20 CMakeFiles/CDC_comm.dir/Users/alazartegegnework/me433/Pico/pico-sdk/src/rp2_common/pico_printf/printf.c.obj
                0x100036d0                vfctprintf
 .text.weak_raw_printf
                0x100036f0       0x40 CMakeFiles/CDC_comm.dir/Users/alazartegegnework/me433/Pico/pico-sdk/src/rp2_common/pico_printf/printf.c.obj
                0x100036f0                weak_raw_printf
 .text.weak_raw_vprintf
                0x10003730       0x30 CMakeFiles/CDC_comm.dir/Users/alazartegegnework/me433/Pico/pico-sdk/src/rp2_common/pico_printf/printf.c.obj
                0x10003730                weak_raw_vprintf
 .text          0x10003760       0x10 CMakeFiles/CDC_comm.dir/Users/alazartegegnework/me433/Pico/pico-sdk/src/rp2_common/pico_bit_ops/bit_ops_aeabi.S.obj
 .text.rom_func_lookup
                0x10003770       0x10 CMakeFiles/CDC_comm.dir/Users/alazartegegnework/me433/Pico/pico-sdk/src/rp2_common/pico_bootrom/bootrom.c.obj
                0x10003770                rom_func_lookup
 .text.rom_data_lookup
                0x10003780       0x10 CMakeFiles/CDC_comm.dir/Users/alazartegegnework/me433/Pico/pico-sdk/src/rp2_common/pico_bootrom/bootrom.c.obj
                0x10003780                rom_data_lookup
 .text.rom_funcs_lookup
                0x10003790       0x44 CMakeFiles/CDC_comm.dir/Users/alazartegegnework/me433/Pico/pico-sdk/src/rp2_common/pico_bootrom/bootrom.c.obj
                0x10003790                rom_funcs_lookup
 .text.__wrap___aeabi_idiv
                0x100037d4       0x50 CMakeFiles/CDC_comm.dir/Users/alazartegegnework/me433/Pico/pico-sdk/src/rp2_common/pico_divider/divider.S.obj
                0x100037d4                __wrap___aeabi_idivmod
                0x100037d4                divmod_s32s32
                0x100037d4                div_s32s32
                0x100037d4                __wrap___aeabi_idiv
                0x100037dc                divmod_s32s32_unsafe
                0x10003808                divmod_s32s32_savestate
 .text.__wrap___aeabi_uidiv
                0x10003824       0x4c CMakeFiles/CDC_comm.dir/Users/alazartegegnework/me433/Pico/pico-sdk/src/rp2_common/pico_divider/divider.S.obj
                0x10003824                __wrap___aeabi_uidiv
                0x10003824                __wrap___aeabi_uidivmod
                0x10003824                div_u32u32
                0x10003824                divmod_u32u32
                0x1000382c                divmod_u32u32_unsafe
                0x10003854                divmod_u32u32_savestate
 .text.__wrap___aeabi_ldiv
                0x10003870      0x424 CMakeFiles/CDC_comm.dir/Users/alazartegegnework/me433/Pico/pico-sdk/src/rp2_common/pico_divider/divider.S.obj
                0x10003870                __wrap___aeabi_ldivmod
                0x10003870                div_s64s64
                0x10003870                divmod_s64s64
                0x100038a0                divmod_u64u64
                0x100038a0                div_u64u64
                0x100038a0                __wrap___aeabi_uldivmod
                0x100038b0                divmod_u64u64_savestate
                0x100038d0                divmod_s64s64_unsafe
                0x10003958                divmod_u64u64_unsafe
 .text.__wrap___aeabi_darithmetic
                0x10003c94       0x80 CMakeFiles/CDC_comm.dir/Users/alazartegegnework/me433/Pico/pico-sdk/src/rp2_common/pico_double/double_aeabi.S.obj
                0x10003c94                __wrap___aeabi_drsub
                0x10003c9a                __wrap___aeabi_dsub
                0x10003cac                __wrap___aeabi_dadd
                0x10003cbe                __wrap___aeabi_ddiv
                0x10003cfa                __wrap___aeabi_dmul
 .text.__wrap___aeabi_cdcmple
                0x10003d14       0x6c CMakeFiles/CDC_comm.dir/Users/alazartegegnework/me433/Pico/pico-sdk/src/rp2_common/pico_double/double_aeabi.S.obj
                0x10003d14                __wrap___aeabi_cdrcmple
                0x10003d24                __wrap___aeabi_cdcmple
                0x10003d24                __wrap___aeabi_cdcmpeq
 .text.__wrap___aeabi_dcmpeq
                0x10003d80       0x10 CMakeFiles/CDC_comm.dir/Users/alazartegegnework/me433/Pico/pico-sdk/src/rp2_common/pico_double/double_aeabi.S.obj
                0x10003d80                __wrap___aeabi_dcmpeq
 .text.__wrap___aeabi_dcmplt
                0x10003d90        0xc CMakeFiles/CDC_comm.dir/Users/alazartegegnework/me433/Pico/pico-sdk/src/rp2_common/pico_double/double_aeabi.S.obj
                0x10003d90                __wrap___aeabi_dcmplt
 .text.__wrap___aeabi_dcmple
                0x10003d9c       0x10 CMakeFiles/CDC_comm.dir/Users/alazartegegnework/me433/Pico/pico-sdk/src/rp2_common/pico_double/double_aeabi.S.obj
                0x10003d9c                __wrap___aeabi_dcmple
 .text.__wrap___aeabi_dcmpge
                0x10003dac       0x10 CMakeFiles/CDC_comm.dir/Users/alazartegegnework/me433/Pico/pico-sdk/src/rp2_common/pico_double/double_aeabi.S.obj
                0x10003dac                __wrap___aeabi_dcmpge
 .text.__wrap___aeabi_dcmpgt
                0x10003dbc        0xa CMakeFiles/CDC_comm.dir/Users/alazartegegnework/me433/Pico/pico-sdk/src/rp2_common/pico_double/double_aeabi.S.obj
                0x10003dbc                __wrap___aeabi_dcmpgt
 .text.__wrap___aeabi_dcmpun
                0x10003dc6       0x1c CMakeFiles/CDC_comm.dir/Users/alazartegegnework/me433/Pico/pico-sdk/src/rp2_common/pico_double/double_aeabi.S.obj
                0x10003dc6                __wrap___aeabi_dcmpun
 *fill*         0x10003de2        0x2 
 .text.__wrap___aeabi_i2d
                0x10003de4       0x38 CMakeFiles/CDC_comm.dir/Users/alazartegegnework/me433/Pico/pico-sdk/src/rp2_common/pico_double/double_aeabi.S.obj
                0x10003de4                __wrap___aeabi_ui2d
                0x10003dec                __wrap___aeabi_i2d
 .text.__wrap___aeabi_d2iz
                0x10003e1c       0x48 CMakeFiles/CDC_comm.dir/Users/alazartegegnework/me433/Pico/pico-sdk/src/rp2_common/pico_double/double_aeabi.S.obj
                0x10003e1c                __wrap___aeabi_d2iz
                0x10003e1c                double2int_z
 .text.__wrap___aeabi_d2uiz
                0x10003e64       0x18 CMakeFiles/CDC_comm.dir/Users/alazartegegnework/me433/Pico/pico-sdk/src/rp2_common/pico_double/double_aeabi.S.obj
                0x10003e64                double2uint
                0x10003e64                __wrap___aeabi_d2uiz
 .text.__wrap___aeabi_l2d
                0x10003e7c       0x18 CMakeFiles/CDC_comm.dir/Users/alazartegegnework/me433/Pico/pico-sdk/src/rp2_common/pico_double/double_aeabi.S.obj
                0x10003e7c                __wrap___aeabi_l2d
 .text.__wrap___aeabi_d2lz
                0x10003e94       0x26 CMakeFiles/CDC_comm.dir/Users/alazartegegnework/me433/Pico/pico-sdk/src/rp2_common/pico_double/double_aeabi.S.obj
                0x10003e94                __wrap___aeabi_d2lz
                0x10003e94                double2int64_z
 *fill*         0x10003eba        0x2 
 .text.double2int64
                0x10003ebc       0x18 CMakeFiles/CDC_comm.dir/Users/alazartegegnework/me433/Pico/pico-sdk/src/rp2_common/pico_double/double_aeabi.S.obj
                0x10003ebc                double2int64
 .text.double2ufix64
                0x10003ed4       0x18 CMakeFiles/CDC_comm.dir/Users/alazartegegnework/me433/Pico/pico-sdk/src/rp2_common/pico_double/double_aeabi.S.obj
                0x10003ed4                double2ufix64
 .text.__wrap___aeabi_d2f
                0x10003eec       0x18 CMakeFiles/CDC_comm.dir/Users/alazartegegnework/me433/Pico/pico-sdk/src/rp2_common/pico_double/double_aeabi.S.obj
                0x10003eec                __wrap___aeabi_d2f
 .text.__aeabi_double_init
                0x10003f04       0x98 CMakeFiles/CDC_comm.dir/Users/alazartegegnework/me433/Pico/pico-sdk/src/rp2_common/pico_double/double_init_rom.c.obj
                0x10003f04                __aeabi_double_init
 .text.double_table_shim_on_use_helper
                0x10003f9c       0x2c CMakeFiles/CDC_comm.dir/Users/alazartegegnework/me433/Pico/pico-sdk/src/rp2_common/pico_double/double_v1_rom_shim.S.obj
                0x10003f9c                double_table_shim_on_use_helper
 .text.__wrap___aeabi_dsub
                0x10003fc8       0x10 CMakeFiles/CDC_comm.dir/Users/alazartegegnework/me433/Pico/pico-sdk/src/rp2_common/pico_double/double_v1_rom_shim.S.obj
                0x10003fc8                drsub_shim
                0x10003fce                dsub_shim
 .text.dadd_shim
                0x10003fd8      0x15c CMakeFiles/CDC_comm.dir/Users/alazartegegnework/me433/Pico/pico-sdk/src/rp2_common/pico_double/double_v1_rom_shim.S.obj
                0x10003fd8                dadd_shim
 .text.dmul_shim
                0x10004134      0x15c CMakeFiles/CDC_comm.dir/Users/alazartegegnework/me433/Pico/pico-sdk/src/rp2_common/pico_double/double_v1_rom_shim.S.obj
                0x10004134                dmul_shim
 .text.ddiv_shim
                0x10004290      0x1b0 CMakeFiles/CDC_comm.dir/Users/alazartegegnework/me433/Pico/pico-sdk/src/rp2_common/pico_double/double_v1_rom_shim.S.obj
                0x10004290                ddiv_shim
 .text.double2uint_shim
                0x10004440        0xe CMakeFiles/CDC_comm.dir/Users/alazartegegnework/me433/Pico/pico-sdk/src/rp2_common/pico_double/double_v1_rom_shim.S.obj
                0x10004440                double2uint_shim
                0x10004442                double2ufix_shim
 .text.double2int64_shim
                0x1000444e       0x1a CMakeFiles/CDC_comm.dir/Users/alazartegegnework/me433/Pico/pico-sdk/src/rp2_common/pico_double/double_v1_rom_shim.S.obj
                0x1000444e                double2int64_shim
                0x10004450                double2fix64_shim
 .text.double2uint64_shim
                0x10004468       0x70 CMakeFiles/CDC_comm.dir/Users/alazartegegnework/me433/Pico/pico-sdk/src/rp2_common/pico_double/double_v1_rom_shim.S.obj
                0x10004468                double2uint64_shim
                0x1000446a                double2ufix64_shim
                0x1000448a                d2fix_a
 .text.double2float_shim
                0x100044d8       0x5c CMakeFiles/CDC_comm.dir/Users/alazartegegnework/me433/Pico/pico-sdk/src/rp2_common/pico_double/double_v1_rom_shim.S.obj
                0x100044d8                double2float_shim
 .text.x2double_shims
                0x10004534       0x90 CMakeFiles/CDC_comm.dir/Users/alazartegegnework/me433/Pico/pico-sdk/src/rp2_common/pico_double/double_v1_rom_shim.S.obj
                0x10004534                uint2double_shim
                0x10004536                ufix2double_shim
                0x1000453c                int2double_shim
                0x1000453e                fix2double_shim
                0x10004544                uint642double_shim
                0x10004546                ufix642double_shim
                0x1000454c                int642double_shim
                0x1000454e                fix642double_shim
 .text.dunpacks
                0x100045c4       0x3c CMakeFiles/CDC_comm.dir/Users/alazartegegnework/me433/Pico/pico-sdk/src/rp2_common/pico_double/double_v1_rom_shim.S.obj
                0x100045c4                dunpacks
 .text.__aeabi_lmul
                0x10004600       0x32 CMakeFiles/CDC_comm.dir/Users/alazartegegnework/me433/Pico/pico-sdk/src/rp2_common/pico_int64_ops/pico_int64_ops_aeabi.S.obj
                0x10004600                __wrap___aeabi_lmul
 *fill*         0x10004632        0x2 
 .text.__wrap___aeabi_farithmetic
                0x10004634       0x48 CMakeFiles/CDC_comm.dir/Users/alazartegegnework/me433/Pico/pico-sdk/src/rp2_common/pico_float/float_aeabi.S.obj
                0x10004634                __wrap___aeabi_frsub
                0x1000463a                __wrap___aeabi_fsub
                0x10004640                __wrap___aeabi_fadd
                0x10004646                __wrap___aeabi_fdiv
                0x1000466e                __wrap___aeabi_fmul
 .text.__wrap___aeabi_i2f
                0x1000467c       0x44 CMakeFiles/CDC_comm.dir/Users/alazartegegnework/me433/Pico/pico-sdk/src/rp2_common/pico_float/float_aeabi.S.obj
                0x1000467c                __wrap___aeabi_i2f
 .text.__wrap___aeabi_f2d
                0x100046c0       0x14 CMakeFiles/CDC_comm.dir/Users/alazartegegnework/me433/Pico/pico-sdk/src/rp2_common/pico_float/float_aeabi.S.obj
                0x100046c0                __wrap___aeabi_f2d
 .text.__aeabi_float_init
                0x100046d4       0x64 CMakeFiles/CDC_comm.dir/Users/alazartegegnework/me433/Pico/pico-sdk/src/rp2_common/pico_float/float_init_rom.c.obj
                0x100046d4                __aeabi_float_init
 .text.float_table_shim_on_use_helper
                0x10004738       0x2c CMakeFiles/CDC_comm.dir/Users/alazartegegnework/me433/Pico/pico-sdk/src/rp2_common/pico_float/float_v1_rom_shim.S.obj
                0x10004738                float_table_shim_on_use_helper
 .text.float2double_shim
                0x10004764       0x30 CMakeFiles/CDC_comm.dir/Users/alazartegegnework/me433/Pico/pico-sdk/src/rp2_common/pico_float/float_v1_rom_shim.S.obj
                0x10004764                float2double_shim
 .text.__wrap_malloc
                0x10004794       0x24 CMakeFiles/CDC_comm.dir/Users/alazartegegnework/me433/Pico/pico-sdk/src/rp2_common/pico_malloc/pico_malloc.c.obj
                0x10004794                __wrap_malloc
 .text.__wrap_realloc
                0x100047b8       0x24 CMakeFiles/CDC_comm.dir/Users/alazartegegnework/me433/Pico/pico-sdk/src/rp2_common/pico_malloc/pico_malloc.c.obj
                0x100047b8                __wrap_realloc
 .text.__wrap_free
                0x100047dc        0x8 CMakeFiles/CDC_comm.dir/Users/alazartegegnework/me433/Pico/pico-sdk/src/rp2_common/pico_malloc/pico_malloc.c.obj
                0x100047dc                __wrap_free
 .text          0x100047e4       0x10 CMakeFiles/CDC_comm.dir/Users/alazartegegnework/me433/Pico/pico-sdk/src/rp2_common/pico_mem_ops/mem_ops_aeabi.S.obj
                0x100047e4                __aeabi_mem_init
 .text.memset   0x100047f4        0xc CMakeFiles/CDC_comm.dir/Users/alazartegegnework/me433/Pico/pico-sdk/src/rp2_common/pico_mem_ops/mem_ops_aeabi.S.obj
                0x100047f4                __wrap_memset
 .text.memcpy   0x10004800        0xc CMakeFiles/CDC_comm.dir/Users/alazartegegnework/me433/Pico/pico-sdk/src/rp2_common/pico_mem_ops/mem_ops_aeabi.S.obj
                0x10004800                __wrap___aeabi_memcpy
                0x10004800                __wrap_memcpy
 .text.stdio_out_chars_crlf
                0x1000480c       0x94 CMakeFiles/CDC_comm.dir/Users/alazartegegnework/me433/Pico/pico-sdk/src/rp2_common/pico_stdio/stdio.c.obj
 .text.stdio_buffered_printer
                0x100048a0       0x64 CMakeFiles/CDC_comm.dir/Users/alazartegegnework/me433/Pico/pico-sdk/src/rp2_common/pico_stdio/stdio.c.obj
 .text.__wrap_putchar
                0x10004904       0x98 CMakeFiles/CDC_comm.dir/Users/alazartegegnework/me433/Pico/pico-sdk/src/rp2_common/pico_stdio/stdio.c.obj
                0x10004904                __wrap_putchar
 .text.__wrap_puts
                0x1000499c       0xe0 CMakeFiles/CDC_comm.dir/Users/alazartegegnework/me433/Pico/pico-sdk/src/rp2_common/pico_stdio/stdio.c.obj
                0x1000499c                __wrap_puts
 .text._read    0x10004a7c       0x94 CMakeFiles/CDC_comm.dir/Users/alazartegegnework/me433/Pico/pico-sdk/src/rp2_common/pico_stdio/stdio.c.obj
                0x10004a7c                _read
 .text._write   0x10004b10       0xb4 CMakeFiles/CDC_comm.dir/Users/alazartegegnework/me433/Pico/pico-sdk/src/rp2_common/pico_stdio/stdio.c.obj
                0x10004b10                _write
 .text._close   0x10004bc4        0x8 CMakeFiles/CDC_comm.dir/Users/alazartegegnework/me433/Pico/pico-sdk/src/rp2_common/pico_stdio/stdio.c.obj
                0x10004bc4                _close
 .text._lseek   0x10004bcc        0x8 CMakeFiles/CDC_comm.dir/Users/alazartegegnework/me433/Pico/pico-sdk/src/rp2_common/pico_stdio/stdio.c.obj
                0x10004bcc                _lseek
 .text._fstat   0x10004bd4        0x8 CMakeFiles/CDC_comm.dir/Users/alazartegegnework/me433/Pico/pico-sdk/src/rp2_common/pico_stdio/stdio.c.obj
                0x10004bd4                _fstat
 .text._isatty  0x10004bdc        0xc CMakeFiles/CDC_comm.dir/Users/alazartegegnework/me433/Pico/pico-sdk/src/rp2_common/pico_stdio/stdio.c.obj
                0x10004bdc                _isatty
 .text.stdio_set_driver_enabled
                0x10004be8       0x30 CMakeFiles/CDC_comm.dir/Users/alazartegegnework/me433/Pico/pico-sdk/src/rp2_common/pico_stdio/stdio.c.obj
                0x10004be8                stdio_set_driver_enabled
 .text.__wrap_vprintf
                0x10004c18       0xd4 CMakeFiles/CDC_comm.dir/Users/alazartegegnework/me433/Pico/pico-sdk/src/rp2_common/pico_stdio/stdio.c.obj
                0x10004c18                __wrap_vprintf
 .text.__wrap_printf
                0x10004cec       0x18 CMakeFiles/CDC_comm.dir/Users/alazartegegnework/me433/Pico/pico-sdk/src/rp2_common/pico_stdio/stdio.c.obj
                0x10004cec                __wrap_printf
 .text.stdio_init_all
                0x10004d04        0x8 CMakeFiles/CDC_comm.dir/Users/alazartegegnework/me433/Pico/pico-sdk/src/rp2_common/pico_stdio/stdio.c.obj
                0x10004d04                stdio_init_all
 .text.resetd_init
                0x10004d0c        0x4 CMakeFiles/CDC_comm.dir/Users/alazartegegnework/me433/Pico/pico-sdk/src/rp2_common/pico_stdio_usb/reset_interface.c.obj
 .text.resetd_reset
                0x10004d10        0xc CMakeFiles/CDC_comm.dir/Users/alazartegegnework/me433/Pico/pico-sdk/src/rp2_common/pico_stdio_usb/reset_interface.c.obj
 .text.resetd_open
                0x10004d1c       0x28 CMakeFiles/CDC_comm.dir/Users/alazartegegnework/me433/Pico/pico-sdk/src/rp2_common/pico_stdio_usb/reset_interface.c.obj
 .text.resetd_xfer_cb
                0x10004d44        0x4 CMakeFiles/CDC_comm.dir/Users/alazartegegnework/me433/Pico/pico-sdk/src/rp2_common/pico_stdio_usb/reset_interface.c.obj
 .text.resetd_control_xfer_cb
                0x10004d48       0x60 CMakeFiles/CDC_comm.dir/Users/alazartegegnework/me433/Pico/pico-sdk/src/rp2_common/pico_stdio_usb/reset_interface.c.obj
 .text.usbd_app_driver_get_cb
                0x10004da8        0xc CMakeFiles/CDC_comm.dir/Users/alazartegegnework/me433/Pico/pico-sdk/src/rp2_common/pico_stdio_usb/reset_interface.c.obj
                0x10004da8                usbd_app_driver_get_cb
 .text.tud_cdc_line_coding_cb
                0x10004db4       0x34 CMakeFiles/CDC_comm.dir/Users/alazartegegnework/me433/Pico/pico-sdk/src/rp2_common/pico_stdio_usb/reset_interface.c.obj
                0x10004db4                tud_cdc_line_coding_cb
 .text.stdio_usb_set_chars_available_callback
                0x10004de8       0x14 CMakeFiles/CDC_comm.dir/Users/alazartegegnework/me433/Pico/pico-sdk/src/rp2_common/pico_stdio_usb/stdio_usb.c.obj
                0x10004de8                stdio_usb_set_chars_available_callback
 .text.usb_irq  0x10004dfc       0x10 CMakeFiles/CDC_comm.dir/Users/alazartegegnework/me433/Pico/pico-sdk/src/rp2_common/pico_stdio_usb/stdio_usb.c.obj
 .text.timer_task
                0x10004e0c       0x54 CMakeFiles/CDC_comm.dir/Users/alazartegegnework/me433/Pico/pico-sdk/src/rp2_common/pico_stdio_usb/stdio_usb.c.obj
 .text.stdio_usb_in_chars
                0x10004e60       0x90 CMakeFiles/CDC_comm.dir/Users/alazartegegnework/me433/Pico/pico-sdk/src/rp2_common/pico_stdio_usb/stdio_usb.c.obj
                0x10004e60                stdio_usb_in_chars
 .text.stdio_usb_out_chars
                0x10004ef0      0x104 CMakeFiles/CDC_comm.dir/Users/alazartegegnework/me433/Pico/pico-sdk/src/rp2_common/pico_stdio_usb/stdio_usb.c.obj
 .text.low_priority_worker_irq
                0x10004ff4       0xa8 CMakeFiles/CDC_comm.dir/Users/alazartegegnework/me433/Pico/pico-sdk/src/rp2_common/pico_stdio_usb/stdio_usb.c.obj
 .text.tud_cdc_rx_cb
                0x1000509c       0x20 CMakeFiles/CDC_comm.dir/Users/alazartegegnework/me433/Pico/pico-sdk/src/rp2_common/pico_stdio_usb/stdio_usb.c.obj
                0x1000509c                tud_cdc_rx_cb
 .text.stdio_usb_init
                0x100050bc       0xe0 CMakeFiles/CDC_comm.dir/Users/alazartegegnework/me433/Pico/pico-sdk/src/rp2_common/pico_stdio_usb/stdio_usb.c.obj
                0x100050bc                stdio_usb_init
 .text.stdio_usb_connected
                0x1000519c        0xc CMakeFiles/CDC_comm.dir/Users/alazartegegnework/me433/Pico/pico-sdk/src/rp2_common/pico_stdio_usb/stdio_usb.c.obj
                0x1000519c                stdio_usb_connected
 .text.tud_descriptor_device_cb
                0x100051a8        0x8 CMakeFiles/CDC_comm.dir/Users/alazartegegnework/me433/Pico/pico-sdk/src/rp2_common/pico_stdio_usb/stdio_usb_descriptors.c.obj
                0x100051a8                tud_descriptor_device_cb
 .text.tud_descriptor_configuration_cb
                0x100051b0        0x8 CMakeFiles/CDC_comm.dir/Users/alazartegegnework/me433/Pico/pico-sdk/src/rp2_common/pico_stdio_usb/stdio_usb_descriptors.c.obj
                0x100051b0                tud_descriptor_configuration_cb
 .text.tud_descriptor_string_cb
                0x100051b8       0x78 CMakeFiles/CDC_comm.dir/Users/alazartegegnework/me433/Pico/pico-sdk/src/rp2_common/pico_stdio_usb/stdio_usb_descriptors.c.obj
                0x100051b8                tud_descriptor_string_cb
 .text.startup._retrieve_unique_id_on_boot
                0x10005230       0x10 CMakeFiles/CDC_comm.dir/Users/alazartegegnework/me433/Pico/pico-sdk/src/rp2_common/pico_unique_id/unique_id.c.obj
 .text.pico_get_unique_board_id_string
                0x10005240      0x1a8 CMakeFiles/CDC_comm.dir/Users/alazartegegnework/me433/Pico/pico-sdk/src/rp2_common/pico_unique_id/unique_id.c.obj
                0x10005240                pico_get_unique_board_id_string
 .text.flash_get_unique_id
                0x100053e8       0x3c CMakeFiles/CDC_comm.dir/Users/alazartegegnework/me433/Pico/pico-sdk/src/rp2_common/hardware_flash/flash.c.obj
                0x100053e8                flash_get_unique_id
 .text.dcd_int_enable
                0x10005424        0xc CMakeFiles/CDC_comm.dir/Users/alazartegegnework/me433/Pico/pico-sdk/lib/tinyusb/src/portable/raspberrypi/rp2040/dcd_rp2040.c.obj
                0x10005424                dcd_int_enable
 .text.dcd_set_address
                0x10005430       0x14 CMakeFiles/CDC_comm.dir/Users/alazartegegnework/me433/Pico/pico-sdk/lib/tinyusb/src/portable/raspberrypi/rp2040/dcd_rp2040.c.obj
                0x10005430                dcd_set_address
 .text.dcd_connect
                0x10005444       0x10 CMakeFiles/CDC_comm.dir/Users/alazartegegnework/me433/Pico/pico-sdk/lib/tinyusb/src/portable/raspberrypi/rp2040/dcd_rp2040.c.obj
                0x10005444                dcd_connect
 .text.dcd_init
                0x10005454       0x98 CMakeFiles/CDC_comm.dir/Users/alazartegegnework/me433/Pico/pico-sdk/lib/tinyusb/src/portable/raspberrypi/rp2040/dcd_rp2040.c.obj
                0x10005454                dcd_init
 .text.dcd_edpt0_status_complete
                0x100054ec       0x1c CMakeFiles/CDC_comm.dir/Users/alazartegegnework/me433/Pico/pico-sdk/lib/tinyusb/src/portable/raspberrypi/rp2040/dcd_rp2040.c.obj
                0x100054ec                dcd_edpt0_status_complete
 .text.dcd_edpt_open
                0x10005508      0x108 CMakeFiles/CDC_comm.dir/Users/alazartegegnework/me433/Pico/pico-sdk/lib/tinyusb/src/portable/raspberrypi/rp2040/dcd_rp2040.c.obj
                0x10005508                dcd_edpt_open
 .text.dcd_edpt_close_all
                0x10005610        0x8 CMakeFiles/CDC_comm.dir/Users/alazartegegnework/me433/Pico/pico-sdk/lib/tinyusb/src/portable/raspberrypi/rp2040/dcd_rp2040.c.obj
                0x10005610                dcd_edpt_close_all
 .text.dcd_edpt_xfer
                0x10005618       0x24 CMakeFiles/CDC_comm.dir/Users/alazartegegnework/me433/Pico/pico-sdk/lib/tinyusb/src/portable/raspberrypi/rp2040/dcd_rp2040.c.obj
                0x10005618                dcd_edpt_xfer
 .text.dcd_edpt_stall
                0x1000563c       0x34 CMakeFiles/CDC_comm.dir/Users/alazartegegnework/me433/Pico/pico-sdk/lib/tinyusb/src/portable/raspberrypi/rp2040/dcd_rp2040.c.obj
                0x1000563c                dcd_edpt_stall
 .text.dcd_edpt_clear_stall
                0x10005670       0x30 CMakeFiles/CDC_comm.dir/Users/alazartegegnework/me433/Pico/pico-sdk/lib/tinyusb/src/portable/raspberrypi/rp2040/dcd_rp2040.c.obj
                0x10005670                dcd_edpt_clear_stall
 .text.rp2040_usb_init
                0x100056a0       0x4c CMakeFiles/CDC_comm.dir/Users/alazartegegnework/me433/Pico/pico-sdk/lib/tinyusb/src/portable/raspberrypi/rp2040/rp2040_usb.c.obj
                0x100056a0                rp2040_usb_init
 .text.hw_endpoint_xfer_start
                0x100056ec       0x40 CMakeFiles/CDC_comm.dir/Users/alazartegegnework/me433/Pico/pico-sdk/lib/tinyusb/src/portable/raspberrypi/rp2040/rp2040_usb.c.obj
                0x100056ec                hw_endpoint_xfer_start
 .text.tud_mounted
                0x1000572c       0x10 CMakeFiles/CDC_comm.dir/Users/alazartegegnework/me433/Pico/pico-sdk/lib/tinyusb/src/device/usbd.c.obj
                0x1000572c                tud_mounted
 .text.tud_suspended
                0x1000573c       0x10 CMakeFiles/CDC_comm.dir/Users/alazartegegnework/me433/Pico/pico-sdk/lib/tinyusb/src/device/usbd.c.obj
                0x1000573c                tud_suspended
 .text.tud_inited
                0x1000574c       0x14 CMakeFiles/CDC_comm.dir/Users/alazartegegnework/me433/Pico/pico-sdk/lib/tinyusb/src/device/usbd.c.obj
                0x1000574c                tud_inited
 .text.tud_init
                0x10005760       0xdc CMakeFiles/CDC_comm.dir/Users/alazartegegnework/me433/Pico/pico-sdk/lib/tinyusb/src/device/usbd.c.obj
                0x10005760                tud_init
 .text.tud_task_ext
                0x1000583c      0x850 CMakeFiles/CDC_comm.dir/Users/alazartegegnework/me433/Pico/pico-sdk/lib/tinyusb/src/device/usbd.c.obj
                0x1000583c                tud_task_ext
 .text.usbd_open_edpt_pair
                0x1000608c       0x9c CMakeFiles/CDC_comm.dir/Users/alazartegegnework/me433/Pico/pico-sdk/lib/tinyusb/src/device/usbd.c.obj
                0x1000608c                usbd_open_edpt_pair
 .text.usbd_defer_func
                0x10006128       0x48 CMakeFiles/CDC_comm.dir/Users/alazartegegnework/me433/Pico/pico-sdk/lib/tinyusb/src/device/usbd.c.obj
                0x10006128                usbd_defer_func
 .text.usbd_edpt_open
                0x10006170       0x34 CMakeFiles/CDC_comm.dir/Users/alazartegegnework/me433/Pico/pico-sdk/lib/tinyusb/src/device/usbd.c.obj
                0x10006170                usbd_edpt_open
 .text.usbd_edpt_claim
                0x100061a4       0x28 CMakeFiles/CDC_comm.dir/Users/alazartegegnework/me433/Pico/pico-sdk/lib/tinyusb/src/device/usbd.c.obj
                0x100061a4                usbd_edpt_claim
 .text.usbd_edpt_release
                0x100061cc       0x28 CMakeFiles/CDC_comm.dir/Users/alazartegegnework/me433/Pico/pico-sdk/lib/tinyusb/src/device/usbd.c.obj
                0x100061cc                usbd_edpt_release
 .text.usbd_edpt_xfer
                0x100061f4       0x4c CMakeFiles/CDC_comm.dir/Users/alazartegegnework/me433/Pico/pico-sdk/lib/tinyusb/src/device/usbd.c.obj
                0x100061f4                usbd_edpt_xfer
 .text.tud_control_status
                0x10006240       0x2c CMakeFiles/CDC_comm.dir/Users/alazartegegnework/me433/Pico/pico-sdk/lib/tinyusb/src/device/usbd_control.c.obj
                0x10006240                tud_control_status
 .text.tud_control_xfer
                0x1000626c       0xac CMakeFiles/CDC_comm.dir/Users/alazartegegnework/me433/Pico/pico-sdk/lib/tinyusb/src/device/usbd_control.c.obj
                0x1000626c                tud_control_xfer
 .text.usbd_control_reset
                0x10006318       0x14 CMakeFiles/CDC_comm.dir/Users/alazartegegnework/me433/Pico/pico-sdk/lib/tinyusb/src/device/usbd_control.c.obj
                0x10006318                usbd_control_reset
 .text.usbd_control_set_complete_callback
                0x1000632c        0xc CMakeFiles/CDC_comm.dir/Users/alazartegegnework/me433/Pico/pico-sdk/lib/tinyusb/src/device/usbd_control.c.obj
                0x1000632c                usbd_control_set_complete_callback
 .text.usbd_control_set_request
                0x10006338       0x1c CMakeFiles/CDC_comm.dir/Users/alazartegegnework/me433/Pico/pico-sdk/lib/tinyusb/src/device/usbd_control.c.obj
                0x10006338                usbd_control_set_request
 .text.usbd_control_xfer_cb
                0x10006354       0xf4 CMakeFiles/CDC_comm.dir/Users/alazartegegnework/me433/Pico/pico-sdk/lib/tinyusb/src/device/usbd_control.c.obj
                0x10006354                usbd_control_xfer_cb
 .text.tud_cdc_n_connected
                0x10006448       0x30 CMakeFiles/CDC_comm.dir/Users/alazartegegnework/me433/Pico/pico-sdk/lib/tinyusb/src/class/cdc/cdc_device.c.obj
                0x10006448                tud_cdc_n_connected
 .text.tud_cdc_n_available
                0x10006478       0x18 CMakeFiles/CDC_comm.dir/Users/alazartegegnework/me433/Pico/pico-sdk/lib/tinyusb/src/class/cdc/cdc_device.c.obj
                0x10006478                tud_cdc_n_available
 .text.tud_cdc_n_read
                0x10006490       0x70 CMakeFiles/CDC_comm.dir/Users/alazartegegnework/me433/Pico/pico-sdk/lib/tinyusb/src/class/cdc/cdc_device.c.obj
                0x10006490                tud_cdc_n_read
 .text.tud_cdc_n_write_flush
                0x10006500       0x78 CMakeFiles/CDC_comm.dir/Users/alazartegegnework/me433/Pico/pico-sdk/lib/tinyusb/src/class/cdc/cdc_device.c.obj
                0x10006500                tud_cdc_n_write_flush
 .text.tud_cdc_n_write
                0x10006578       0x34 CMakeFiles/CDC_comm.dir/Users/alazartegegnework/me433/Pico/pico-sdk/lib/tinyusb/src/class/cdc/cdc_device.c.obj
                0x10006578                tud_cdc_n_write
 .text.tud_cdc_n_write_available
                0x100065ac       0x18 CMakeFiles/CDC_comm.dir/Users/alazartegegnework/me433/Pico/pico-sdk/lib/tinyusb/src/class/cdc/cdc_device.c.obj
                0x100065ac                tud_cdc_n_write_available
 .text.cdcd_init
                0x100065c4       0x7c CMakeFiles/CDC_comm.dir/Users/alazartegegnework/me433/Pico/pico-sdk/lib/tinyusb/src/class/cdc/cdc_device.c.obj
                0x100065c4                cdcd_init
 .text.cdcd_reset
                0x10006640       0x2c CMakeFiles/CDC_comm.dir/Users/alazartegegnework/me433/Pico/pico-sdk/lib/tinyusb/src/class/cdc/cdc_device.c.obj
                0x10006640                cdcd_reset
 .text.cdcd_open
                0x1000666c       0xe4 CMakeFiles/CDC_comm.dir/Users/alazartegegnework/me433/Pico/pico-sdk/lib/tinyusb/src/class/cdc/cdc_device.c.obj
                0x1000666c                cdcd_open
 .text.cdcd_control_xfer_cb
                0x10006750       0xe4 CMakeFiles/CDC_comm.dir/Users/alazartegegnework/me433/Pico/pico-sdk/lib/tinyusb/src/class/cdc/cdc_device.c.obj
                0x10006750                cdcd_control_xfer_cb
 .text.cdcd_xfer_cb
                0x10006834      0x13c CMakeFiles/CDC_comm.dir/Users/alazartegegnework/me433/Pico/pico-sdk/lib/tinyusb/src/class/cdc/cdc_device.c.obj
                0x10006834                cdcd_xfer_cb
 .text.tusb_init
                0x10006970        0xc CMakeFiles/CDC_comm.dir/Users/alazartegegnework/me433/Pico/pico-sdk/lib/tinyusb/src/tusb.c.obj
                0x10006970                tusb_init
 .text.tusb_inited
                0x1000697c        0x8 CMakeFiles/CDC_comm.dir/Users/alazartegegnework/me433/Pico/pico-sdk/lib/tinyusb/src/tusb.c.obj
                0x1000697c                tusb_inited
 .text.tu_edpt_claim
                0x10006984       0x50 CMakeFiles/CDC_comm.dir/Users/alazartegegnework/me433/Pico/pico-sdk/lib/tinyusb/src/tusb.c.obj
                0x10006984                tu_edpt_claim
 .text.tu_edpt_release
                0x100069d4       0x38 CMakeFiles/CDC_comm.dir/Users/alazartegegnework/me433/Pico/pico-sdk/lib/tinyusb/src/tusb.c.obj
                0x100069d4                tu_edpt_release
 .text.tu_edpt_validate
                0x10006a0c       0x7c CMakeFiles/CDC_comm.dir/Users/alazartegegnework/me433/Pico/pico-sdk/lib/tinyusb/src/tusb.c.obj
                0x10006a0c                tu_edpt_validate
 .text.tu_edpt_bind_driver
                0x10006a88       0x34 CMakeFiles/CDC_comm.dir/Users/alazartegegnework/me433/Pico/pico-sdk/lib/tinyusb/src/tusb.c.obj
                0x10006a88                tu_edpt_bind_driver
 .text.tu_fifo_config
                0x10006abc       0x6c CMakeFiles/CDC_comm.dir/Users/alazartegegnework/me433/Pico/pico-sdk/lib/tinyusb/src/common/tusb_fifo.c.obj
                0x10006abc                tu_fifo_config
 .text.tu_fifo_count
                0x10006b28       0x2c CMakeFiles/CDC_comm.dir/Users/alazartegegnework/me433/Pico/pico-sdk/lib/tinyusb/src/common/tusb_fifo.c.obj
                0x10006b28                tu_fifo_count
 .text.tu_fifo_empty
                0x10006b54       0x10 CMakeFiles/CDC_comm.dir/Users/alazartegegnework/me433/Pico/pico-sdk/lib/tinyusb/src/common/tusb_fifo.c.obj
                0x10006b54                tu_fifo_empty
 .text.tu_fifo_remaining
                0x10006b64       0x2c CMakeFiles/CDC_comm.dir/Users/alazartegegnework/me433/Pico/pico-sdk/lib/tinyusb/src/common/tusb_fifo.c.obj
                0x10006b64                tu_fifo_remaining
 .text.tu_fifo_read
                0x10006b90       0x9c CMakeFiles/CDC_comm.dir/Users/alazartegegnework/me433/Pico/pico-sdk/lib/tinyusb/src/common/tusb_fifo.c.obj
                0x10006b90                tu_fifo_read
 .text.tu_fifo_read_n
                0x10006c2c       0xe8 CMakeFiles/CDC_comm.dir/Users/alazartegegnework/me433/Pico/pico-sdk/lib/tinyusb/src/common/tusb_fifo.c.obj
                0x10006c2c                tu_fifo_read_n
 .text.tu_fifo_write
                0x10006d14       0xa8 CMakeFiles/CDC_comm.dir/Users/alazartegegnework/me433/Pico/pico-sdk/lib/tinyusb/src/common/tusb_fifo.c.obj
                0x10006d14                tu_fifo_write
 .text.tu_fifo_write_n
                0x10006dbc      0x178 CMakeFiles/CDC_comm.dir/Users/alazartegegnework/me433/Pico/pico-sdk/lib/tinyusb/src/common/tusb_fifo.c.obj
                0x10006dbc                tu_fifo_write_n
 .text.tu_fifo_clear
                0x10006f34       0x40 CMakeFiles/CDC_comm.dir/Users/alazartegegnework/me433/Pico/pico-sdk/lib/tinyusb/src/common/tusb_fifo.c.obj
                0x10006f34                tu_fifo_clear
 .text.tu_fifo_set_overwritable
                0x10006f74       0x48 CMakeFiles/CDC_comm.dir/Users/alazartegegnework/me433/Pico/pico-sdk/lib/tinyusb/src/common/tusb_fifo.c.obj
                0x10006f74                tu_fifo_set_overwritable
 .text.adc_init
                0x10006fbc       0x38 CMakeFiles/CDC_comm.dir/Users/alazartegegnework/me433/Pico/pico-sdk/src/rp2_common/hardware_adc/adc.c.obj
                0x10006fbc                adc_init
 .text.atoi     0x10006ff4        0xc /Applications/ArmGNUToolchain/13.2.Rel1/arm-none-eabi/bin/../lib/gcc/arm-none-eabi/13.2.1/../../../../arm-none-eabi/lib/thumb/v6-m/nofp/libc.a(libc_a-atoi.o)
                0x10006ff4                atoi
 .text._calloc_r
                0x10007000       0xa8 /Applications/ArmGNUToolchain/13.2.Rel1/arm-none-eabi/bin/../lib/gcc/arm-none-eabi/13.2.1/../../../../arm-none-eabi/lib/thumb/v6-m/nofp/libc.a(libc_a-callocr.o)
                0x10007000                _calloc_r
 .text.malloc   0x100070a8       0x14 /Applications/ArmGNUToolchain/13.2.Rel1/arm-none-eabi/bin/../lib/gcc/arm-none-eabi/13.2.1/../../../../arm-none-eabi/lib/thumb/v6-m/nofp/libc.a(libc_a-malloc.o)
                0x100070a8                malloc
 .text.free     0x100070bc       0x14 /Applications/ArmGNUToolchain/13.2.Rel1/arm-none-eabi/bin/../lib/gcc/arm-none-eabi/13.2.1/../../../../arm-none-eabi/lib/thumb/v6-m/nofp/libc.a(libc_a-malloc.o)
                0x100070bc                free
 .text._malloc_r
                0x100070d0      0x5c4 /Applications/ArmGNUToolchain/13.2.Rel1/arm-none-eabi/bin/../lib/gcc/arm-none-eabi/13.2.1/../../../../arm-none-eabi/lib/thumb/v6-m/nofp/libc.a(libc_a-mallocr.o)
                0x100070d0                _malloc_r
 .text.__malloc_lock
                0x10007694       0x10 /Applications/ArmGNUToolchain/13.2.Rel1/arm-none-eabi/bin/../lib/gcc/arm-none-eabi/13.2.1/../../../../arm-none-eabi/lib/thumb/v6-m/nofp/libc.a(libc_a-mlock.o)
                0x10007694                __malloc_lock
 .text.__malloc_unlock
                0x100076a4       0x10 /Applications/ArmGNUToolchain/13.2.Rel1/arm-none-eabi/bin/../lib/gcc/arm-none-eabi/13.2.1/../../../../arm-none-eabi/lib/thumb/v6-m/nofp/libc.a(libc_a-mlock.o)
                0x100076a4                __malloc_unlock
 .text.realloc  0x100076b4       0x18 /Applications/ArmGNUToolchain/13.2.Rel1/arm-none-eabi/bin/../lib/gcc/arm-none-eabi/13.2.1/../../../../arm-none-eabi/lib/thumb/v6-m/nofp/libc.a(libc_a-realloc.o)
                0x100076b4                realloc
 .text.scanf    0x100076cc       0x24 /Applications/ArmGNUToolchain/13.2.Rel1/arm-none-eabi/bin/../lib/gcc/arm-none-eabi/13.2.1/../../../../arm-none-eabi/lib/thumb/v6-m/nofp/libc.a(libc_a-scanf.o)
                0x100076cc                scanf
 .text._realloc_r
                0x100076f0      0x350 /Applications/ArmGNUToolchain/13.2.Rel1/arm-none-eabi/bin/../lib/gcc/arm-none-eabi/13.2.1/../../../../arm-none-eabi/lib/thumb/v6-m/nofp/libc.a(libc_a-reallocr.o)
                0x100076f0                _realloc_r
 .text._strtol_l.isra.0
                0x10007a40      0x158 /Applications/ArmGNUToolchain/13.2.Rel1/arm-none-eabi/bin/../lib/gcc/arm-none-eabi/13.2.1/../../../../arm-none-eabi/lib/thumb/v6-m/nofp/libc.a(libc_a-strtol.o)
 .text._strtol_r
                0x10007b98        0x8 /Applications/ArmGNUToolchain/13.2.Rel1/arm-none-eabi/bin/../lib/gcc/arm-none-eabi/13.2.1/../../../../arm-none-eabi/lib/thumb/v6-m/nofp/libc.a(libc_a-strtol.o)
                0x10007b98                _strtol_r
 .text.strtol   0x10007ba0       0x18 /Applications/ArmGNUToolchain/13.2.Rel1/arm-none-eabi/bin/../lib/gcc/arm-none-eabi/13.2.1/../../../../arm-none-eabi/lib/thumb/v6-m/nofp/libc.a(libc_a-strtol.o)
                0x10007ba0                strtol
 .text.memmove  0x10007bb8       0xb0 /Applications/ArmGNUToolchain/13.2.Rel1/arm-none-eabi/bin/../lib/gcc/arm-none-eabi/13.2.1/../../../../arm-none-eabi/lib/thumb/v6-m/nofp/libc.a(libc_a-memmove.o)
                0x10007bb8                memmove
 .text._sbrk_r  0x10007c68       0x24 /Applications/ArmGNUToolchain/13.2.Rel1/arm-none-eabi/bin/../lib/gcc/arm-none-eabi/13.2.1/../../../../arm-none-eabi/lib/thumb/v6-m/nofp/libc.a(libc_a-sbrkr.o)
                0x10007c68                _sbrk_r
 .text.__errno  0x10007c8c        0xc /Applications/ArmGNUToolchain/13.2.Rel1/arm-none-eabi/bin/../lib/gcc/arm-none-eabi/13.2.1/../../../../arm-none-eabi/lib/thumb/v6-m/nofp/libc.a(libc_a-errno.o)
                0x10007c8c                __errno
 .text.sysconf  0x10007c98       0x1c /Applications/ArmGNUToolchain/13.2.Rel1/arm-none-eabi/bin/../lib/gcc/arm-none-eabi/13.2.1/../../../../arm-none-eabi/lib/thumb/v6-m/nofp/libc.a(libc_a-sysconf.o)
                0x10007c98                sysconf
 .text.__retarget_lock_init_recursive
                0x10007cb4        0x4 /Applications/ArmGNUToolchain/13.2.Rel1/arm-none-eabi/bin/../lib/gcc/arm-none-eabi/13.2.1/../../../../arm-none-eabi/lib/thumb/v6-m/nofp/libc.a(libc_a-lock.o)
                0x10007cb4                __retarget_lock_init_recursive
 .text.__retarget_lock_close_recursive
                0x10007cb8        0x4 /Applications/ArmGNUToolchain/13.2.Rel1/arm-none-eabi/bin/../lib/gcc/arm-none-eabi/13.2.1/../../../../arm-none-eabi/lib/thumb/v6-m/nofp/libc.a(libc_a-lock.o)
                0x10007cb8                __retarget_lock_close_recursive
 .text.__retarget_lock_acquire_recursive
                0x10007cbc        0x4 /Applications/ArmGNUToolchain/13.2.Rel1/arm-none-eabi/bin/../lib/gcc/arm-none-eabi/13.2.1/../../../../arm-none-eabi/lib/thumb/v6-m/nofp/libc.a(libc_a-lock.o)
                0x10007cbc                __retarget_lock_acquire_recursive
 .text.__retarget_lock_release_recursive
                0x10007cc0        0x4 /Applications/ArmGNUToolchain/13.2.Rel1/arm-none-eabi/bin/../lib/gcc/arm-none-eabi/13.2.1/../../../../arm-none-eabi/lib/thumb/v6-m/nofp/libc.a(libc_a-lock.o)
                0x10007cc0                __retarget_lock_release_recursive
 .text.strlen   0x10007cc4       0x5c /Applications/ArmGNUToolchain/13.2.Rel1/arm-none-eabi/bin/../lib/gcc/arm-none-eabi/13.2.1/../../../../arm-none-eabi/lib/thumb/v6-m/nofp/libc.a(libc_a-strlen-stub.o)
                0x10007cc4                strlen
 .text._malloc_trim_r
                0x10007d20       0xb4 /Applications/ArmGNUToolchain/13.2.Rel1/arm-none-eabi/bin/../lib/gcc/arm-none-eabi/13.2.1/../../../../arm-none-eabi/lib/thumb/v6-m/nofp/libc.a(libc_a-freer.o)
                0x10007d20                _malloc_trim_r
 .text._free_r  0x10007dd4      0x1d4 /Applications/ArmGNUToolchain/13.2.Rel1/arm-none-eabi/bin/../lib/gcc/arm-none-eabi/13.2.1/../../../../arm-none-eabi/lib/thumb/v6-m/nofp/libc.a(libc_a-freer.o)
                0x10007dd4                _free_r
 .text.__svfscanf_r
                0x10007fa8     0x1884 /Applications/ArmGNUToolchain/13.2.Rel1/arm-none-eabi/bin/../lib/gcc/arm-none-eabi/13.2.1/../../../../arm-none-eabi/lib/thumb/v6-m/nofp/libc.a(libc_a-vfscanf.o)
                0x10007fa8                __svfscanf_r
 .text._vfscanf_r
                0x1000982c       0x28 /Applications/ArmGNUToolchain/13.2.Rel1/arm-none-eabi/bin/../lib/gcc/arm-none-eabi/13.2.1/../../../../arm-none-eabi/lib/thumb/v6-m/nofp/libc.a(libc_a-vfscanf.o)
                0x1000982c                _vfscanf_r
 .text.__sccl   0x10009854       0x80 /Applications/ArmGNUToolchain/13.2.Rel1/arm-none-eabi/bin/../lib/gcc/arm-none-eabi/13.2.1/../../../../arm-none-eabi/lib/thumb/v6-m/nofp/libc.a(libc_a-sccl.o)
                0x10009854                __sccl
 .text.sulp     0x100098d4       0x30 /Applications/ArmGNUToolchain/13.2.Rel1/arm-none-eabi/bin/../lib/gcc/arm-none-eabi/13.2.1/../../../../arm-none-eabi/lib/thumb/v6-m/nofp/libc.a(libc_a-strtod.o)
 .text._strtod_l
                0x10009904      0xeb8 /Applications/ArmGNUToolchain/13.2.Rel1/arm-none-eabi/bin/../lib/gcc/arm-none-eabi/13.2.1/../../../../arm-none-eabi/lib/thumb/v6-m/nofp/libc.a(libc_a-strtod.o)
                0x10009904                _strtod_l
 .text._strtod_r
                0x1000a7bc       0x10 /Applications/ArmGNUToolchain/13.2.Rel1/arm-none-eabi/bin/../lib/gcc/arm-none-eabi/13.2.1/../../../../arm-none-eabi/lib/thumb/v6-m/nofp/libc.a(libc_a-strtod.o)
                0x1000a7bc                _strtod_r
 .text._strtoul_l.isra.0
                0x1000a7cc      0x144 /Applications/ArmGNUToolchain/13.2.Rel1/arm-none-eabi/bin/../lib/gcc/arm-none-eabi/13.2.1/../../../../arm-none-eabi/lib/thumb/v6-m/nofp/libc.a(libc_a-strtoul.o)
 .text._strtoul_r
                0x1000a910        0x8 /Applications/ArmGNUToolchain/13.2.Rel1/arm-none-eabi/bin/../lib/gcc/arm-none-eabi/13.2.1/../../../../arm-none-eabi/lib/thumb/v6-m/nofp/libc.a(libc_a-strtoul.o)
                0x1000a910                _strtoul_r
 .text.stdio_exit_handler
                0x1000a918       0x1c /Applications/ArmGNUToolchain/13.2.Rel1/arm-none-eabi/bin/../lib/gcc/arm-none-eabi/13.2.1/../../../../arm-none-eabi/lib/thumb/v6-m/nofp/libc.a(libc_a-findfp.o)
 .text.cleanup_stdio
                0x1000a934       0x3c /Applications/ArmGNUToolchain/13.2.Rel1/arm-none-eabi/bin/../lib/gcc/arm-none-eabi/13.2.1/../../../../arm-none-eabi/lib/thumb/v6-m/nofp/libc.a(libc_a-findfp.o)
 .text.global_stdio_init.part.0
                0x1000a970      0x118 /Applications/ArmGNUToolchain/13.2.Rel1/arm-none-eabi/bin/../lib/gcc/arm-none-eabi/13.2.1/../../../../arm-none-eabi/lib/thumb/v6-m/nofp/libc.a(libc_a-findfp.o)
 .text.__sinit  0x1000aa88       0x38 /Applications/ArmGNUToolchain/13.2.Rel1/arm-none-eabi/bin/../lib/gcc/arm-none-eabi/13.2.1/../../../../arm-none-eabi/lib/thumb/v6-m/nofp/libc.a(libc_a-findfp.o)
                0x1000aa88                __sinit
 .text.__sfp_lock_acquire
                0x1000aac0       0x10 /Applications/ArmGNUToolchain/13.2.Rel1/arm-none-eabi/bin/../lib/gcc/arm-none-eabi/13.2.1/../../../../arm-none-eabi/lib/thumb/v6-m/nofp/libc.a(libc_a-findfp.o)
                0x1000aac0                __sfp_lock_acquire
 .text.__sfp_lock_release
                0x1000aad0       0x10 /Applications/ArmGNUToolchain/13.2.Rel1/arm-none-eabi/bin/../lib/gcc/arm-none-eabi/13.2.1/../../../../arm-none-eabi/lib/thumb/v6-m/nofp/libc.a(libc_a-findfp.o)
                0x1000aad0                __sfp_lock_release
 .text.__submore
                0x1000aae0       0x84 /Applications/ArmGNUToolchain/13.2.Rel1/arm-none-eabi/bin/../lib/gcc/arm-none-eabi/13.2.1/../../../../arm-none-eabi/lib/thumb/v6-m/nofp/libc.a(libc_a-ungetc.o)
                0x1000aae0                __submore
 .text._ungetc_r
                0x1000ab64      0x144 /Applications/ArmGNUToolchain/13.2.Rel1/arm-none-eabi/bin/../lib/gcc/arm-none-eabi/13.2.1/../../../../arm-none-eabi/lib/thumb/v6-m/nofp/libc.a(libc_a-ungetc.o)
                0x1000ab64                _ungetc_r
 .text._fread_r
                0x1000aca8      0x1e8 /Applications/ArmGNUToolchain/13.2.Rel1/arm-none-eabi/bin/../lib/gcc/arm-none-eabi/13.2.1/../../../../arm-none-eabi/lib/thumb/v6-m/nofp/libc.a(libc_a-fread.o)
                0x1000aca8                _fread_r
 .text._fwalk_sglue
                0x1000ae90       0x44 /Applications/ArmGNUToolchain/13.2.Rel1/arm-none-eabi/bin/../lib/gcc/arm-none-eabi/13.2.1/../../../../arm-none-eabi/lib/thumb/v6-m/nofp/libc.a(libc_a-fwalk.o)
                0x1000ae90                _fwalk_sglue
 .text.strncmp  0x1000aed4       0x74 /Applications/ArmGNUToolchain/13.2.Rel1/arm-none-eabi/bin/../lib/gcc/arm-none-eabi/13.2.1/../../../../arm-none-eabi/lib/thumb/v6-m/nofp/libc.a(libc_a-strncmp.o)
                0x1000aed4                strncmp
 .text.stpncpy  0x1000af48       0x78 /Applications/ArmGNUToolchain/13.2.Rel1/arm-none-eabi/bin/../lib/gcc/arm-none-eabi/13.2.1/../../../../arm-none-eabi/lib/thumb/v6-m/nofp/libc.a(libc_a-stpncpy.o)
                0x1000af48                stpncpy
 .text.__locale_mb_cur_max
                0x1000afc0       0x10 /Applications/ArmGNUToolchain/13.2.Rel1/arm-none-eabi/bin/../lib/gcc/arm-none-eabi/13.2.1/../../../../arm-none-eabi/lib/thumb/v6-m/nofp/libc.a(libc_a-locale.o)
                0x1000afc0                __locale_mb_cur_max
 .text._localeconv_r
                0x1000afd0        0x8 /Applications/ArmGNUToolchain/13.2.Rel1/arm-none-eabi/bin/../lib/gcc/arm-none-eabi/13.2.1/../../../../arm-none-eabi/lib/thumb/v6-m/nofp/libc.a(libc_a-localeconv.o)
                0x1000afd0                _localeconv_r
 .text          0x1000afd8       0x88 /Applications/ArmGNUToolchain/13.2.Rel1/arm-none-eabi/bin/../lib/gcc/arm-none-eabi/13.2.1/../../../../arm-none-eabi/lib/thumb/v6-m/nofp/libc.a(libc_a-strcmp.o)
                0x1000afd8                strcmp
 .text._strtoll_l.isra.0
                0x1000b060      0x1a0 /Applications/ArmGNUToolchain/13.2.Rel1/arm-none-eabi/bin/../lib/gcc/arm-none-eabi/13.2.1/../../../../arm-none-eabi/lib/thumb/v6-m/nofp/libc.a(libc_a-strtoll.o)
 .text._strtoll_r
                0x1000b200        0x8 /Applications/ArmGNUToolchain/13.2.Rel1/arm-none-eabi/bin/../lib/gcc/arm-none-eabi/13.2.1/../../../../arm-none-eabi/lib/thumb/v6-m/nofp/libc.a(libc_a-strtoll.o)
                0x1000b200                _strtoll_r
 .text._strtoull_l.isra.0
                0x1000b208      0x1c4 /Applications/ArmGNUToolchain/13.2.Rel1/arm-none-eabi/bin/../lib/gcc/arm-none-eabi/13.2.1/../../../../arm-none-eabi/lib/thumb/v6-m/nofp/libc.a(libc_a-strtoull.o)
 .text._strtoull_r
                0x1000b3cc        0x8 /Applications/ArmGNUToolchain/13.2.Rel1/arm-none-eabi/bin/../lib/gcc/arm-none-eabi/13.2.1/../../../../arm-none-eabi/lib/thumb/v6-m/nofp/libc.a(libc_a-strtoull.o)
                0x1000b3cc                _strtoull_r
 .text._mbrtowc_r
                0x1000b3d4       0x54 /Applications/ArmGNUToolchain/13.2.Rel1/arm-none-eabi/bin/../lib/gcc/arm-none-eabi/13.2.1/../../../../arm-none-eabi/lib/thumb/v6-m/nofp/libc.a(libc_a-mbrtowc.o)
                0x1000b3d4                _mbrtowc_r
 .text.iswspace
                0x1000b428        0xc /Applications/ArmGNUToolchain/13.2.Rel1/arm-none-eabi/bin/../lib/gcc/arm-none-eabi/13.2.1/../../../../arm-none-eabi/lib/thumb/v6-m/nofp/libc.a(libc_a-iswspace.o)
                0x1000b428                iswspace
 .text.iswspace_l
                0x1000b434       0x24 /Applications/ArmGNUToolchain/13.2.Rel1/arm-none-eabi/bin/../lib/gcc/arm-none-eabi/13.2.1/../../../../arm-none-eabi/lib/thumb/v6-m/nofp/libc.a(libc_a-iswspace_l.o)
                0x1000b434                iswspace_l
 .text.nan      0x1000b458        0xc /Applications/ArmGNUToolchain/13.2.Rel1/arm-none-eabi/bin/../lib/gcc/arm-none-eabi/13.2.1/../../../../arm-none-eabi/lib/thumb/v6-m/nofp/libc.a(libm_a-s_nan.o)
                0x1000b458                nan
 .text.nanf     0x1000b464        0x8 /Applications/ArmGNUToolchain/13.2.Rel1/arm-none-eabi/bin/../lib/gcc/arm-none-eabi/13.2.1/../../../../arm-none-eabi/lib/thumb/v6-m/nofp/libc.a(libm_a-sf_nan.o)
                0x1000b464                nanf
 .text.__jp2uc  0x1000b46c      0x154 /Applications/ArmGNUToolchain/13.2.Rel1/arm-none-eabi/bin/../lib/gcc/arm-none-eabi/13.2.1/../../../../arm-none-eabi/lib/thumb/v6-m/nofp/libc.a(libc_a-jp2uc.o)
 .text._jp2uc_l
                0x1000b5c0       0x68 /Applications/ArmGNUToolchain/13.2.Rel1/arm-none-eabi/bin/../lib/gcc/arm-none-eabi/13.2.1/../../../../arm-none-eabi/lib/thumb/v6-m/nofp/libc.a(libc_a-jp2uc.o)
                0x1000b5c0                _jp2uc_l
 .text.category
                0x1000b628       0x54 /Applications/ArmGNUToolchain/13.2.Rel1/arm-none-eabi/bin/../lib/gcc/arm-none-eabi/13.2.1/../../../../arm-none-eabi/lib/thumb/v6-m/nofp/libc.a(libc_a-categories.o)
                0x1000b628                category
 .text.rshift   0x1000b67c       0xb0 /Applications/ArmGNUToolchain/13.2.Rel1/arm-none-eabi/bin/../lib/gcc/arm-none-eabi/13.2.1/../../../../arm-none-eabi/lib/thumb/v6-m/nofp/libc.a(libc_a-gdtoa-gethex.o)
 .text.__gethex
                0x1000b72c      0x5a8 /Applications/ArmGNUToolchain/13.2.Rel1/arm-none-eabi/bin/../lib/gcc/arm-none-eabi/13.2.1/../../../../arm-none-eabi/lib/thumb/v6-m/nofp/libc.a(libc_a-gdtoa-gethex.o)
                0x1000b72c                __gethex
 .text.__match  0x1000bcd4       0x2c /Applications/ArmGNUToolchain/13.2.Rel1/arm-none-eabi/bin/../lib/gcc/arm-none-eabi/13.2.1/../../../../arm-none-eabi/lib/thumb/v6-m/nofp/libc.a(libc_a-gdtoa-hexnan.o)
                0x1000bcd4                __match
 .text.__hexnan
                0x1000bd00      0x204 /Applications/ArmGNUToolchain/13.2.Rel1/arm-none-eabi/bin/../lib/gcc/arm-none-eabi/13.2.1/../../../../arm-none-eabi/lib/thumb/v6-m/nofp/libc.a(libc_a-gdtoa-hexnan.o)
                0x1000bd00                __hexnan
 .text.__ascii_mbtowc
                0x1000bf04       0x2c /Applications/ArmGNUToolchain/13.2.Rel1/arm-none-eabi/bin/../lib/gcc/arm-none-eabi/13.2.1/../../../../arm-none-eabi/lib/thumb/v6-m/nofp/libc.a(libc_a-mbtowc_r.o)
                0x1000bf04                __ascii_mbtowc
 .text._Balloc  0x1000bf30       0x50 /Applications/ArmGNUToolchain/13.2.Rel1/arm-none-eabi/bin/../lib/gcc/arm-none-eabi/13.2.1/../../../../arm-none-eabi/lib/thumb/v6-m/nofp/libc.a(libc_a-mprec.o)
                0x1000bf30                _Balloc
 .text._Bfree   0x1000bf80       0x14 /Applications/ArmGNUToolchain/13.2.Rel1/arm-none-eabi/bin/../lib/gcc/arm-none-eabi/13.2.1/../../../../arm-none-eabi/lib/thumb/v6-m/nofp/libc.a(libc_a-mprec.o)
                0x1000bf80                _Bfree
 .text.__multadd
                0x1000bf94       0xa8 /Applications/ArmGNUToolchain/13.2.Rel1/arm-none-eabi/bin/../lib/gcc/arm-none-eabi/13.2.1/../../../../arm-none-eabi/lib/thumb/v6-m/nofp/libc.a(libc_a-mprec.o)
                0x1000bf94                __multadd
 .text.__s2b    0x1000c03c       0xb0 /Applications/ArmGNUToolchain/13.2.Rel1/arm-none-eabi/bin/../lib/gcc/arm-none-eabi/13.2.1/../../../../arm-none-eabi/lib/thumb/v6-m/nofp/libc.a(libc_a-mprec.o)
                0x1000c03c                __s2b
 .text.__hi0bits
                0x1000c0ec       0x4c /Applications/ArmGNUToolchain/13.2.Rel1/arm-none-eabi/bin/../lib/gcc/arm-none-eabi/13.2.1/../../../../arm-none-eabi/lib/thumb/v6-m/nofp/libc.a(libc_a-mprec.o)
                0x1000c0ec                __hi0bits
 .text.__lo0bits
                0x1000c138       0x5c /Applications/ArmGNUToolchain/13.2.Rel1/arm-none-eabi/bin/../lib/gcc/arm-none-eabi/13.2.1/../../../../arm-none-eabi/lib/thumb/v6-m/nofp/libc.a(libc_a-mprec.o)
                0x1000c138                __lo0bits
 .text.__i2b    0x1000c194       0x60 /Applications/ArmGNUToolchain/13.2.Rel1/arm-none-eabi/bin/../lib/gcc/arm-none-eabi/13.2.1/../../../../arm-none-eabi/lib/thumb/v6-m/nofp/libc.a(libc_a-mprec.o)
                0x1000c194                __i2b
 .text.__multiply
                0x1000c1f4      0x1ac /Applications/ArmGNUToolchain/13.2.Rel1/arm-none-eabi/bin/../lib/gcc/arm-none-eabi/13.2.1/../../../../arm-none-eabi/lib/thumb/v6-m/nofp/libc.a(libc_a-mprec.o)
                0x1000c1f4                __multiply
 .text.__pow5mult
                0x1000c3a0       0xd0 /Applications/ArmGNUToolchain/13.2.Rel1/arm-none-eabi/bin/../lib/gcc/arm-none-eabi/13.2.1/../../../../arm-none-eabi/lib/thumb/v6-m/nofp/libc.a(libc_a-mprec.o)
                0x1000c3a0                __pow5mult
 .text.__lshift
                0x1000c470       0xfc /Applications/ArmGNUToolchain/13.2.Rel1/arm-none-eabi/bin/../lib/gcc/arm-none-eabi/13.2.1/../../../../arm-none-eabi/lib/thumb/v6-m/nofp/libc.a(libc_a-mprec.o)
                0x1000c470                __lshift
 .text.__mcmp   0x1000c56c       0x3c /Applications/ArmGNUToolchain/13.2.Rel1/arm-none-eabi/bin/../lib/gcc/arm-none-eabi/13.2.1/../../../../arm-none-eabi/lib/thumb/v6-m/nofp/libc.a(libc_a-mprec.o)
                0x1000c56c                __mcmp
 .text.__mdiff  0x1000c5a8      0x1b4 /Applications/ArmGNUToolchain/13.2.Rel1/arm-none-eabi/bin/../lib/gcc/arm-none-eabi/13.2.1/../../../../arm-none-eabi/lib/thumb/v6-m/nofp/libc.a(libc_a-mprec.o)
                0x1000c5a8                __mdiff
 .text.__ulp    0x1000c75c       0x40 /Applications/ArmGNUToolchain/13.2.Rel1/arm-none-eabi/bin/../lib/gcc/arm-none-eabi/13.2.1/../../../../arm-none-eabi/lib/thumb/v6-m/nofp/libc.a(libc_a-mprec.o)
                0x1000c75c                __ulp
 .text.__b2d    0x1000c79c       0xb8 /Applications/ArmGNUToolchain/13.2.Rel1/arm-none-eabi/bin/../lib/gcc/arm-none-eabi/13.2.1/../../../../arm-none-eabi/lib/thumb/v6-m/nofp/libc.a(libc_a-mprec.o)
                0x1000c79c                __b2d
 .text.__d2b    0x1000c854       0xcc /Applications/ArmGNUToolchain/13.2.Rel1/arm-none-eabi/bin/../lib/gcc/arm-none-eabi/13.2.1/../../../../arm-none-eabi/lib/thumb/v6-m/nofp/libc.a(libc_a-mprec.o)
                0x1000c854                __d2b
 .text.__ratio  0x1000c920       0x68 /Applications/ArmGNUToolchain/13.2.Rel1/arm-none-eabi/bin/../lib/gcc/arm-none-eabi/13.2.1/../../../../arm-none-eabi/lib/thumb/v6-m/nofp/libc.a(libc_a-mprec.o)
                0x1000c920                __ratio
 .text.__copybits
                0x1000c988       0x40 /Applications/ArmGNUToolchain/13.2.Rel1/arm-none-eabi/bin/../lib/gcc/arm-none-eabi/13.2.1/../../../../arm-none-eabi/lib/thumb/v6-m/nofp/libc.a(libc_a-mprec.o)
                0x1000c988                __copybits
 .text.__any_on
                0x1000c9c8       0x4c /Applications/ArmGNUToolchain/13.2.Rel1/arm-none-eabi/bin/../lib/gcc/arm-none-eabi/13.2.1/../../../../arm-none-eabi/lib/thumb/v6-m/nofp/libc.a(libc_a-mprec.o)
                0x1000c9c8                __any_on
 .text.lflush   0x1000ca14       0x20 /Applications/ArmGNUToolchain/13.2.Rel1/arm-none-eabi/bin/../lib/gcc/arm-none-eabi/13.2.1/../../../../arm-none-eabi/lib/thumb/v6-m/nofp/libc.a(libc_a-refill.o)
 .text.__srefill_r
                0x1000ca34      0x118 /Applications/ArmGNUToolchain/13.2.Rel1/arm-none-eabi/bin/../lib/gcc/arm-none-eabi/13.2.1/../../../../arm-none-eabi/lib/thumb/v6-m/nofp/libc.a(libc_a-refill.o)
                0x1000ca34                __srefill_r
 .text._fclose_r
                0x1000cb4c       0xd0 /Applications/ArmGNUToolchain/13.2.Rel1/arm-none-eabi/bin/../lib/gcc/arm-none-eabi/13.2.1/../../../../arm-none-eabi/lib/thumb/v6-m/nofp/libc.a(libc_a-fclose.o)
                0x1000cb4c                _fclose_r
 .text.__sflush_r
                0x1000cc1c      0x148 /Applications/ArmGNUToolchain/13.2.Rel1/arm-none-eabi/bin/../lib/gcc/arm-none-eabi/13.2.1/../../../../arm-none-eabi/lib/thumb/v6-m/nofp/libc.a(libc_a-fflush.o)
                0x1000cc1c                __sflush_r
 .text._fflush_r
                0x1000cd64       0x68 /Applications/ArmGNUToolchain/13.2.Rel1/arm-none-eabi/bin/../lib/gcc/arm-none-eabi/13.2.1/../../../../arm-none-eabi/lib/thumb/v6-m/nofp/libc.a(libc_a-fflush.o)
                0x1000cd64                _fflush_r
 .text.__sread  0x1000cdcc       0x28 /Applications/ArmGNUToolchain/13.2.Rel1/arm-none-eabi/bin/../lib/gcc/arm-none-eabi/13.2.1/../../../../arm-none-eabi/lib/thumb/v6-m/nofp/libc.a(libc_a-stdio.o)
                0x1000cdcc                __sread
 .text.__swrite
                0x1000cdf4       0x40 /Applications/ArmGNUToolchain/13.2.Rel1/arm-none-eabi/bin/../lib/gcc/arm-none-eabi/13.2.1/../../../../arm-none-eabi/lib/thumb/v6-m/nofp/libc.a(libc_a-stdio.o)
                0x1000cdf4                __swrite
 .text.__sseek  0x1000ce34       0x30 /Applications/ArmGNUToolchain/13.2.Rel1/arm-none-eabi/bin/../lib/gcc/arm-none-eabi/13.2.1/../../../../arm-none-eabi/lib/thumb/v6-m/nofp/libc.a(libc_a-stdio.o)
                0x1000ce34                __sseek
 .text.__sclose
                0x1000ce64        0xc /Applications/ArmGNUToolchain/13.2.Rel1/arm-none-eabi/bin/../lib/gcc/arm-none-eabi/13.2.1/../../../../arm-none-eabi/lib/thumb/v6-m/nofp/libc.a(libc_a-stdio.o)
                0x1000ce64                __sclose
 .text.__ascii_wctomb
                0x1000ce70       0x1c /Applications/ArmGNUToolchain/13.2.Rel1/arm-none-eabi/bin/../lib/gcc/arm-none-eabi/13.2.1/../../../../arm-none-eabi/lib/thumb/v6-m/nofp/libc.a(libc_a-wctomb_r.o)
                0x1000ce70                __ascii_wctomb
 .text._close_r
                0x1000ce8c       0x24 /Applications/ArmGNUToolchain/13.2.Rel1/arm-none-eabi/bin/../lib/gcc/arm-none-eabi/13.2.1/../../../../arm-none-eabi/lib/thumb/v6-m/nofp/libc.a(libc_a-closer.o)
                0x1000ce8c                _close_r
 .text._lseek_r
                0x1000ceb0       0x28 /Applications/ArmGNUToolchain/13.2.Rel1/arm-none-eabi/bin/../lib/gcc/arm-none-eabi/13.2.1/../../../../arm-none-eabi/lib/thumb/v6-m/nofp/libc.a(libc_a-lseekr.o)
                0x1000ceb0                _lseek_r
 .text._read_r  0x1000ced8       0x28 /Applications/ArmGNUToolchain/13.2.Rel1/arm-none-eabi/bin/../lib/gcc/arm-none-eabi/13.2.1/../../../../arm-none-eabi/lib/thumb/v6-m/nofp/libc.a(libc_a-readr.o)
                0x1000ced8                _read_r
 .text._write_r
                0x1000cf00       0x28 /Applications/ArmGNUToolchain/13.2.Rel1/arm-none-eabi/bin/../lib/gcc/arm-none-eabi/13.2.1/../../../../arm-none-eabi/lib/thumb/v6-m/nofp/libc.a(libc_a-writer.o)
                0x1000cf00                _write_r
 .text.__smakebuf_r
                0x1000cf28       0xe0 /Applications/ArmGNUToolchain/13.2.Rel1/arm-none-eabi/bin/../lib/gcc/arm-none-eabi/13.2.1/../../../../arm-none-eabi/lib/thumb/v6-m/nofp/libc.a(libc_a-makebuf.o)
                0x1000cf28                __smakebuf_r
 .text._fstat_r
                0x1000d008       0x28 /Applications/ArmGNUToolchain/13.2.Rel1/arm-none-eabi/bin/../lib/gcc/arm-none-eabi/13.2.1/../../../../arm-none-eabi/lib/thumb/v6-m/nofp/libc.a(libc_a-fstatr.o)
                0x1000d008                _fstat_r
 .text._isatty_r
                0x1000d030       0x24 /Applications/ArmGNUToolchain/13.2.Rel1/arm-none-eabi/bin/../lib/gcc/arm-none-eabi/13.2.1/../../../../arm-none-eabi/lib/thumb/v6-m/nofp/libc.a(libc_a-isattyr.o)
                0x1000d030                _isatty_r
 *(.fini)
 .fini          0x1000d054        0x4 /Applications/ArmGNUToolchain/13.2.Rel1/arm-none-eabi/bin/../lib/gcc/arm-none-eabi/13.2.1/thumb/v6-m/nofp/crti.o
                0x1000d054                _fini
 .fini.__stub   0x1000d058       0xc0 linker stubs
 *crtbegin.o(.ctors)
 *crtbegin?.o(.ctors)
 *(EXCLUDE_FILE(*crtend.o *crtend?.o) .ctors)
 *(SORT_BY_NAME(.ctors.*))
 *(.ctors)
 *crtbegin.o(.dtors)
 *crtbegin?.o(.dtors)
 *(EXCLUDE_FILE(*crtend.o *crtend?.o) .dtors)
 *(SORT_BY_NAME(.dtors.*))
 *(.dtors)
 *(.eh_frame*)
 .eh_frame      0x1000d118        0x0 /Applications/ArmGNUToolchain/13.2.Rel1/arm-none-eabi/bin/../lib/gcc/arm-none-eabi/13.2.1/thumb/v6-m/nofp/crtbegin.o
                0x1000d118                        . = ALIGN (0x4)

.glue_7         0x1000d118        0x0
 .glue_7        0x1000d118        0x0 linker stubs

.glue_7t        0x1000d118        0x0
 .glue_7t       0x1000d118        0x0 linker stubs

.vfp11_veneer   0x1000d118        0x0
 .vfp11_veneer  0x1000d118        0x0 linker stubs

.v4_bx          0x1000d118        0x0
 .v4_bx         0x1000d118        0x0 linker stubs

.iplt           0x1000d118        0x0
 .iplt          0x1000d118        0x0 /Applications/ArmGNUToolchain/13.2.Rel1/arm-none-eabi/bin/../lib/gcc/arm-none-eabi/13.2.1/thumb/v6-m/nofp/crtbegin.o

.rodata         0x1000d118     0x79d8
 *(EXCLUDE_FILE(*libm.a: *libc.a:*lib_a-mem*.o *libgcc.a:) .rodata*)
 .rodata.main.str1.4
                0x1000d118      0x38a CMakeFiles/CDC_comm.dir/CDC_comm.c.obj
                                 0x67 (size before relaxing)
 .rodata.spin_lock_claim_unused.str1.4
                0x1000d4a2       0x1b CMakeFiles/CDC_comm.dir/Users/alazartegegnework/me433/Pico/pico-sdk/src/rp2_common/hardware_sync/sync.c.obj
 .rodata.user_irq_claim_unused.str1.4
                0x1000d4a2       0x1b CMakeFiles/CDC_comm.dir/Users/alazartegegnework/me433/Pico/pico-sdk/src/rp2_common/hardware_irq/irq.c.obj
 *fill*         0x1000d4a2        0x6 
 .rodata.at_the_end_of_time
                0x1000d4a8        0x8 CMakeFiles/CDC_comm.dir/Users/alazartegegnework/me433/Pico/pico-sdk/src/common/pico_time/time.c.obj
                0x1000d4a8                at_the_end_of_time
 .rodata.hardware_alarm_claim.str1.4
                0x1000d4b0       0x22 CMakeFiles/CDC_comm.dir/Users/alazartegegnework/me433/Pico/pico-sdk/src/rp2_common/hardware_timer/timer.c.obj
 .rodata.__assert_func.str1.4
                0x1000d4b0       0x43 CMakeFiles/CDC_comm.dir/Users/alazartegegnework/me433/Pico/pico-sdk/src/rp2_common/pico_runtime/runtime.c.obj
 .rodata.panic.str1.4
                0x1000d4b0       0x12 CMakeFiles/CDC_comm.dir/Users/alazartegegnework/me433/Pico/pico-sdk/src/rp2_common/pico_runtime/runtime.c.obj
 .rodata.hard_assertion_failure.str1.4
                0x1000d4b0        0xc CMakeFiles/CDC_comm.dir/Users/alazartegegnework/me433/Pico/pico-sdk/src/rp2_common/pico_runtime/runtime.c.obj
 .rodata._ftoa.str1.4
                0x1000d4b0       0x15 CMakeFiles/CDC_comm.dir/Users/alazartegegnework/me433/Pico/pico-sdk/src/rp2_common/pico_printf/printf.c.obj
 .rodata._vsnprintf
                0x1000d4b0      0x19c CMakeFiles/CDC_comm.dir/Users/alazartegegnework/me433/Pico/pico-sdk/src/rp2_common/pico_printf/printf.c.obj
 *fill*         0x1000d64c        0x4 
 .rodata.pow10.0
                0x1000d650       0x50 CMakeFiles/CDC_comm.dir/Users/alazartegegnework/me433/Pico/pico-sdk/src/rp2_common/pico_printf/printf.c.obj
 .rodata.__wrap_malloc.str1.4
                0x1000d6a0        0xe CMakeFiles/CDC_comm.dir/Users/alazartegegnework/me433/Pico/pico-sdk/src/rp2_common/pico_malloc/pico_malloc.c.obj
 .rodata.str1.4
                0x1000d6a0       0x40 CMakeFiles/CDC_comm.dir/Users/alazartegegnework/me433/Pico/pico-sdk/src/rp2_common/pico_standard_link/binary_info.c.obj
 .rodata.__bi_81
                0x1000d6a0        0xc CMakeFiles/CDC_comm.dir/Users/alazartegegnework/me433/Pico/pico-sdk/src/rp2_common/pico_standard_link/binary_info.c.obj
 .rodata.__bi_75
                0x1000d6ac        0xc CMakeFiles/CDC_comm.dir/Users/alazartegegnework/me433/Pico/pico-sdk/src/rp2_common/pico_standard_link/binary_info.c.obj
 .rodata.__bi_44
                0x1000d6b8        0xc CMakeFiles/CDC_comm.dir/Users/alazartegegnework/me433/Pico/pico-sdk/src/rp2_common/pico_standard_link/binary_info.c.obj
 .rodata.crlf_str.0
                0x1000d6c4        0x2 CMakeFiles/CDC_comm.dir/Users/alazartegegnework/me433/Pico/pico-sdk/src/rp2_common/pico_stdio/stdio.c.obj
 *fill*         0x1000d6c6        0x2 
 .rodata._resetd_driver
                0x1000d6c8       0x18 CMakeFiles/CDC_comm.dir/Users/alazartegegnework/me433/Pico/pico-sdk/src/rp2_common/pico_stdio_usb/reset_interface.c.obj
 .rodata.str1.4
                0x1000d6e0       0x13 CMakeFiles/CDC_comm.dir/Users/alazartegegnework/me433/Pico/pico-sdk/src/rp2_common/pico_stdio_usb/stdio_usb.c.obj
 .rodata.__bi_182.0
                0x1000d6e0        0xc CMakeFiles/CDC_comm.dir/Users/alazartegegnework/me433/Pico/pico-sdk/src/rp2_common/pico_stdio_usb/stdio_usb.c.obj
 .rodata.str1.4
                0x1000d6ec       0x2a CMakeFiles/CDC_comm.dir/Users/alazartegegnework/me433/Pico/pico-sdk/src/rp2_common/pico_stdio_usb/stdio_usb_descriptors.c.obj
 .rodata.usbd_desc_str
                0x1000d6ec       0x18 CMakeFiles/CDC_comm.dir/Users/alazartegegnework/me433/Pico/pico-sdk/src/rp2_common/pico_stdio_usb/stdio_usb_descriptors.c.obj
 .rodata.usbd_desc_cfg
                0x1000d704       0x54 CMakeFiles/CDC_comm.dir/Users/alazartegegnework/me433/Pico/pico-sdk/src/rp2_common/pico_stdio_usb/stdio_usb_descriptors.c.obj
 .rodata.usbd_desc_device
                0x1000d758       0x12 CMakeFiles/CDC_comm.dir/Users/alazartegegnework/me433/Pico/pico-sdk/src/rp2_common/pico_stdio_usb/stdio_usb_descriptors.c.obj
 .rodata.str1.4
                0x1000d76a       0x14 CMakeFiles/CDC_comm.dir/Users/alazartegegnework/me433/Pico/pico-sdk/lib/tinyusb/src/portable/raspberrypi/rp2040/dcd_rp2040.c.obj
 .rodata.str1.4
                0x1000d76a       0x53 CMakeFiles/CDC_comm.dir/Users/alazartegegnework/me433/Pico/pico-sdk/lib/tinyusb/src/portable/raspberrypi/rp2040/rp2040_usb.c.obj
 *fill*         0x1000d76a        0x2 
 .rodata.tud_task_ext
                0x1000d76c       0x8c CMakeFiles/CDC_comm.dir/Users/alazartegegnework/me433/Pico/pico-sdk/lib/tinyusb/src/device/usbd.c.obj
 .rodata._usbd_driver
                0x1000d7f8       0x18 CMakeFiles/CDC_comm.dir/Users/alazartegegnework/me433/Pico/pico-sdk/lib/tinyusb/src/device/usbd.c.obj
 .rodata._ctype_
                0x1000d810      0x101 /Applications/ArmGNUToolchain/13.2.Rel1/arm-none-eabi/bin/../lib/gcc/arm-none-eabi/13.2.1/../../../../arm-none-eabi/lib/thumb/v6-m/nofp/libc.a(libc_a-ctype_.o)
                0x1000d810                _ctype_
 .rodata.__svfscanf_r.str1.4
                0x1000d911        0x9 /Applications/ArmGNUToolchain/13.2.Rel1/arm-none-eabi/bin/../lib/gcc/arm-none-eabi/13.2.1/../../../../arm-none-eabi/lib/thumb/v6-m/nofp/libc.a(libc_a-vfscanf.o)
 *fill*         0x1000d911        0x3 
 .rodata.__svfscanf_r
                0x1000d914      0x3cc /Applications/ArmGNUToolchain/13.2.Rel1/arm-none-eabi/bin/../lib/gcc/arm-none-eabi/13.2.1/../../../../arm-none-eabi/lib/thumb/v6-m/nofp/libc.a(libc_a-vfscanf.o)
 .rodata.basefix.0
                0x1000dce0       0x22 /Applications/ArmGNUToolchain/13.2.Rel1/arm-none-eabi/bin/../lib/gcc/arm-none-eabi/13.2.1/../../../../arm-none-eabi/lib/thumb/v6-m/nofp/libc.a(libc_a-vfscanf.o)
 .rodata._strtod_l.str1.4
                0x1000dd02       0x15 /Applications/ArmGNUToolchain/13.2.Rel1/arm-none-eabi/bin/../lib/gcc/arm-none-eabi/13.2.1/../../../../arm-none-eabi/lib/thumb/v6-m/nofp/libc.a(libc_a-strtod.o)
 *fill*         0x1000dd02        0x2 
 .rodata._strtod_l
                0x1000dd04       0xd0 /Applications/ArmGNUToolchain/13.2.Rel1/arm-none-eabi/bin/../lib/gcc/arm-none-eabi/13.2.1/../../../../arm-none-eabi/lib/thumb/v6-m/nofp/libc.a(libc_a-strtod.o)
 .rodata.fpinan.0
                0x1000ddd4       0x14 /Applications/ArmGNUToolchain/13.2.Rel1/arm-none-eabi/bin/../lib/gcc/arm-none-eabi/13.2.1/../../../../arm-none-eabi/lib/thumb/v6-m/nofp/libc.a(libc_a-strtod.o)
 .rodata.fpi.1  0x1000dde8       0x14 /Applications/ArmGNUToolchain/13.2.Rel1/arm-none-eabi/bin/../lib/gcc/arm-none-eabi/13.2.1/../../../../arm-none-eabi/lib/thumb/v6-m/nofp/libc.a(libc_a-strtod.o)
 *fill*         0x1000ddfc        0x4 
 .rodata.tinytens
                0x1000de00       0x28 /Applications/ArmGNUToolchain/13.2.Rel1/arm-none-eabi/bin/../lib/gcc/arm-none-eabi/13.2.1/../../../../arm-none-eabi/lib/thumb/v6-m/nofp/libc.a(libc_a-strtod.o)
 .rodata.str1.4
                0x1000de28       0x4c /Applications/ArmGNUToolchain/13.2.Rel1/arm-none-eabi/bin/../lib/gcc/arm-none-eabi/13.2.1/../../../../arm-none-eabi/lib/thumb/v6-m/nofp/libc.a(libc_a-locale.o)
 .rodata._mbrtowc_r.str1.4
                0x1000de28        0x1 /Applications/ArmGNUToolchain/13.2.Rel1/arm-none-eabi/bin/../lib/gcc/arm-none-eabi/13.2.1/../../../../arm-none-eabi/lib/thumb/v6-m/nofp/libc.a(libc_a-mbrtowc.o)
 .rodata.__jp2uc
                0x1000de28       0x20 /Applications/ArmGNUToolchain/13.2.Rel1/arm-none-eabi/bin/../lib/gcc/arm-none-eabi/13.2.1/../../../../arm-none-eabi/lib/thumb/v6-m/nofp/libc.a(libc_a-jp2uc.o)
 .rodata._jp2uc_l.str1.4
                0x1000de48       0x12 /Applications/ArmGNUToolchain/13.2.Rel1/arm-none-eabi/bin/../lib/gcc/arm-none-eabi/13.2.1/../../../../arm-none-eabi/lib/thumb/v6-m/nofp/libc.a(libc_a-jp2uc.o)
 .rodata.d02f4  0x1000de48     0x1a7c /Applications/ArmGNUToolchain/13.2.Rel1/arm-none-eabi/bin/../lib/gcc/arm-none-eabi/13.2.1/../../../../arm-none-eabi/lib/thumb/v6-m/nofp/libc.a(libc_a-jp2uc.o)
 .rodata.b02cf  0x1000f8c4     0x172a /Applications/ArmGNUToolchain/13.2.Rel1/arm-none-eabi/bin/../lib/gcc/arm-none-eabi/13.2.1/../../../../arm-none-eabi/lib/thumb/v6-m/nofp/libc.a(libc_a-jp2uc.o)
 *fill*         0x10010fee        0x2 
 .rodata.a8     0x10010ff0       0x40 /Applications/ArmGNUToolchain/13.2.Rel1/arm-none-eabi/bin/../lib/gcc/arm-none-eabi/13.2.1/../../../../arm-none-eabi/lib/thumb/v6-m/nofp/libc.a(libc_a-jp2uc.o)
 .rodata.a7     0x10011030       0xa2 /Applications/ArmGNUToolchain/13.2.Rel1/arm-none-eabi/bin/../lib/gcc/arm-none-eabi/13.2.1/../../../../arm-none-eabi/lib/thumb/v6-m/nofp/libc.a(libc_a-jp2uc.o)
 *fill*         0x100110d2        0x2 
 .rodata.a6     0x100110d4       0x70 /Applications/ArmGNUToolchain/13.2.Rel1/arm-none-eabi/bin/../lib/gcc/arm-none-eabi/13.2.1/../../../../arm-none-eabi/lib/thumb/v6-m/nofp/libc.a(libc_a-jp2uc.o)
 .rodata.a3     0x10011144       0x5b /Applications/ArmGNUToolchain/13.2.Rel1/arm-none-eabi/bin/../lib/gcc/arm-none-eabi/13.2.1/../../../../arm-none-eabi/lib/thumb/v6-m/nofp/libc.a(libc_a-jp2uc.o)
 *fill*         0x1001119f        0x1 
 .rodata.a2     0x100111a0       0xbc /Applications/ArmGNUToolchain/13.2.Rel1/arm-none-eabi/bin/../lib/gcc/arm-none-eabi/13.2.1/../../../../arm-none-eabi/lib/thumb/v6-m/nofp/libc.a(libc_a-jp2uc.o)
 .rodata.a1     0x1001125c       0xbc /Applications/ArmGNUToolchain/13.2.Rel1/arm-none-eabi/bin/../lib/gcc/arm-none-eabi/13.2.1/../../../../arm-none-eabi/lib/thumb/v6-m/nofp/libc.a(libc_a-jp2uc.o)
 .rodata.categories
                0x10011318     0x35dc /Applications/ArmGNUToolchain/13.2.Rel1/arm-none-eabi/bin/../lib/gcc/arm-none-eabi/13.2.1/../../../../arm-none-eabi/lib/thumb/v6-m/nofp/libc.a(libc_a-categories.o)
 .rodata.__gethex.str1.4
                0x100148f4       0x81 /Applications/ArmGNUToolchain/13.2.Rel1/arm-none-eabi/bin/../lib/gcc/arm-none-eabi/13.2.1/../../../../arm-none-eabi/lib/thumb/v6-m/nofp/libc.a(libc_a-gdtoa-gethex.o)
 .rodata.__hexdig
                0x100148f4      0x100 /Applications/ArmGNUToolchain/13.2.Rel1/arm-none-eabi/bin/../lib/gcc/arm-none-eabi/13.2.1/../../../../arm-none-eabi/lib/thumb/v6-m/nofp/libc.a(libc_a-gdtoa-gethex.o)
                0x100148f4                __hexdig
 .rodata.__multadd.str1.4
                0x100149f4       0x76 /Applications/ArmGNUToolchain/13.2.Rel1/arm-none-eabi/bin/../lib/gcc/arm-none-eabi/13.2.1/../../../../arm-none-eabi/lib/thumb/v6-m/nofp/libc.a(libc_a-mprec.o)
 .rodata.p05.0  0x100149f4        0xc /Applications/ArmGNUToolchain/13.2.Rel1/arm-none-eabi/bin/../lib/gcc/arm-none-eabi/13.2.1/../../../../arm-none-eabi/lib/thumb/v6-m/nofp/libc.a(libc_a-mprec.o)
 .rodata.__mprec_bigtens
                0x10014a00       0x28 /Applications/ArmGNUToolchain/13.2.Rel1/arm-none-eabi/bin/../lib/gcc/arm-none-eabi/13.2.1/../../../../arm-none-eabi/lib/thumb/v6-m/nofp/libc.a(libc_a-mprec.o)
                0x10014a00                __mprec_bigtens
 .rodata.__mprec_tens
                0x10014a28       0xc8 /Applications/ArmGNUToolchain/13.2.Rel1/arm-none-eabi/bin/../lib/gcc/arm-none-eabi/13.2.1/../../../../arm-none-eabi/lib/thumb/v6-m/nofp/libc.a(libc_a-mprec.o)
                0x10014a28                __mprec_tens